*** Using Compiler 'V5.06 update 7 (build 960)', folder: 'E:\keil_v5\ARM\Version5.06\Bin'
Rebuild target 'MecanumJog'
Note: source file '.\jog_can.c' - object file renamed from '.\Objects\can.o' to '.\Objects\can.o'.assembling startup_stm32f40_41xxx.s...
compiling board.c...
..\..\yyb_stm32\LED\LED.h(10): warning:  #1-D: last line of file ends without a newline
  #endif
..\..\yyb_stm32\can_ZDT\board.c: 1 warning, 0 errors
compiling stm32f4xx_can.c...
compiling stm32f4xx_tim.c...
compiling Emm_V5.c...
compiling misc.c...
compiling delay.c...
..\..\yyb_stm32\SYSTEM\delay\delay.c(272): warning:  #940-D: missing return statement at end of non-void function "wait_ms" 
  }
..\..\yyb_stm32\SYSTEM\delay\delay.c: 1 warning, 0 errors
compiling can.c...
compiling system_stm32f4xx.c...
compiling stm32f4xx_usart.c...
compiling stm32f4xx_gpio.c...
compiling stm32f4xx_rcc.c...
compiling main.c...
linking...
Program Size: Code=26312 RO-data=956 RW-data=176 ZI-data=1736  
FromELF: creating hex file...
".\Objects\MecanumJog.axf" - 0 Error(s), 2 Warning(s).
Build Time Elapsed:  00:00:03
