Archive member included to satisfy reference by file (symbol)

C:/Program Files/DevEnv/DevEnv/GNU-tools-for-STM32/bin/../lib/gcc/arm-none-eabi/13.3.1/../../../../arm-none-eabi/lib/thumb/v7e-m+fp/hard\libm.a(libm_a-sf_lround.o)
                              D:\Workspace\gongchuang\stationary_transfer\build\transfer.o (lroundf)
C:/Program Files/DevEnv/DevEnv/GNU-tools-for-STM32/bin/../lib/gcc/arm-none-eabi/13.3.1/thumb/v7e-m+fp/hard\libgcc.a(_arm_addsubdf3.o)
                              D:\Workspace\gongchuang\stationary_transfer\build\main.o (__aeabi_f2d)
C:/Program Files/DevEnv/DevEnv/GNU-tools-for-STM32/bin/../lib/gcc/arm-none-eabi/13.3.1/../../../../arm-none-eabi/lib/thumb/v7e-m+fp/hard\libg_nano.a(libc_a-nano-vfprintf_float.o)
                              (_printf_float)
C:/Program Files/DevEnv/DevEnv/GNU-tools-for-STM32/bin/../lib/gcc/arm-none-eabi/13.3.1/../../../../arm-none-eabi/lib/thumb/v7e-m+fp/hard\libg_nano.a(libc_a-nano-vfprintf_i.o)
                              C:/Program Files/DevEnv/DevEnv/GNU-tools-for-STM32/bin/../lib/gcc/arm-none-eabi/13.3.1/../../../../arm-none-eabi/lib/thumb/v7e-m+fp/hard\libg_nano.a(libc_a-nano-vfprintf_float.o) (_printf_common)
C:/Program Files/DevEnv/DevEnv/GNU-tools-for-STM32/bin/../lib/gcc/arm-none-eabi/13.3.1/../../../../arm-none-eabi/lib/thumb/v7e-m+fp/hard\libg_nano.a(libc_a-nano-vfscanf_float.o)
                              (_scanf_float)
C:/Program Files/DevEnv/DevEnv/GNU-tools-for-STM32/bin/../lib/gcc/arm-none-eabi/13.3.1/../../../../arm-none-eabi/lib/thumb/v7e-m+fp/hard\libg_nano.a(libc_a-snprintf.o)
                              D:\Workspace\gongchuang\stationary_transfer\build\main.o (snprintf)
C:/Program Files/DevEnv/DevEnv/GNU-tools-for-STM32/bin/../lib/gcc/arm-none-eabi/13.3.1/../../../../arm-none-eabi/lib/thumb/v7e-m+fp/hard\libg_nano.a(libc_a-sprintf.o)
                              C:/Program Files/DevEnv/DevEnv/GNU-tools-for-STM32/bin/../lib/gcc/arm-none-eabi/13.3.1/../../../../arm-none-eabi/lib/thumb/v7e-m+fp/hard\libg_nano.a(libc_a-nano-vfscanf_float.o) (sprintf)
C:/Program Files/DevEnv/DevEnv/GNU-tools-for-STM32/bin/../lib/gcc/arm-none-eabi/13.3.1/../../../../arm-none-eabi/lib/thumb/v7e-m+fp/hard\libg_nano.a(libc_a-sscanf.o)
                              D:\Workspace\gongchuang\stationary_transfer\build\main.o (sscanf)
C:/Program Files/DevEnv/DevEnv/GNU-tools-for-STM32/bin/../lib/gcc/arm-none-eabi/13.3.1/../../../../arm-none-eabi/lib/thumb/v7e-m+fp/hard\libg_nano.a(libc_a-stdio.o)
                              C:/Program Files/DevEnv/DevEnv/GNU-tools-for-STM32/bin/../lib/gcc/arm-none-eabi/13.3.1/../../../../arm-none-eabi/lib/thumb/v7e-m+fp/hard\libg_nano.a(libc_a-sscanf.o) (__seofread)
C:/Program Files/DevEnv/DevEnv/GNU-tools-for-STM32/bin/../lib/gcc/arm-none-eabi/13.3.1/../../../../arm-none-eabi/lib/thumb/v7e-m+fp/hard\libg_nano.a(libc_a-memmove.o)
                              D:\Workspace\gongchuang\stationary_transfer\build\protocol.o (memmove)
C:/Program Files/DevEnv/DevEnv/GNU-tools-for-STM32/bin/../lib/gcc/arm-none-eabi/13.3.1/../../../../arm-none-eabi/lib/thumb/v7e-m+fp/hard\libg_nano.a(libc_a-memset.o)
                              D:\Workspace\gongchuang\stationary_transfer\build\main.o (memset)
C:/Program Files/DevEnv/DevEnv/GNU-tools-for-STM32/bin/../lib/gcc/arm-none-eabi/13.3.1/../../../../arm-none-eabi/lib/thumb/v7e-m+fp/hard\libg_nano.a(libc_a-localeconv.o)
                              C:/Program Files/DevEnv/DevEnv/GNU-tools-for-STM32/bin/../lib/gcc/arm-none-eabi/13.3.1/../../../../arm-none-eabi/lib/thumb/v7e-m+fp/hard\libg_nano.a(libc_a-nano-vfprintf_float.o) (_localeconv_r)
C:/Program Files/DevEnv/DevEnv/GNU-tools-for-STM32/bin/../lib/gcc/arm-none-eabi/13.3.1/../../../../arm-none-eabi/lib/thumb/v7e-m+fp/hard\libg_nano.a(libc_a-closer.o)
                              C:/Program Files/DevEnv/DevEnv/GNU-tools-for-STM32/bin/../lib/gcc/arm-none-eabi/13.3.1/../../../../arm-none-eabi/lib/thumb/v7e-m+fp/hard\libg_nano.a(libc_a-stdio.o) (_close_r)
C:/Program Files/DevEnv/DevEnv/GNU-tools-for-STM32/bin/../lib/gcc/arm-none-eabi/13.3.1/../../../../arm-none-eabi/lib/thumb/v7e-m+fp/hard\libg_nano.a(libc_a-reent.o)
                              C:/Program Files/DevEnv/DevEnv/GNU-tools-for-STM32/bin/../lib/gcc/arm-none-eabi/13.3.1/../../../../arm-none-eabi/lib/thumb/v7e-m+fp/hard\libg_nano.a(libc_a-closer.o) (errno)
C:/Program Files/DevEnv/DevEnv/GNU-tools-for-STM32/bin/../lib/gcc/arm-none-eabi/13.3.1/../../../../arm-none-eabi/lib/thumb/v7e-m+fp/hard\libg_nano.a(libc_a-impure.o)
                              C:/Program Files/DevEnv/DevEnv/GNU-tools-for-STM32/bin/../lib/gcc/arm-none-eabi/13.3.1/../../../../arm-none-eabi/lib/thumb/v7e-m+fp/hard\libg_nano.a(libc_a-snprintf.o) (_impure_ptr)
C:/Program Files/DevEnv/DevEnv/GNU-tools-for-STM32/bin/../lib/gcc/arm-none-eabi/13.3.1/../../../../arm-none-eabi/lib/thumb/v7e-m+fp/hard\libg_nano.a(libc_a-lseekr.o)
[...]
Memory Configuration

Name             Origin             Length             Attributes
FLASH            0x08000000         0x00100000         xr
RAM              0x20000000         0x00020000         xrw
*default*        0x00000000         0xffffffff

Linker script and memory map

LOAD D:\Workspace\gongchuang\stationary_transfer\build\config.o
LOAD D:\Workspace\gongchuang\stationary_transfer\build\main.o
LOAD D:\Workspace\gongchuang\stationary_transfer\build\platform.o
LOAD D:\Workspace\gongchuang\stationary_transfer\build\protocol.o
LOAD D:\Workspace\gongchuang\stationary_transfer\build\syscalls.o
LOAD D:\Workspace\gongchuang\stationary_transfer\build\system_stm32f4xx.o
LOAD D:\Workspace\gongchuang\stationary_transfer\build\transfer.o
LOAD D:\Workspace\gongchuang\stationary_transfer\build\startup_gcc.o
LOAD D:\Workspace\gongchuang\stationary_transfer\build\Emm_V5.o
LOAD D:\Workspace\gongchuang\stationary_transfer\build\misc.o
LOAD D:\Workspace\gongchuang\stationary_transfer\build\stm32f4xx_rcc.o
LOAD D:\Workspace\gongchuang\stationary_transfer\build\stm32f4xx_gpio.o
LOAD D:\Workspace\gongchuang\stationary_transfer\build\stm32f4xx_tim.o
LOAD D:\Workspace\gongchuang\stationary_transfer\build\stm32f4xx_usart.o
LOAD D:\Workspace\gongchuang\stationary_transfer\build\stm32f4xx_can.o
LOAD C:/Program Files/DevEnv/DevEnv/GNU-tools-for-STM32/bin/../lib/gcc/arm-none-eabi/13.3.1/../../../../arm-none-eabi/lib/thumb/v7e-m+fp/hard\libm.a
START GROUP
LOAD C:/Program Files/DevEnv/DevEnv/GNU-tools-for-STM32/bin/../lib/gcc/arm-none-eabi/13.3.1/thumb/v7e-m+fp/hard\libgcc.a
LOAD C:/Program Files/DevEnv/DevEnv/GNU-tools-for-STM32/bin/../lib/gcc/arm-none-eabi/13.3.1/../../../../arm-none-eabi/lib/thumb/v7e-m+fp/hard\libg_nano.a
LOAD C:/Program Files/DevEnv/DevEnv/GNU-tools-for-STM32/bin/../lib/gcc/arm-none-eabi/13.3.1/../../../../arm-none-eabi/lib/thumb/v7e-m+fp/hard\libc_nano.a
END GROUP
START GROUP
LOAD C:/Program Files/DevEnv/DevEnv/GNU-tools-for-STM32/bin/../lib/gcc/arm-none-eabi/13.3.1/thumb/v7e-m+fp/hard\libgcc.a
LOAD C:/Program Files/DevEnv/DevEnv/GNU-tools-for-STM32/bin/../lib/gcc/arm-none-eabi/13.3.1/../../../../arm-none-eabi/lib/thumb/v7e-m+fp/hard\libc_nano.a
LOAD C:/Program Files/DevEnv/DevEnv/GNU-tools-for-STM32/bin/../lib/gcc/arm-none-eabi/13.3.1/../../../../arm-none-eabi/lib/thumb/v7e-m+fp/hard\libnosys.a
END GROUP
START GROUP
LOAD C:/Program Files/DevEnv/DevEnv/GNU-tools-for-STM32/bin/../lib/gcc/arm-none-eabi/13.3.1/thumb/v7e-m+fp/hard\libgcc.a
LOAD C:/Program Files/DevEnv/DevEnv/GNU-tools-for-STM32/bin/../lib/gcc/arm-none-eabi/13.3.1/../../../../arm-none-eabi/lib/thumb/v7e-m+fp/hard\libc_nano.a
LOAD C:/Program Files/DevEnv/DevEnv/GNU-tools-for-STM32/bin/../lib/gcc/arm-none-eabi/13.3.1/../../../../arm-none-eabi/lib/thumb/v7e-m+fp/hard\libnosys.a
END GROUP
                0x20020000                        _estack = (ORIGIN (RAM) + LENGTH (RAM))

.isr_vector     0x08000000      0x188
 *(.isr_vector)
 .isr_vector    0x08000000      0x188 D:\Workspace\gongchuang\stationary_transfer\build\startup_gcc.o
                0x08000000                g_pfnVectors

.text           0x08000190     0x8d20
 *(.text*)
 .text.bounded  0x08000190       0x34 D:\Workspace\gongchuang\stationary_transfer\build\config.o
 .text.view_ok  0x080001c4       0x52 D:\Workspace\gongchuang\stationary_transfer\build\config.o
 *fill*         0x08000216        0x2 
 .text.config_valid
                0x08000218      0x34c D:\Workspace\gongchuang\stationary_transfer\build\config.o
                0x08000218                config_valid
 .text.startup.main
                0x08000564      0x45c D:\Workspace\gongchuang\stationary_transfer\build\main.o
                0x08000564                main
 .text.gpio_af  0x080009c0       0x44 D:\Workspace\gongchuang\stationary_transfer\build\platform.o
 .text.uart_init
                0x08000a04       0x2a D:\Workspace\gongchuang\stationary_transfer\build\platform.o
 *fill*         0x08000a2e        0x2 
 .text.send_byte
                0x08000a30       0x38 D:\Workspace\gongchuang\stationary_transfer\build\platform.o
 .text.pwm      0x08000a68       0x50 D:\Workspace\gongchuang\stationary_transfer\build\platform.o
 .text.platform_ms
                0x08000ab8        0xc D:\Workspace\gongchuang\stationary_transfer\build\platform.o
                0x08000ab8                platform_ms
 .text.SysTick_Handler
                0x08000ac4       0x10 D:\Workspace\gongchuang\stationary_transfer\build\platform.o
                0x08000ac4                SysTick_Handler
 .text.HardFault_Handler
                0x08000ad4        0x2 D:\Workspace\gongchuang\stationary_transfer\build\platform.o
                0x08000ad4                HardFault_Handler
 *fill*         0x08000ad6        0x2 
 .text.platform_init
                0x08000ad8      0x208 D:\Workspace\gongchuang\stationary_transfer\build\platform.o
                0x08000ad8                platform_init
 .text.UART4_IRQHandler
                0x08000ce0       0x50 D:\Workspace\gongchuang\stationary_transfer\build\platform.o
                0x08000ce0                UART4_IRQHandler
 .text.platform_camera_byte
                0x08000d30       0x38 D:\Workspace\gongchuang\stationary_transfer\build\platform.o
                0x08000d30                platform_camera_byte
 .text.USART1_IRQHandler
                0x08000d68       0x50 D:\Workspace\gongchuang\stationary_transfer\build\platform.o
                0x08000d68                USART1_IRQHandler
 .text.platform_camera_send
                0x08000db8       0x2c D:\Workspace\gongchuang\stationary_transfer\build\platform.o
                0x08000db8                platform_camera_send
 .text.platform_log
                0x08000de4       0x30 D:\Workspace\gongchuang\stationary_transfer\build\platform.o
                0x08000de4                platform_log
 .text.platform_line
                0x08000e14       0xdc D:\Workspace\gongchuang\stationary_transfer\build\platform.o
                0x08000e14                platform_line
 .text.can_SendCmd
                0x08000ef0       0xc0 D:\Workspace\gongchuang\stationary_transfer\build\platform.o
                0x08000ef0                can_SendCmd
 .text.platform_busy
                0x08000fb0       0x1c D:\Workspace\gongchuang\stationary_transfer\build\platform.o
                0x08000fb0                platform_busy
 .text.platform_fault
                0x08000fcc       0x20 D:\Workspace\gongchuang\stationary_transfer\build\platform.o
                0x08000fcc                platform_fault
 .text.platform_referenced
                0x08000fec        0xc D:\Workspace\gongchuang\stationary_transfer\build\platform.o
                0x08000fec                platform_referenced
 .text.platform_position
                0x08000ff8       0x1c D:\Workspace\gongchuang\stationary_transfer\build\platform.o
                0x08000ff8                platform_position
 .text.platform_zero
                0x08001014      0x148 D:\Workspace\gongchuang\stationary_transfer\build\platform.o
                0x08001014                platform_zero
 .text.platform_axis
                0x0800115c      0x148 D:\Workspace\gongchuang\stationary_transfer\build\platform.o
                0x0800115c                platform_axis
 .text.platform_servo
                0x080012a4       0xdc D:\Workspace\gongchuang\stationary_transfer\build\platform.o
                0x080012a4                platform_servo
 .text.platform_poll
                0x08001380       0xd8 D:\Workspace\gongchuang\stationary_transfer\build\platform.o
                0x08001380                platform_poll
 .text.platform_stop
                0x08001458       0x3c D:\Workspace\gongchuang\stationary_transfer\build\platform.o
                0x08001458                platform_stop
 .text.platform_stop_pressed
                0x08001494       0x48 D:\Workspace\gongchuang\stationary_transfer\build\platform.o
                0x08001494                platform_stop_pressed
 .text.protocol_crc
                0x080014dc       0x32 D:\Workspace\gongchuang\stationary_transfer\build\protocol.o
                0x080014dc                protocol_crc
 .text.protocol_encode
                0x0800150e       0x70 D:\Workspace\gongchuang\stationary_transfer\build\protocol.o
                0x0800150e                protocol_encode
 .text.protocol_feed
                0x0800157e       0xa6 D:\Workspace\gongchuang\stationary_transfer\build\protocol.o
                0x0800157e                protocol_feed
 .text._sbrk    0x08001624       0x3c D:\Workspace\gongchuang\stationary_transfer\build\syscalls.o
                0x08001624                _sbrk
 .text._close   0x08001660       0x10 D:\Workspace\gongchuang\stationary_transfer\build\syscalls.o
                0x08001660                _close
 .text._fstat   0x08001670        0xa D:\Workspace\gongchuang\stationary_transfer\build\syscalls.o
                0x08001670                _fstat
 .text._isatty  0x0800167a        0xa D:\Workspace\gongchuang\stationary_transfer\build\syscalls.o
                0x0800167a                _isatty
 .text._lseek   0x08001684       0x10 D:\Workspace\gongchuang\stationary_transfer\build\syscalls.o
                0x08001684                _lseek
 .text._read    0x08001694       0x10 D:\Workspace\gongchuang\stationary_transfer\build\syscalls.o
                0x08001694                _read
 .text._write   0x080016a4       0x10 D:\Workspace\gongchuang\stationary_transfer\build\syscalls.o
                0x080016a4                _write
 .text._getpid  0x080016b4        0x4 D:\Workspace\gongchuang\stationary_transfer\build\syscalls.o
                0x080016b4                _getpid
 .text._kill    0x080016b8       0x10 D:\Workspace\gongchuang\stationary_transfer\build\syscalls.o
                0x080016b8                _kill
 .text._exit    0x080016c8        0x8 D:\Workspace\gongchuang\stationary_transfer\build\syscalls.o
                0x080016c8                _exit
 .text.SystemInit
                0x080016d0       0xf4 D:\Workspace\gongchuang\stationary_transfer\build\system_stm32f4xx.o
                0x080016d0                SystemInit
 .text.SystemCoreClockUpdate
                0x080017c4       0x6c D:\Workspace\gongchuang\stationary_transfer\build\system_stm32f4xx.o
                0x080017c4                SystemCoreClockUpdate
 .text.enter    0x08001830       0x18 D:\Workspace\gongchuang\stationary_transfer\build\transfer.o
 .text.transfer_init
                0x08001848       0x1c D:\Workspace\gongchuang\stationary_transfer\build\transfer.o
                0x08001848                transfer_init
 .text.transfer_active
                0x08001864       0x18 D:\Workspace\gongchuang\stationary_transfer\build\transfer.o
                0x08001864                transfer_active
 .text.transfer_abort
                0x0800187c       0x20 D:\Workspace\gongchuang\stationary_transfer\build\transfer.o
                0x0800187c                transfer_abort
 .text.servo_step
                0x0800189c       0x38 D:\Workspace\gongchuang\stationary_transfer\build\transfer.o
 .text.axis_step
                0x080018d4       0x38 D:\Workspace\gongchuang\stationary_transfer\build\transfer.o
 .text.observe  0x0800190c      0x19c D:\Workspace\gongchuang\stationary_transfer\build\transfer.o
 .text.transfer_start
                0x08001aa8       0x98 D:\Workspace\gongchuang\stationary_transfer\build\transfer.o
                0x08001aa8                transfer_start
 .text.transfer_observation
                0x08001b40      0x2a8 D:\Workspace\gongchuang\stationary_transfer\build\transfer.o
                0x08001b40                transfer_observation
 .text.transfer_tick
                0x08001de8      0x1f8 D:\Workspace\gongchuang\stationary_transfer\build\transfer.o
                0x08001de8                transfer_tick
 .text.Reset_Handler
                0x08001fe0       0x44 D:\Workspace\gongchuang\stationary_transfer\build\startup_gcc.o
                0x08001fe0                Reset_Handler
                0x0800200e                HASH_RNG_IRQHandler
                0x0800200e                EXTI2_IRQHandler
                0x0800200e                TIM8_CC_IRQHandler
                0x0800200e                DebugMon_Handler
                0x0800200e                TIM1_CC_IRQHandler
                0x0800200e                DMA2_Stream5_IRQHandler
                0x0800200e                DMA1_Stream5_IRQHandler
                0x0800200e                PVD_IRQHandler
                0x0800200e                SDIO_IRQHandler
                0x0800200e                TAMP_STAMP_IRQHandler
                0x0800200e                PendSV_Handler
                0x0800200e                NMI_Handler
                0x0800200e                CAN2_RX1_IRQHandler
                0x0800200e                EXTI3_IRQHandler
                0x0800200e                TIM8_TRG_COM_TIM14_IRQHandler
                0x0800200e                TIM1_UP_TIM10_IRQHandler
                0x0800200e                TIM8_UP_TIM13_IRQHandler
                0x0800200e                I2C3_ER_IRQHandler
                0x0800200e                EXTI0_IRQHandler
                0x0800200e                I2C2_EV_IRQHandler
                0x0800200e                DMA1_Stream2_IRQHandler
                0x0800200e                CAN1_RX0_IRQHandler
                0x0800200e                FPU_IRQHandler
                0x0800200e                OTG_HS_WKUP_IRQHandler
                0x0800200e                UsageFault_Handler
                0x0800200e                CAN2_SCE_IRQHandler
                0x0800200e                DMA2_Stream2_IRQHandler
                0x0800200e                SPI1_IRQHandler
                0x0800200e                TIM6_DAC_IRQHandler
                0x0800200e                TIM1_BRK_TIM9_IRQHandler
                0x0800200e                DCMI_IRQHandler
                0x0800200e                CAN2_RX0_IRQHandler
                0x0800200e                DMA2_Stream3_IRQHandler
                0x0800200e                USART6_IRQHandler
                0x0800200e                USART3_IRQHandler
                0x0800200e                CRYP_IRQHandler
                0x0800200e                RTC_Alarm_IRQHandler
                0x0800200e                CAN1_RX1_IRQHandler
                0x0800200e                UART5_IRQHandler
                0x0800200e                DMA2_Stream0_IRQHandler
                0x0800200e                TIM4_IRQHandler
                0x0800200e                I2C1_EV_IRQHandler
                0x0800200e                DMA1_Stream6_IRQHandler
                0x0800200e                DMA1_Stream1_IRQHandler
                0x0800200e                TIM3_IRQHandler
                0x0800200e                RCC_IRQHandler
                0x0800200e                TIM8_BRK_TIM12_IRQHandler
                0x0800200e                EXTI15_10_IRQHandler
                0x0800200e                ADC_IRQHandler
                0x0800200e                DMA1_Stream7_IRQHandler
                0x0800200e                TIM7_IRQHandler
                0x0800200e                CAN2_TX_IRQHandler
                0x0800200e                TIM5_IRQHandler
                0x0800200e                DMA2_Stream7_IRQHandler
                0x0800200e                I2C3_EV_IRQHandler
                0x0800200e                EXTI9_5_IRQHandler
                0x0800200e                RTC_WKUP_IRQHandler
                0x0800200e                ETH_WKUP_IRQHandler
                0x0800200e                SPI2_IRQHandler
                0x0800200e                OTG_HS_EP1_IN_IRQHandler
                0x0800200e                MemManage_Handler
                0x0800200e                DMA1_Stream0_IRQHandler
                0x0800200e                CAN1_TX_IRQHandler
                0x0800200e                SVC_Handler
                0x0800200e                EXTI4_IRQHandler
                0x0800200e                FSMC_IRQHandler
                0x0800200e                ETH_IRQHandler
                0x0800200e                OTG_HS_EP1_OUT_IRQHandler
                0x0800200e                WWDG_IRQHandler
                0x0800200e                TIM2_IRQHandler
                0x0800200e                OTG_FS_WKUP_IRQHandler
                0x0800200e                TIM1_TRG_COM_TIM11_IRQHandler
                0x0800200e                OTG_HS_IRQHandler
                0x0800200e                EXTI1_IRQHandler
                0x0800200e                USART2_IRQHandler
                0x0800200e                I2C2_ER_IRQHandler
                0x0800200e                DMA2_Stream1_IRQHandler
                0x0800200e                CAN1_SCE_IRQHandler
                0x0800200e                FLASH_IRQHandler
                0x0800200e                DMA2_Stream4_IRQHandler
                0x0800200e                BusFault_Handler
                0x0800200e                OTG_FS_IRQHandler
                0x0800200e                SPI3_IRQHandler
                0x0800200e                DMA1_Stream4_IRQHandler
                0x0800200e                I2C1_ER_IRQHandler
                0x0800200e                DMA2_Stream6_IRQHandler
                0x0800200e                DMA1_Stream3_IRQHandler
 .text.Emm_V5_En_Control
                0x08002024       0x3c D:\Workspace\gongchuang\stationary_transfer\build\Emm_V5.o
                0x08002024                Emm_V5_En_Control
 .text.Emm_V5_Pos_Control
                0x08002060       0x6a D:\Workspace\gongchuang\stationary_transfer\build\Emm_V5.o
                0x08002060                Emm_V5_Pos_Control
 .text.Emm_V5_Stop_Now
                0x080020ca       0x38 D:\Workspace\gongchuang\stationary_transfer\build\Emm_V5.o
                0x080020ca                Emm_V5_Stop_Now
 *fill*         0x08002102        0x2 
 .text.NVIC_PriorityGroupConfig
                0x08002104       0x14 D:\Workspace\gongchuang\stationary_transfer\build\misc.o
                0x08002104                NVIC_PriorityGroupConfig
 .text.RCC_GetClocksFreq
                0x08002118       0x84 D:\Workspace\gongchuang\stationary_transfer\build\stm32f4xx_rcc.o
                0x08002118                RCC_GetClocksFreq
 .text.RCC_AHB1PeriphClockCmd
                0x0800219c       0x18 D:\Workspace\gongchuang\stationary_transfer\build\stm32f4xx_rcc.o
                0x0800219c                RCC_AHB1PeriphClockCmd
 .text.RCC_APB1PeriphClockCmd
                0x080021b4       0x18 D:\Workspace\gongchuang\stationary_transfer\build\stm32f4xx_rcc.o
                0x080021b4                RCC_APB1PeriphClockCmd
 .text.RCC_APB2PeriphClockCmd
                0x080021cc       0x18 D:\Workspace\gongchuang\stationary_transfer\build\stm32f4xx_rcc.o
                0x080021cc                RCC_APB2PeriphClockCmd
 .text.GPIO_Init
                0x080021e4       0x8a D:\Workspace\gongchuang\stationary_transfer\build\stm32f4xx_gpio.o
                0x080021e4                GPIO_Init
 .text.GPIO_StructInit
                0x0800226e        0xc D:\Workspace\gongchuang\stationary_transfer\build\stm32f4xx_gpio.o
                0x0800226e                GPIO_StructInit
 .text.GPIO_ReadInputDataBit
                0x0800227a        0xc D:\Workspace\gongchuang\stationary_transfer\build\stm32f4xx_gpio.o
                0x0800227a                GPIO_ReadInputDataBit
 .text.GPIO_PinAFConfig
                0x08002286       0x24 D:\Workspace\gongchuang\stationary_transfer\build\stm32f4xx_gpio.o
                0x08002286                GPIO_PinAFConfig
 *fill*         0x080022aa        0x2 
 .text.TIM_TimeBaseInit
                0x080022ac       0x7c D:\Workspace\gongchuang\stationary_transfer\build\stm32f4xx_tim.o
                0x080022ac                TIM_TimeBaseInit
 .text.TIM_TimeBaseStructInit
                0x08002328       0x10 D:\Workspace\gongchuang\stationary_transfer\build\stm32f4xx_tim.o
                0x08002328                TIM_TimeBaseStructInit
 .text.TIM_Cmd  0x08002338       0x18 D:\Workspace\gongchuang\stationary_transfer\build\stm32f4xx_tim.o
                0x08002338                TIM_Cmd
 .text.TIM_OC2Init
                0x08002350       0x80 D:\Workspace\gongchuang\stationary_transfer\build\stm32f4xx_tim.o
                0x08002350                TIM_OC2Init
 .text.TIM_OC3Init
                0x080023d0       0x7c D:\Workspace\gongchuang\stationary_transfer\build\stm32f4xx_tim.o
                0x080023d0                TIM_OC3Init
 .text.TIM_OC4Init
                0x0800244c       0x64 D:\Workspace\gongchuang\stationary_transfer\build\stm32f4xx_tim.o
                0x0800244c                TIM_OC4Init
 .text.TIM_OCStructInit
                0x080024b0        0xe D:\Workspace\gongchuang\stationary_transfer\build\stm32f4xx_tim.o
                0x080024b0                TIM_OCStructInit
 .text.TIM_SetCompare2
                0x080024be        0x4 D:\Workspace\gongchuang\stationary_transfer\build\stm32f4xx_tim.o
                0x080024be                TIM_SetCompare2
 .text.TIM_SetCompare3
                0x080024c2        0x4 D:\Workspace\gongchuang\stationary_transfer\build\stm32f4xx_tim.o
                0x080024c2                TIM_SetCompare3
 .text.TIM_SetCompare4
                0x080024c6        0x4 D:\Workspace\gongchuang\stationary_transfer\build\stm32f4xx_tim.o
                0x080024c6                TIM_SetCompare4
 *fill*         0x080024ca        0x2 
 .text.USART_Init
                0x080024cc       0xac D:\Workspace\gongchuang\stationary_transfer\build\stm32f4xx_usart.o
                0x080024cc                USART_Init
 .text.USART_StructInit
                0x08002578       0x14 D:\Workspace\gongchuang\stationary_transfer\build\stm32f4xx_usart.o
                0x08002578                USART_StructInit
 .text.USART_Cmd
                0x0800258c       0x18 D:\Workspace\gongchuang\stationary_transfer\build\stm32f4xx_usart.o
                0x0800258c                USART_Cmd
 .text.USART_SendData
                0x080025a4        0x8 D:\Workspace\gongchuang\stationary_transfer\build\stm32f4xx_usart.o
                0x080025a4                USART_SendData
 .text.USART_ITConfig
                0x080025ac       0x32 D:\Workspace\gongchuang\stationary_transfer\build\stm32f4xx_usart.o
                0x080025ac                USART_ITConfig
 .text.USART_GetFlagStatus
                0x080025de        0xc D:\Workspace\gongchuang\stationary_transfer\build\stm32f4xx_usart.o
                0x080025de                USART_GetFlagStatus
 .text.CAN_Init
                0x080025ea       0xd2 D:\Workspace\gongchuang\stationary_transfer\build\stm32f4xx_can.o
                0x080025ea                CAN_Init
 .text.CAN_FilterInit
                0x080026bc       0xdc D:\Workspace\gongchuang\stationary_transfer\build\stm32f4xx_can.o
                0x080026bc                CAN_FilterInit
 .text.CAN_StructInit
                0x08002798       0x16 D:\Workspace\gongchuang\stationary_transfer\build\stm32f4xx_can.o
                0x08002798                CAN_StructInit
 .text.CAN_Transmit
                0x080027ae       0x9a D:\Workspace\gongchuang\stationary_transfer\build\stm32f4xx_can.o
                0x080027ae                CAN_Transmit
 .text.CAN_TransmitStatus
                0x08002848       0x64 D:\Workspace\gongchuang\stationary_transfer\build\stm32f4xx_can.o
                0x08002848                CAN_TransmitStatus
 .text.CAN_CancelTransmit
                0x080028ac       0x24 D:\Workspace\gongchuang\stationary_transfer\build\stm32f4xx_can.o
                0x080028ac                CAN_CancelTransmit
 .text.CAN_Receive
                0x080028d0       0x96 D:\Workspace\gongchuang\stationary_transfer\build\stm32f4xx_can.o
                0x080028d0                CAN_Receive
 .text.CAN_MessagePending
                0x08002966       0x16 D:\Workspace\gongchuang\stationary_transfer\build\stm32f4xx_can.o
                0x08002966                CAN_MessagePending
 .text.CAN_GetFlagStatus
                0x0800297c       0x30 D:\Workspace\gongchuang\stationary_transfer\build\stm32f4xx_can.o
                0x0800297c                CAN_GetFlagStatus
 .text.lroundf  0x080029ac       0x5a C:/Program Files/DevEnv/DevEnv/GNU-tools-for-STM32/bin/../lib/gcc/arm-none-eabi/13.3.1/../../../../arm-none-eabi/lib/thumb/v7e-m+fp/hard\libm.a(libm_a-sf_lround.o)
                0x080029ac                lroundf
 *fill*         0x08002a06        0x2 
 .text          0x08002a08      0x378 C:/Program Files/DevEnv/DevEnv/GNU-tools-for-STM32/bin/../lib/gcc/arm-none-eabi/13.3.1/thumb/v7e-m+fp/hard\libgcc.a(_arm_addsubdf3.o)
                0x08002a08                __aeabi_drsub
                0x08002a10                __aeabi_dsub
                0x08002a10                __subdf3
                0x08002a14                __aeabi_dadd
                0x08002a14                __adddf3
                0x08002c8c                __floatunsidf
                0x08002c8c                __aeabi_ui2d
                0x08002cac                __floatsidf
                0x08002cac                __aeabi_i2d
                0x08002cd0                __aeabi_f2d
                0x08002cd0                __extendsfdf2
                0x08002d14                __floatundidf
                0x08002d14                __aeabi_ul2d
                0x08002d24                __floatdidf
                0x08002d24                __aeabi_l2d
 .text.__cvt    0x08002d80       0xca C:/Program Files/DevEnv/DevEnv/GNU-tools-for-STM32/bin/../lib/gcc/arm-none-eabi/13.3.1/../../../../arm-none-eabi/lib/thumb/v7e-m+fp/hard\libg_nano.a(libc_a-nano-vfprintf_float.o)
                0x08002d80                __cvt
 .text.__exponent
                0x08002e4a       0x74 C:/Program Files/DevEnv/DevEnv/GNU-tools-for-STM32/bin/../lib/gcc/arm-none-eabi/13.3.1/../../../../arm-none-eabi/lib/thumb/v7e-m+fp/hard\libg_nano.a(libc_a-nano-vfprintf_float.o)
                0x08002e4a                __exponent
 *fill*         0x08002ebe        0x2 
 .text._printf_float
                0x08002ec0      0x454 C:/Program Files/DevEnv/DevEnv/GNU-tools-for-STM32/bin/../lib/gcc/arm-none-eabi/13.3.1/../../../../arm-none-eabi/lib/thumb/v7e-m+fp/hard\libg_nano.a(libc_a-nano-vfprintf_float.o)
                0x08002ec0                _printf_float
 .text._printf_common
                0x08003314       0xda C:/Program Files/DevEnv/DevEnv/GNU-tools-for-STM32/bin/../lib/gcc/arm-none-eabi/13.3.1/../../../../arm-none-eabi/lib/thumb/v7e-m+fp/hard\libg_nano.a(libc_a-nano-vfprintf_i.o)
                0x08003314                _printf_common
 *fill*         0x080033ee        0x2 
 .text._printf_i
                0x080033f0      0x23c C:/Program Files/DevEnv/DevEnv/GNU-tools-for-STM32/bin/../lib/gcc/arm-none-eabi/13.3.1/../../../../arm-none-eabi/lib/thumb/v7e-m+fp/hard\libg_nano.a(libc_a-nano-vfprintf_i.o)
                0x080033f0                _printf_i
 .text._scanf_float
                0x0800362c      0x41c C:/Program Files/DevEnv/DevEnv/GNU-tools-for-STM32/bin/../lib/gcc/arm-none-eabi/13.3.1/../../../../arm-none-eabi/lib/thumb/v7e-m+fp/hard\libg_nano.a(libc_a-nano-vfscanf_float.o)
                0x0800362c                _scanf_float
 .text.snprintf
                0x08003a48       0x6c C:/Program Files/DevEnv/DevEnv/GNU-tools-for-STM32/bin/../lib/gcc/arm-none-eabi/13.3.1/../../../../arm-none-eabi/lib/thumb/v7e-m+fp/hard\libg_nano.a(libc_a-snprintf.o)
                0x08003a48                sniprintf
                0x08003a48                snprintf
 .text.sprintf  0x08003ab4       0x44 C:/Program Files/DevEnv/DevEnv/GNU-tools-for-STM32/bin/../lib/gcc/arm-none-eabi/13.3.1/../../../../arm-none-eabi/lib/thumb/v7e-m+fp/hard\libg_nano.a(libc_a-sprintf.o)
                0x08003ab4                siprintf
                0x08003ab4                sprintf
 .text.sscanf   0x08003af8       0x58 C:/Program Files/DevEnv/DevEnv/GNU-tools-for-STM32/bin/../lib/gcc/arm-none-eabi/13.3.1/../../../../arm-none-eabi/lib/thumb/v7e-m+fp/hard\libg_nano.a(libc_a-sscanf.o)
                0x08003af8                siscanf
                0x08003af8                sscanf
 .text.__sread  0x08003b50       0x22 C:/Program Files/DevEnv/DevEnv/GNU-tools-for-STM32/bin/../lib/gcc/arm-none-eabi/13.3.1/../../../../arm-none-eabi/lib/thumb/v7e-m+fp/hard\libg_nano.a(libc_a-stdio.o)
                0x08003b50                __sread
 .text.__seofread
                0x08003b72        0x4 C:/Program Files/DevEnv/DevEnv/GNU-tools-for-STM32/bin/../lib/gcc/arm-none-eabi/13.3.1/../../../../arm-none-eabi/lib/thumb/v7e-m+fp/hard\libg_nano.a(libc_a-stdio.o)
                0x08003b72                __seofread
 .text.__swrite
                0x08003b76       0x38 C:/Program Files/DevEnv/DevEnv/GNU-tools-for-STM32/bin/../lib/gcc/arm-none-eabi/13.3.1/../../../../arm-none-eabi/lib/thumb/v7e-m+fp/hard\libg_nano.a(libc_a-stdio.o)
                0x08003b76                __swrite
 .text.__sseek  0x08003bae       0x24 C:/Program Files/DevEnv/DevEnv/GNU-tools-for-STM32/bin/../lib/gcc/arm-none-eabi/13.3.1/../../../../arm-none-eabi/lib/thumb/v7e-m+fp/hard\libg_nano.a(libc_a-stdio.o)
                0x08003bae                __sseek
 .text.__sclose
                0x08003bd2        0x8 C:/Program Files/DevEnv/DevEnv/GNU-tools-for-STM32/bin/../lib/gcc/arm-none-eabi/13.3.1/../../../../arm-none-eabi/lib/thumb/v7e-m+fp/hard\libg_nano.a(libc_a-stdio.o)
                0x08003bd2                __sclose
 .text.memmove  0x08003bda       0x34 C:/Program Files/DevEnv/DevEnv/GNU-tools-for-STM32/bin/../lib/gcc/arm-none-eabi/13.3.1/../../../../arm-none-eabi/lib/thumb/v7e-m+fp/hard\libg_nano.a(libc_a-memmove.o)
                0x08003bda                memmove
 .text.memset   0x08003c0e       0x10 C:/Program Files/DevEnv/DevEnv/GNU-tools-for-STM32/bin/../lib/gcc/arm-none-eabi/13.3.1/../../../../arm-none-eabi/lib/thumb/v7e-m+fp/hard\libg_nano.a(libc_a-memset.o)
                0x08003c0e                memset
 *fill*         0x08003c1e        0x2 
 .text._localeconv_r
                0x08003c20        0x8 C:/Program Files/DevEnv/DevEnv/GNU-tools-for-STM32/bin/../lib/gcc/arm-none-eabi/13.3.1/../../../../arm-none-eabi/lib/thumb/v7e-m+fp/hard\libg_nano.a(libc_a-localeconv.o)
                0x08003c20                _localeconv_r
 .text._close_r
                0x08003c28       0x20 C:/Program Files/DevEnv/DevEnv/GNU-tools-for-STM32/bin/../lib/gcc/arm-none-eabi/13.3.1/../../../../arm-none-eabi/lib/thumb/v7e-m+fp/hard\libg_nano.a(libc_a-closer.o)
                0x08003c28                _close_r
 .text._lseek_r
                0x08003c48       0x24 C:/Program Files/DevEnv/DevEnv/GNU-tools-for-STM32/bin/../lib/gcc/arm-none-eabi/13.3.1/../../../../arm-none-eabi/lib/thumb/v7e-m+fp/hard\libg_nano.a(libc_a-lseekr.o)
                0x08003c48                _lseek_r
 .text._read_r  0x08003c6c       0x24 C:/Program Files/DevEnv/DevEnv/GNU-tools-for-STM32/bin/../lib/gcc/arm-none-eabi/13.3.1/../../../../arm-none-eabi/lib/thumb/v7e-m+fp/hard\libg_nano.a(libc_a-readr.o)
                0x08003c6c                _read_r
 .text._write_r
                0x08003c90       0x24 C:/Program Files/DevEnv/DevEnv/GNU-tools-for-STM32/bin/../lib/gcc/arm-none-eabi/13.3.1/../../../../arm-none-eabi/lib/thumb/v7e-m+fp/hard\libg_nano.a(libc_a-writer.o)
                0x08003c90                _write_r
 .text.__errno  0x08003cb4        0xc C:/Program Files/DevEnv/DevEnv/GNU-tools-for-STM32/bin/../lib/gcc/arm-none-eabi/13.3.1/../../../../arm-none-eabi/lib/thumb/v7e-m+fp/hard\libg_nano.a(libc_a-errno.o)
                0x08003cb4                __errno
 .text          0x08003cc0       0x14 C:/Program Files/DevEnv/DevEnv/GNU-tools-for-STM32/bin/../lib/gcc/arm-none-eabi/13.3.1/../../../../arm-none-eabi/lib/thumb/v7e-m+fp/hard\libg_nano.a(libc_a-strcmp.o)
                0x08003cc0                strcmp
 *fill*         0x08003cd4        0xc 
 .text          0x08003ce0       0xa0 C:/Program Files/DevEnv/DevEnv/GNU-tools-for-STM32/bin/../lib/gcc/arm-none-eabi/13.3.1/../../../../arm-none-eabi/lib/thumb/v7e-m+fp/hard\libg_nano.a(libc_a-memchr.o)
                0x08003ce0                memchr
 .text.memcpy   0x08003d80       0x1c C:/Program Files/DevEnv/DevEnv/GNU-tools-for-STM32/bin/../lib/gcc/arm-none-eabi/13.3.1/../../../../arm-none-eabi/lib/thumb/v7e-m+fp/hard\libg_nano.a(libc_a-memcpy-stub.o)
                0x08003d80                memcpy
 .text          0x08003d9c       0x10 C:/Program Files/DevEnv/DevEnv/GNU-tools-for-STM32/bin/../lib/gcc/arm-none-eabi/13.3.1/../../../../arm-none-eabi/lib/thumb/v7e-m+fp/hard\libg_nano.a(libc_a-strlen.o)
                0x08003d9c                strlen
 .text.nanf     0x08003dac        0xc C:/Program Files/DevEnv/DevEnv/GNU-tools-for-STM32/bin/../lib/gcc/arm-none-eabi/13.3.1/../../../../arm-none-eabi/lib/thumb/v7e-m+fp/hard\libg_nano.a(libm_a-sf_nan.o)
                0x08003dac                nanf
 .text.quorem   0x08003db8      0x110 C:/Program Files/DevEnv/DevEnv/GNU-tools-for-STM32/bin/../lib/gcc/arm-none-eabi/13.3.1/../../../../arm-none-eabi/lib/thumb/v7e-m+fp/hard\libg_nano.a(libc_a-dtoa.o)
 .text._dtoa_r  0x08003ec8      0xba0 C:/Program Files/DevEnv/DevEnv/GNU-tools-for-STM32/bin/../lib/gcc/arm-none-eabi/13.3.1/../../../../arm-none-eabi/lib/thumb/v7e-m+fp/hard\libg_nano.a(libc_a-dtoa.o)
                0x08003ec8                _dtoa_r
 .text._free_r  0x08004a68       0x94 C:/Program Files/DevEnv/DevEnv/GNU-tools-for-STM32/bin/../lib/gcc/arm-none-eabi/13.3.1/../../../../arm-none-eabi/lib/thumb/v7e-m+fp/hard\libg_nano.a(libc_a-freer.o)
                0x08004a68                _free_r
 .text.malloc   0x08004afc       0x10 C:/Program Files/DevEnv/DevEnv/GNU-tools-for-STM32/bin/../lib/gcc/arm-none-eabi/13.3.1/../../../../arm-none-eabi/lib/thumb/v7e-m+fp/hard\libg_nano.a(libc_a-malloc.o)
                0x08004afc                malloc
 .text.sbrk_aligned
                0x08004b0c       0x44 C:/Program Files/DevEnv/DevEnv/GNU-tools-for-STM32/bin/../lib/gcc/arm-none-eabi/13.3.1/../../../../arm-none-eabi/lib/thumb/v7e-m+fp/hard\libg_nano.a(libc_a-mallocr.o)
 .text._malloc_r
                0x08004b50      0x100 C:/Program Files/DevEnv/DevEnv/GNU-tools-for-STM32/bin/../lib/gcc/arm-none-eabi/13.3.1/../../../../arm-none-eabi/lib/thumb/v7e-m+fp/hard\libg_nano.a(libc_a-mallocr.o)
                0x08004b50                _malloc_r
 .text.__malloc_lock
                0x08004c50        0xc C:/Program Files/DevEnv/DevEnv/GNU-tools-for-STM32/bin/../lib/gcc/arm-none-eabi/13.3.1/../../../../arm-none-eabi/lib/thumb/v7e-m+fp/hard\libg_nano.a(libc_a-mlock.o)
                0x08004c50                __malloc_lock
 .text.__malloc_unlock
                0x08004c5c        0xc C:/Program Files/DevEnv/DevEnv/GNU-tools-for-STM32/bin/../lib/gcc/arm-none-eabi/13.3.1/../../../../arm-none-eabi/lib/thumb/v7e-m+fp/hard\libg_nano.a(libc_a-mlock.o)
                0x08004c5c                __malloc_unlock
 .text._Balloc  0x08004c68       0x80 C:/Program Files/DevEnv/DevEnv/GNU-tools-for-STM32/bin/../lib/gcc/arm-none-eabi/13.3.1/../../../../arm-none-eabi/lib/thumb/v7e-m+fp/hard\libg_nano.a(libc_a-mprec.o)
                0x08004c68                _Balloc
 .text._Bfree   0x08004ce8       0x44 C:/Program Files/DevEnv/DevEnv/GNU-tools-for-STM32/bin/../lib/gcc/arm-none-eabi/13.3.1/../../../../arm-none-eabi/lib/thumb/v7e-m+fp/hard\libg_nano.a(libc_a-mprec.o)
                0x08004ce8                _Bfree
 .text.__multadd
                0x08004d2c       0x8c C:/Program Files/DevEnv/DevEnv/GNU-tools-for-STM32/bin/../lib/gcc/arm-none-eabi/13.3.1/../../../../arm-none-eabi/lib/thumb/v7e-m+fp/hard\libg_nano.a(libc_a-mprec.o)
                0x08004d2c                __multadd
 .text.__s2b    0x08004db8       0x94 C:/Program Files/DevEnv/DevEnv/GNU-tools-for-STM32/bin/../lib/gcc/arm-none-eabi/13.3.1/../../../../arm-none-eabi/lib/thumb/v7e-m+fp/hard\libg_nano.a(libc_a-mprec.o)
                0x08004db8                __s2b
 .text.__hi0bits
                0x08004e4c       0x3e C:/Program Files/DevEnv/DevEnv/GNU-tools-for-STM32/bin/../lib/gcc/arm-none-eabi/13.3.1/../../../../arm-none-eabi/lib/thumb/v7e-m+fp/hard\libg_nano.a(libc_a-mprec.o)
                0x08004e4c                __hi0bits
 .text.__lo0bits
                0x08004e8a       0x5a C:/Program Files/DevEnv/DevEnv/GNU-tools-for-STM32/bin/../lib/gcc/arm-none-eabi/13.3.1/../../../../arm-none-eabi/lib/thumb/v7e-m+fp/hard\libg_nano.a(libc_a-mprec.o)
                0x08004e8a                __lo0bits
 .text.__i2b    0x08004ee4       0x2c C:/Program Files/DevEnv/DevEnv/GNU-tools-for-STM32/bin/../lib/gcc/arm-none-eabi/13.3.1/../../../../arm-none-eabi/lib/thumb/v7e-m+fp/hard\libg_nano.a(libc_a-mprec.o)
                0x08004ee4                __i2b
 .text.__multiply
                0x08004f10      0x144 C:/Program Files/DevEnv/DevEnv/GNU-tools-for-STM32/bin/../lib/gcc/arm-none-eabi/13.3.1/../../../../arm-none-eabi/lib/thumb/v7e-m+fp/hard\libg_nano.a(libc_a-mprec.o)
                0x08004f10                __multiply
 .text.__pow5mult
                0x08005054       0xb4 C:/Program Files/DevEnv/DevEnv/GNU-tools-for-STM32/bin/../lib/gcc/arm-none-eabi/13.3.1/../../../../arm-none-eabi/lib/thumb/v7e-m+fp/hard\libg_nano.a(libc_a-mprec.o)
                0x08005054                __pow5mult
 .text.__lshift
                0x08005108       0xd8 C:/Program Files/DevEnv/DevEnv/GNU-tools-for-STM32/bin/../lib/gcc/arm-none-eabi/13.3.1/../../../../arm-none-eabi/lib/thumb/v7e-m+fp/hard\libg_nano.a(libc_a-mprec.o)
                0x08005108                __lshift
 .text.__mcmp   0x080051e0       0x36 C:/Program Files/DevEnv/DevEnv/GNU-tools-for-STM32/bin/../lib/gcc/arm-none-eabi/13.3.1/../../../../arm-none-eabi/lib/thumb/v7e-m+fp/hard\libg_nano.a(libc_a-mprec.o)
                0x080051e0                __mcmp
 *fill*         0x08005216        0x2 
 .text.__mdiff  0x08005218      0x128 C:/Program Files/DevEnv/DevEnv/GNU-tools-for-STM32/bin/../lib/gcc/arm-none-eabi/13.3.1/../../../../arm-none-eabi/lib/thumb/v7e-m+fp/hard\libg_nano.a(libc_a-mprec.o)
                0x08005218                __mdiff
 .text.__ulp    0x08005340       0x4c C:/Program Files/DevEnv/DevEnv/GNU-tools-for-STM32/bin/../lib/gcc/arm-none-eabi/13.3.1/../../../../arm-none-eabi/lib/thumb/v7e-m+fp/hard\libg_nano.a(libc_a-mprec.o)
                0x08005340                __ulp
 .text.__b2d    0x0800538c       0x94 C:/Program Files/DevEnv/DevEnv/GNU-tools-for-STM32/bin/../lib/gcc/arm-none-eabi/13.3.1/../../../../arm-none-eabi/lib/thumb/v7e-m+fp/hard\libg_nano.a(libc_a-mprec.o)
                0x0800538c                __b2d
 .text.__d2b    0x08005420       0xb0 C:/Program Files/DevEnv/DevEnv/GNU-tools-for-STM32/bin/../lib/gcc/arm-none-eabi/13.3.1/../../../../arm-none-eabi/lib/thumb/v7e-m+fp/hard\libg_nano.a(libc_a-mprec.o)
                0x08005420                __d2b
 .text.__ratio  0x080054d0       0x64 C:/Program Files/DevEnv/DevEnv/GNU-tools-for-STM32/bin/../lib/gcc/arm-none-eabi/13.3.1/../../../../arm-none-eabi/lib/thumb/v7e-m+fp/hard\libg_nano.a(libc_a-mprec.o)
                0x080054d0                __ratio
 .text.__copybits
                0x08005534       0x46 C:/Program Files/DevEnv/DevEnv/GNU-tools-for-STM32/bin/../lib/gcc/arm-none-eabi/13.3.1/../../../../arm-none-eabi/lib/thumb/v7e-m+fp/hard\libg_nano.a(libc_a-mprec.o)
                0x08005534                __copybits
 .text.__any_on
                0x0800557a       0x42 C:/Program Files/DevEnv/DevEnv/GNU-tools-for-STM32/bin/../lib/gcc/arm-none-eabi/13.3.1/../../../../arm-none-eabi/lib/thumb/v7e-m+fp/hard\libg_nano.a(libc_a-mprec.o)
                0x0800557a                __any_on
 .text.sulp     0x080055bc       0x3c C:/Program Files/DevEnv/DevEnv/GNU-tools-for-STM32/bin/../lib/gcc/arm-none-eabi/13.3.1/../../../../arm-none-eabi/lib/thumb/v7e-m+fp/hard\libg_nano.a(libc_a-strtod.o)
 .text._strtod_l
                0x080055f8      0xbc8 C:/Program Files/DevEnv/DevEnv/GNU-tools-for-STM32/bin/../lib/gcc/arm-none-eabi/13.3.1/../../../../arm-none-eabi/lib/thumb/v7e-m+fp/hard\libg_nano.a(libc_a-strtod.o)
                0x080055f8                _strtod_l
 .text._strtod_r
                0x080061c0        0xc C:/Program Files/DevEnv/DevEnv/GNU-tools-for-STM32/bin/../lib/gcc/arm-none-eabi/13.3.1/../../../../arm-none-eabi/lib/thumb/v7e-m+fp/hard\libg_nano.a(libc_a-strtod.o)
                0x080061c0                _strtod_r
 .text._strtol_l.isra.0
                0x080061cc       0xf4 C:/Program Files/DevEnv/DevEnv/GNU-tools-for-STM32/bin/../lib/gcc/arm-none-eabi/13.3.1/../../../../arm-none-eabi/lib/thumb/v7e-m+fp/hard\libg_nano.a(libc_a-strtol.o)
 .text._strtol_r
                0x080062c0        0x4 C:/Program Files/DevEnv/DevEnv/GNU-tools-for-STM32/bin/../lib/gcc/arm-none-eabi/13.3.1/../../../../arm-none-eabi/lib/thumb/v7e-m+fp/hard\libg_nano.a(libc_a-strtol.o)
                0x080062c0                _strtol_r
 .text.__ssputs_r
                0x080062c4       0xb6 C:/Program Files/DevEnv/DevEnv/GNU-tools-for-STM32/bin/../lib/gcc/arm-none-eabi/13.3.1/../../../../arm-none-eabi/lib/thumb/v7e-m+fp/hard\libg_nano.a(libc_a-nano-svfprintf.o)
                0x080062c4                __ssputs_r
 *fill*         0x0800637a        0x2 
 .text._svfprintf_r
                0x0800637c      0x1f8 C:/Program Files/DevEnv/DevEnv/GNU-tools-for-STM32/bin/../lib/gcc/arm-none-eabi/13.3.1/../../../../arm-none-eabi/lib/thumb/v7e-m+fp/hard\libg_nano.a(libc_a-nano-svfprintf.o)
                0x0800637c                _svfiprintf_r
                0x0800637c                _svfprintf_r
 .text._sungetc_r
                0x08006574       0x7a C:/Program Files/DevEnv/DevEnv/GNU-tools-for-STM32/bin/../lib/gcc/arm-none-eabi/13.3.1/../../../../arm-none-eabi/lib/thumb/v7e-m+fp/hard\libg_nano.a(libc_a-nano-svfscanf.o)
                0x08006574                _sungetc_r
 .text.__ssrefill_r
                0x080065ee       0x3a C:/Program Files/DevEnv/DevEnv/GNU-tools-for-STM32/bin/../lib/gcc/arm-none-eabi/13.3.1/../../../../arm-none-eabi/lib/thumb/v7e-m+fp/hard\libg_nano.a(libc_a-nano-svfscanf.o)
                0x080065ee                __ssrefill_r
 .text.__ssvfscanf_r
                0x08006628      0x2ec C:/Program Files/DevEnv/DevEnv/GNU-tools-for-STM32/bin/../lib/gcc/arm-none-eabi/13.3.1/../../../../arm-none-eabi/lib/thumb/v7e-m+fp/hard\libg_nano.a(libc_a-nano-svfscanf.o)
                0x08006628                __ssvfiscanf_r
                0x08006628                __ssvfscanf_r
 .text._scanf_chars
                0x08006914       0xb4 C:/Program Files/DevEnv/DevEnv/GNU-tools-for-STM32/bin/../lib/gcc/arm-none-eabi/13.3.1/../../../../arm-none-eabi/lib/thumb/v7e-m+fp/hard\libg_nano.a(libc_a-nano-vfscanf_i.o)
                0x08006914                _scanf_chars
 .text._scanf_i
                0x080069c8      0x1e8 C:/Program Files/DevEnv/DevEnv/GNU-tools-for-STM32/bin/../lib/gcc/arm-none-eabi/13.3.1/../../../../arm-none-eabi/lib/thumb/v7e-m+fp/hard\libg_nano.a(libc_a-nano-vfscanf_i.o)
                0x080069c8                _scanf_i
 .text.__sccl   0x08006bb0       0x72 C:/Program Files/DevEnv/DevEnv/GNU-tools-for-STM32/bin/../lib/gcc/arm-none-eabi/13.3.1/../../../../arm-none-eabi/lib/thumb/v7e-m+fp/hard\libg_nano.a(libc_a-sccl.o)
                0x08006bb0                __sccl
 .text.__submore
                0x08006c22       0x74 C:/Program Files/DevEnv/DevEnv/GNU-tools-for-STM32/bin/../lib/gcc/arm-none-eabi/13.3.1/../../../../arm-none-eabi/lib/thumb/v7e-m+fp/hard\libg_nano.a(libc_a-ungetc.o)
                0x08006c22                __submore
 .text.strncmp  0x08006c96       0x24 C:/Program Files/DevEnv/DevEnv/GNU-tools-for-STM32/bin/../lib/gcc/arm-none-eabi/13.3.1/../../../../arm-none-eabi/lib/thumb/v7e-m+fp/hard\libg_nano.a(libc_a-strncmp.o)
                0x08006c96                strncmp
 *fill*         0x08006cba        0x2 
 .text._sbrk_r  0x08006cbc       0x20 C:/Program Files/DevEnv/DevEnv/GNU-tools-for-STM32/bin/../lib/gcc/arm-none-eabi/13.3.1/../../../../arm-none-eabi/lib/thumb/v7e-m+fp/hard\libg_nano.a(libc_a-sbrkr.o)
                0x08006cbc                _sbrk_r
 .text.__retarget_lock_init_recursive
                0x08006cdc        0x2 C:/Program Files/DevEnv/DevEnv/GNU-tools-for-STM32/bin/../lib/gcc/arm-none-eabi/13.3.1/../../../../arm-none-eabi/lib/thumb/v7e-m+fp/hard\libg_nano.a(libc_a-lock.o)
                0x08006cdc                __retarget_lock_init_recursive
 .text.__retarget_lock_acquire_recursive
                0x08006cde        0x2 C:/Program Files/DevEnv/DevEnv/GNU-tools-for-STM32/bin/../lib/gcc/arm-none-eabi/13.3.1/../../../../arm-none-eabi/lib/thumb/v7e-m+fp/hard\libg_nano.a(libc_a-lock.o)
                0x08006cde                __retarget_lock_acquire_recursive
 .text.__retarget_lock_release_recursive
                0x08006ce0        0x2 C:/Program Files/DevEnv/DevEnv/GNU-tools-for-STM32/bin/../lib/gcc/arm-none-eabi/13.3.1/../../../../arm-none-eabi/lib/thumb/v7e-m+fp/hard\libg_nano.a(libc_a-lock.o)
                0x08006ce0                __retarget_lock_release_recursive
 *fill*         0x08006ce2        0x6 
 .text.nan      0x08006ce8       0x10 C:/Program Files/DevEnv/DevEnv/GNU-tools-for-STM32/bin/../lib/gcc/arm-none-eabi/13.3.1/../../../../arm-none-eabi/lib/thumb/v7e-m+fp/hard\libg_nano.a(libm_a-s_nan.o)
                0x08006ce8                nan
 .text.__assert_func
                0x08006cf8       0x3c C:/Program Files/DevEnv/DevEnv/GNU-tools-for-STM32/bin/../lib/gcc/arm-none-eabi/13.3.1/../../../../arm-none-eabi/lib/thumb/v7e-m+fp/hard\libg_nano.a(libc_a-assert.o)
                0x08006cf8                __assert_func
 .text._calloc_r
                0x08006d34       0x28 C:/Program Files/DevEnv/DevEnv/GNU-tools-for-STM32/bin/../lib/gcc/arm-none-eabi/13.3.1/../../../../arm-none-eabi/lib/thumb/v7e-m+fp/hard\libg_nano.a(libc_a-callocr.o)
                0x08006d34                _calloc_r
 .text.rshift   0x08006d5c       0xa4 C:/Program Files/DevEnv/DevEnv/GNU-tools-for-STM32/bin/../lib/gcc/arm-none-eabi/13.3.1/../../../../arm-none-eabi/lib/thumb/v7e-m+fp/hard\libg_nano.a(libc_a-gdtoa-gethex.o)
 .text.__hexdig_fun
                0x08006e00       0x2a C:/Program Files/DevEnv/DevEnv/GNU-tools-for-STM32/bin/../lib/gcc/arm-none-eabi/13.3.1/../../../../arm-none-eabi/lib/thumb/v7e-m+fp/hard\libg_nano.a(libc_a-gdtoa-gethex.o)
                0x08006e00                __hexdig_fun
 *fill*         0x08006e2a        0x2 
 .text.__gethex
                0x08006e2c      0x420 C:/Program Files/DevEnv/DevEnv/GNU-tools-for-STM32/bin/../lib/gcc/arm-none-eabi/13.3.1/../../../../arm-none-eabi/lib/thumb/v7e-m+fp/hard\libg_nano.a(libc_a-gdtoa-gethex.o)
                0x08006e2c                __gethex
 .text.L_shift  0x0800724c       0x24 C:/Program Files/DevEnv/DevEnv/GNU-tools-for-STM32/bin/../lib/gcc/arm-none-eabi/13.3.1/../../../../arm-none-eabi/lib/thumb/v7e-m+fp/hard\libg_nano.a(libc_a-gdtoa-hexnan.o)
 .text.__match  0x08007270       0x28 C:/Program Files/DevEnv/DevEnv/GNU-tools-for-STM32/bin/../lib/gcc/arm-none-eabi/13.3.1/../../../../arm-none-eabi/lib/thumb/v7e-m+fp/hard\libg_nano.a(libc_a-gdtoa-hexnan.o)
                0x08007270                __match
 .text.__hexnan
                0x08007298      0x136 C:/Program Files/DevEnv/DevEnv/GNU-tools-for-STM32/bin/../lib/gcc/arm-none-eabi/13.3.1/../../../../arm-none-eabi/lib/thumb/v7e-m+fp/hard\libg_nano.a(libc_a-gdtoa-hexnan.o)
                0x08007298                __hexnan
 .text.__ascii_mbtowc
                0x080073ce       0x24 C:/Program Files/DevEnv/DevEnv/GNU-tools-for-STM32/bin/../lib/gcc/arm-none-eabi/13.3.1/../../../../arm-none-eabi/lib/thumb/v7e-m+fp/hard\libg_nano.a(libc_a-mbtowc_r.o)
                0x080073ce                __ascii_mbtowc
 .text._realloc_r
                0x080073f2       0x5c C:/Program Files/DevEnv/DevEnv/GNU-tools-for-STM32/bin/../lib/gcc/arm-none-eabi/13.3.1/../../../../arm-none-eabi/lib/thumb/v7e-m+fp/hard\libg_nano.a(libc_a-reallocr.o)
                0x080073f2                _realloc_r
 *fill*         0x0800744e        0x2 
 .text._strtoul_l.isra.0
                0x08007450       0xdc C:/Program Files/DevEnv/DevEnv/GNU-tools-for-STM32/bin/../lib/gcc/arm-none-eabi/13.3.1/../../../../arm-none-eabi/lib/thumb/v7e-m+fp/hard\libg_nano.a(libc_a-strtoul.o)
 .text._strtoul_r
                0x0800752c        0x4 C:/Program Files/DevEnv/DevEnv/GNU-tools-for-STM32/bin/../lib/gcc/arm-none-eabi/13.3.1/../../../../arm-none-eabi/lib/thumb/v7e-m+fp/hard\libg_nano.a(libc_a-strtoul.o)
                0x0800752c                _strtoul_r
 .text.__ascii_wctomb
                0x08007530       0x1a C:/Program Files/DevEnv/DevEnv/GNU-tools-for-STM32/bin/../lib/gcc/arm-none-eabi/13.3.1/../../../../arm-none-eabi/lib/thumb/v7e-m+fp/hard\libg_nano.a(libc_a-wctomb_r.o)
                0x08007530                __ascii_wctomb
 *fill*         0x0800754a        0x2 
 .text.__sflush_r
                0x0800754c      0x108 C:/Program Files/DevEnv/DevEnv/GNU-tools-for-STM32/bin/../lib/gcc/arm-none-eabi/13.3.1/../../../../arm-none-eabi/lib/thumb/v7e-m+fp/hard\libg_nano.a(libc_a-fflush.o)
                0x0800754c                __sflush_r
 .text._fflush_r
                0x08007654       0x50 C:/Program Files/DevEnv/DevEnv/GNU-tools-for-STM32/bin/../lib/gcc/arm-none-eabi/13.3.1/../../../../arm-none-eabi/lib/thumb/v7e-m+fp/hard\libg_nano.a(libc_a-fflush.o)
                0x08007654                _fflush_r
 .text.std      0x080076a4       0x6c C:/Program Files/DevEnv/DevEnv/GNU-tools-for-STM32/bin/../lib/gcc/arm-none-eabi/13.3.1/../../../../arm-none-eabi/lib/thumb/v7e-m+fp/hard\libg_nano.a(libc_a-findfp.o)
 .text.stdio_exit_handler
                0x08007710       0x18 C:/Program Files/DevEnv/DevEnv/GNU-tools-for-STM32/bin/../lib/gcc/arm-none-eabi/13.3.1/../../../../arm-none-eabi/lib/thumb/v7e-m+fp/hard\libg_nano.a(libc_a-findfp.o)
 .text.cleanup_stdio
                0x08007728       0x40 C:/Program Files/DevEnv/DevEnv/GNU-tools-for-STM32/bin/../lib/gcc/arm-none-eabi/13.3.1/../../../../arm-none-eabi/lib/thumb/v7e-m+fp/hard\libg_nano.a(libc_a-findfp.o)
 .text.global_stdio_init.part.0
                0x08007768       0x3c C:/Program Files/DevEnv/DevEnv/GNU-tools-for-STM32/bin/../lib/gcc/arm-none-eabi/13.3.1/../../../../arm-none-eabi/lib/thumb/v7e-m+fp/hard\libg_nano.a(libc_a-findfp.o)
 .text.__sfp_lock_acquire
                0x080077a4        0xc C:/Program Files/DevEnv/DevEnv/GNU-tools-for-STM32/bin/../lib/gcc/arm-none-eabi/13.3.1/../../../../arm-none-eabi/lib/thumb/v7e-m+fp/hard\libg_nano.a(libc_a-findfp.o)
                0x080077a4                __sfp_lock_acquire
 .text.__sfp_lock_release
                0x080077b0        0xc C:/Program Files/DevEnv/DevEnv/GNU-tools-for-STM32/bin/../lib/gcc/arm-none-eabi/13.3.1/../../../../arm-none-eabi/lib/thumb/v7e-m+fp/hard\libg_nano.a(libc_a-findfp.o)
                0x080077b0                __sfp_lock_release
 .text.__sinit  0x080077bc       0x30 C:/Program Files/DevEnv/DevEnv/GNU-tools-for-STM32/bin/../lib/gcc/arm-none-eabi/13.3.1/../../../../arm-none-eabi/lib/thumb/v7e-m+fp/hard\libg_nano.a(libc_a-findfp.o)
                0x080077bc                __sinit
 .text.fprintf  0x080077ec       0x24 C:/Program Files/DevEnv/DevEnv/GNU-tools-for-STM32/bin/../lib/gcc/arm-none-eabi/13.3.1/../../../../arm-none-eabi/lib/thumb/v7e-m+fp/hard\libg_nano.a(libc_a-fprintf.o)
                0x080077ec                fiprintf
                0x080077ec                fprintf
 .text._fwalk_sglue
                0x08007810       0x3c C:/Program Files/DevEnv/DevEnv/GNU-tools-for-STM32/bin/../lib/gcc/arm-none-eabi/13.3.1/../../../../arm-none-eabi/lib/thumb/v7e-m+fp/hard\libg_nano.a(libc_a-fwalk.o)
                0x08007810                _fwalk_sglue
 .text.abort    0x0800784c        0xe C:/Program Files/DevEnv/DevEnv/GNU-tools-for-STM32/bin/../lib/gcc/arm-none-eabi/13.3.1/../../../../arm-none-eabi/lib/thumb/v7e-m+fp/hard\libg_nano.a(libc_a-abort.o)
                0x0800784c                abort
 .text._malloc_usable_size_r
                0x0800785a       0x10 C:/Program Files/DevEnv/DevEnv/GNU-tools-for-STM32/bin/../lib/gcc/arm-none-eabi/13.3.1/../../../../arm-none-eabi/lib/thumb/v7e-m+fp/hard\libg_nano.a(libc_a-msizer.o)
                0x0800785a                _malloc_usable_size_r
 .text.__sfputc_r
                0x0800786a       0x2e C:/Program Files/DevEnv/DevEnv/GNU-tools-for-STM32/bin/../lib/gcc/arm-none-eabi/13.3.1/../../../../arm-none-eabi/lib/thumb/v7e-m+fp/hard\libg_nano.a(libc_a-nano-vfprintf.o)
 .text.__sfputs_r
                0x08007898       0x24 C:/Program Files/DevEnv/DevEnv/GNU-tools-for-STM32/bin/../lib/gcc/arm-none-eabi/13.3.1/../../../../arm-none-eabi/lib/thumb/v7e-m+fp/hard\libg_nano.a(libc_a-nano-vfprintf.o)
                0x08007898                __sfputs_r
 .text._vfprintf_r
                0x080078bc      0x230 C:/Program Files/DevEnv/DevEnv/GNU-tools-for-STM32/bin/../lib/gcc/arm-none-eabi/13.3.1/../../../../arm-none-eabi/lib/thumb/v7e-m+fp/hard\libg_nano.a(libc_a-nano-vfprintf.o)
                0x080078bc                _vfprintf_r
                0x080078bc                _vfiprintf_r
 .text.__swbuf_r
                0x08007aec       0x7c C:/Program Files/DevEnv/DevEnv/GNU-tools-for-STM32/bin/../lib/gcc/arm-none-eabi/13.3.1/../../../../arm-none-eabi/lib/thumb/v7e-m+fp/hard\libg_nano.a(libc_a-wbuf.o)
                0x08007aec                __swbuf_r
 .text.__swsetup_r
                0x08007b68       0xac C:/Program Files/DevEnv/DevEnv/GNU-tools-for-STM32/bin/../lib/gcc/arm-none-eabi/13.3.1/../../../../arm-none-eabi/lib/thumb/v7e-m+fp/hard\libg_nano.a(libc_a-wsetup.o)
                0x08007b68                __swsetup_r
 .text._raise_r
                0x08007c14       0x50 C:/Program Files/DevEnv/DevEnv/GNU-tools-for-STM32/bin/../lib/gcc/arm-none-eabi/13.3.1/../../../../arm-none-eabi/lib/thumb/v7e-m+fp/hard\libg_nano.a(libc_a-signal.o)
                0x08007c14                _raise_r
 .text.raise    0x08007c64       0x10 C:/Program Files/DevEnv/DevEnv/GNU-tools-for-STM32/bin/../lib/gcc/arm-none-eabi/13.3.1/../../../../arm-none-eabi/lib/thumb/v7e-m+fp/hard\libg_nano.a(libc_a-signal.o)
                0x08007c64                raise
 .text._kill_r  0x08007c74       0x24 C:/Program Files/DevEnv/DevEnv/GNU-tools-for-STM32/bin/../lib/gcc/arm-none-eabi/13.3.1/../../../../arm-none-eabi/lib/thumb/v7e-m+fp/hard\libg_nano.a(libc_a-signalr.o)
                0x08007c74                _kill_r
 .text._getpid_r
                0x08007c98        0x4 C:/Program Files/DevEnv/DevEnv/GNU-tools-for-STM32/bin/../lib/gcc/arm-none-eabi/13.3.1/../../../../arm-none-eabi/lib/thumb/v7e-m+fp/hard\libg_nano.a(libc_a-signalr.o)
                0x08007c98                _getpid_r
 .text.__swhatbuf_r
                0x08007c9c       0x4c C:/Program Files/DevEnv/DevEnv/GNU-tools-for-STM32/bin/../lib/gcc/arm-none-eabi/13.3.1/../../../../arm-none-eabi/lib/thumb/v7e-m+fp/hard\libg_nano.a(libc_a-makebuf.o)
                0x08007c9c                __swhatbuf_r
 .text.__smakebuf_r
                0x08007ce8       0x78 C:/Program Files/DevEnv/DevEnv/GNU-tools-for-STM32/bin/../lib/gcc/arm-none-eabi/13.3.1/../../../../arm-none-eabi/lib/thumb/v7e-m+fp/hard\libg_nano.a(libc_a-makebuf.o)
                0x08007ce8                __smakebuf_r
 .text._fstat_r
                0x08007d60       0x24 C:/Program Files/DevEnv/DevEnv/GNU-tools-for-STM32/bin/../lib/gcc/arm-none-eabi/13.3.1/../../../../arm-none-eabi/lib/thumb/v7e-m+fp/hard\libg_nano.a(libc_a-fstatr.o)
                0x08007d60                _fstat_r
 .text._isatty_r
                0x08007d84       0x20 C:/Program Files/DevEnv/DevEnv/GNU-tools-for-STM32/bin/../lib/gcc/arm-none-eabi/13.3.1/../../../../arm-none-eabi/lib/thumb/v7e-m+fp/hard\libg_nano.a(libc_a-isattyr.o)
                0x08007d84                _isatty_r
 .text          0x08007da4      0x424 C:/Program Files/DevEnv/DevEnv/GNU-tools-for-STM32/bin/../lib/gcc/arm-none-eabi/13.3.1/thumb/v7e-m+fp/hard\libgcc.a(_arm_muldivdf3.o)
                0x08007da4                __aeabi_dmul
                0x08007da4                __muldf3
                0x08007ff8                __divdf3
                0x08007ff8                __aeabi_ddiv
 .text          0x080081c8      0x110 C:/Program Files/DevEnv/DevEnv/GNU-tools-for-STM32/bin/../lib/gcc/arm-none-eabi/13.3.1/thumb/v7e-m+fp/hard\libgcc.a(_arm_cmpdf2.o)
                0x080081c8                __gtdf2
                0x080081c8                __gedf2
                0x080081d0                __ltdf2
                0x080081d0                __ledf2
                0x080081d8                __nedf2
                0x080081d8                __eqdf2
                0x080081d8                __cmpdf2
                0x08008254                __aeabi_cdrcmple
                0x08008264                __aeabi_cdcmpeq
                0x08008264                __aeabi_cdcmple
                0x08008274                __aeabi_dcmpeq
                0x08008288                __aeabi_dcmplt
                0x0800829c                __aeabi_dcmple
                0x080082b0                __aeabi_dcmpge
                0x080082c4                __aeabi_dcmpgt
 .text          0x080082d8       0x2c C:/Program Files/DevEnv/DevEnv/GNU-tools-for-STM32/bin/../lib/gcc/arm-none-eabi/13.3.1/thumb/v7e-m+fp/hard\libgcc.a(_arm_unorddf2.o)
                0x080082d8                __unorddf2
                0x080082d8                __aeabi_dcmpun
 .text          0x08008304       0x50 C:/Program Files/DevEnv/DevEnv/GNU-tools-for-STM32/bin/../lib/gcc/arm-none-eabi/13.3.1/thumb/v7e-m+fp/hard\libgcc.a(_arm_fixdfsi.o)
                0x08008304                __aeabi_d2iz
                0x08008304                __fixdfsi
 .text          0x08008354       0x40 C:/Program Files/DevEnv/DevEnv/GNU-tools-for-STM32/bin/../lib/gcc/arm-none-eabi/13.3.1/thumb/v7e-m+fp/hard\libgcc.a(_arm_fixunsdfsi.o)
                0x08008354                __aeabi_d2uiz
                0x08008354                __fixunsdfsi
 .text          0x08008394       0xa0 C:/Program Files/DevEnv/DevEnv/GNU-tools-for-STM32/bin/../lib/gcc/arm-none-eabi/13.3.1/thumb/v7e-m+fp/hard\libgcc.a(_arm_truncdfsf2.o)
                0x08008394                __truncdfsf2
                0x08008394                __aeabi_d2f
 .text          0x08008434       0x30 C:/Program Files/DevEnv/DevEnv/GNU-tools-for-STM32/bin/../lib/gcc/arm-none-eabi/13.3.1/thumb/v7e-m+fp/hard\libgcc.a(_fixdfdi.o)
                0x08008434                __fixdfdi
                0x08008434                __aeabi_d2lz
 .text          0x08008464       0x3c C:/Program Files/DevEnv/DevEnv/GNU-tools-for-STM32/bin/../lib/gcc/arm-none-eabi/13.3.1/thumb/v7e-m+fp/hard\libgcc.a(_fixunsdfdi.o)
                0x08008464                __fixunsdfdi
                0x08008464                __aeabi_d2ulz
 *(.rodata*)
 .rodata.config
                0x080084a0      0x1d4 D:\Workspace\gongchuang\stationary_transfer\build\config.o
                0x080084a0                config
 .rodata.main.str1.1
                0x08008674      0x5be D:\Workspace\gongchuang\stationary_transfer\build\main.o
                                0x2f5 (size before relaxing)
 .rodata.AHBPrescTable
                0x08008c32       0x10 D:\Workspace\gongchuang\stationary_transfer\build\system_stm32f4xx.o
                0x08008c32                AHBPrescTable
 .rodata.transfer_init.str1.1
                0x08008c42        0x5 D:\Workspace\gongchuang\stationary_transfer\build\transfer.o
 .rodata.servo_step.str1.1
                0x08008c42        0xf D:\Workspace\gongchuang\stationary_transfer\build\transfer.o
 .rodata.axis_step.str1.1
                0x08008c42        0xe D:\Workspace\gongchuang\stationary_transfer\build\transfer.o
 .rodata.observe.str1.1
                0x08008c42       0x10 D:\Workspace\gongchuang\stationary_transfer\build\transfer.o
 .rodata.transfer_observation.str1.1
                0x08008c42       0x77 D:\Workspace\gongchuang\stationary_transfer\build\transfer.o
 .rodata.transfer_tick.str1.1
                0x08008c42       0x50 D:\Workspace\gongchuang\stationary_transfer\build\transfer.o
 .rodata.APBAHBPrescTable
                0x08008c42       0x10 D:\Workspace\gongchuang\stationary_transfer\build\stm32f4xx_rcc.o
 .rodata._printf_float.str1.1
                0x08008c52       0x12 C:/Program Files/DevEnv/DevEnv/GNU-tools-for-STM32/bin/../lib/gcc/arm-none-eabi/13.3.1/../../../../arm-none-eabi/lib/thumb/v7e-m+fp/hard\libg_nano.a(libc_a-nano-vfprintf_float.o)
 .rodata._printf_i.str1.1
                0x08008c52       0x22 C:/Program Files/DevEnv/DevEnv/GNU-tools-for-STM32/bin/../lib/gcc/arm-none-eabi/13.3.1/../../../../arm-none-eabi/lib/thumb/v7e-m+fp/hard\libg_nano.a(libc_a-nano-vfprintf_i.o)
 .rodata._scanf_float.str1.1
                0x08008c52        0x6 C:/Program Files/DevEnv/DevEnv/GNU-tools-for-STM32/bin/../lib/gcc/arm-none-eabi/13.3.1/../../../../arm-none-eabi/lib/thumb/v7e-m+fp/hard\libg_nano.a(libc_a-nano-vfscanf_float.o)
 .rodata._dtoa_r.str1.1
                0x08008c52       0x8f C:/Program Files/DevEnv/DevEnv/GNU-tools-for-STM32/bin/../lib/gcc/arm-none-eabi/13.3.1/../../../../arm-none-eabi/lib/thumb/v7e-m+fp/hard\libg_nano.a(libc_a-dtoa.o)
 .rodata._Balloc.str1.1
                0x08008c52       0x70 C:/Program Files/DevEnv/DevEnv/GNU-tools-for-STM32/bin/../lib/gcc/arm-none-eabi/13.3.1/../../../../arm-none-eabi/lib/thumb/v7e-m+fp/hard\libg_nano.a(libc_a-mprec.o)
 .rodata.__multadd.str1.1
                0x08008c52       0x11 C:/Program Files/DevEnv/DevEnv/GNU-tools-for-STM32/bin/../lib/gcc/arm-none-eabi/13.3.1/../../../../arm-none-eabi/lib/thumb/v7e-m+fp/hard\libg_nano.a(libc_a-mprec.o)
 *fill*         0x08008c52        0x2 
 .rodata.p05.0  0x08008c54        0xc C:/Program Files/DevEnv/DevEnv/GNU-tools-for-STM32/bin/../lib/gcc/arm-none-eabi/13.3.1/../../../../arm-none-eabi/lib/thumb/v7e-m+fp/hard\libg_nano.a(libc_a-mprec.o)
 .rodata.__mprec_bigtens
                0x08008c60       0x28 C:/Program Files/DevEnv/DevEnv/GNU-tools-for-STM32/bin/../lib/gcc/arm-none-eabi/13.3.1/../../../../arm-none-eabi/lib/thumb/v7e-m+fp/hard\libg_nano.a(libc_a-mprec.o)
                0x08008c60                __mprec_bigtens
 .rodata.__mprec_tens
                0x08008c88       0xc8 C:/Program Files/DevEnv/DevEnv/GNU-tools-for-STM32/bin/../lib/gcc/arm-none-eabi/13.3.1/../../../../arm-none-eabi/lib/thumb/v7e-m+fp/hard\libg_nano.a(libc_a-mprec.o)
                0x08008c88                __mprec_tens
 .rodata._strtod_l.str1.1
                0x08008d50        0xf C:/Program Files/DevEnv/DevEnv/GNU-tools-for-STM32/bin/../lib/gcc/arm-none-eabi/13.3.1/../../../../arm-none-eabi/lib/thumb/v7e-m+fp/hard\libg_nano.a(libc_a-strtod.o)
 .rodata.fpinan.0
                0x08008d50       0x14 C:/Program Files/DevEnv/DevEnv/GNU-tools-for-STM32/bin/../lib/gcc/arm-none-eabi/13.3.1/../../../../arm-none-eabi/lib/thumb/v7e-m+fp/hard\libg_nano.a(libc_a-strtod.o)
 .rodata.fpi.1  0x08008d64       0x14 C:/Program Files/DevEnv/DevEnv/GNU-tools-for-STM32/bin/../lib/gcc/arm-none-eabi/13.3.1/../../../../arm-none-eabi/lib/thumb/v7e-m+fp/hard\libg_nano.a(libc_a-strtod.o)
 .rodata.tinytens
                0x08008d78       0x28 C:/Program Files/DevEnv/DevEnv/GNU-tools-for-STM32/bin/../lib/gcc/arm-none-eabi/13.3.1/../../../../arm-none-eabi/lib/thumb/v7e-m+fp/hard\libg_nano.a(libc_a-strtod.o)
 .rodata._ctype_
                0x08008da0      0x101 C:/Program Files/DevEnv/DevEnv/GNU-tools-for-STM32/bin/../lib/gcc/arm-none-eabi/13.3.1/../../../../arm-none-eabi/lib/thumb/v7e-m+fp/hard\libg_nano.a(libc_a-ctype_.o)
                0x08008da0                _ctype_
 .rodata._svfprintf_r.str1.1
                0x08008ea1       0x11 C:/Program Files/DevEnv/DevEnv/GNU-tools-for-STM32/bin/../lib/gcc/arm-none-eabi/13.3.1/../../../../arm-none-eabi/lib/thumb/v7e-m+fp/hard\libg_nano.a(libc_a-nano-svfprintf.o)
 .rodata.__ssvfscanf_r.str1.1
                0x08008ea1        0x4 C:/Program Files/DevEnv/DevEnv/GNU-tools-for-STM32/bin/../lib/gcc/arm-none-eabi/13.3.1/../../../../arm-none-eabi/lib/thumb/v7e-m+fp/hard\libg_nano.a(libc_a-nano-svfscanf.o)
 .rodata._scanf_i.str1.1
                0x08008ea1       0x12 C:/Program Files/DevEnv/DevEnv/GNU-tools-for-STM32/bin/../lib/gcc/arm-none-eabi/13.3.1/../../../../arm-none-eabi/lib/thumb/v7e-m+fp/hard\libg_nano.a(libc_a-nano-vfscanf_i.o)
 .rodata.str1.1
                0x08008ea1        0x9 C:/Program Files/DevEnv/DevEnv/GNU-tools-for-STM32/bin/../lib/gcc/arm-none-eabi/13.3.1/../../../../arm-none-eabi/lib/thumb/v7e-m+fp/hard\libg_nano.a(libc_a-nano-vfscanf_i.o)
 *fill*         0x08008ea1        0x3 
 .rodata        0x08008ea4        0xc C:/Program Files/DevEnv/DevEnv/GNU-tools-for-STM32/bin/../lib/gcc/arm-none-eabi/13.3.1/../../../../arm-none-eabi/lib/thumb/v7e-m+fp/hard\libg_nano.a(libc_a-nano-vfscanf_i.o)
 .rodata._setlocale_r.str1.1
                0x08008eb0        0x9 C:/Program Files/DevEnv/DevEnv/GNU-tools-for-STM32/bin/../lib/gcc/arm-none-eabi/13.3.1/../../../../arm-none-eabi/lib/thumb/v7e-m+fp/hard\libg_nano.a(libc_a-locale.o)
 .rodata.str1.1
                0x08008eb0        0x2 C:/Program Files/DevEnv/DevEnv/GNU-tools-for-STM32/bin/../lib/gcc/arm-none-eabi/13.3.1/../../../../arm-none-eabi/lib/thumb/v7e-m+fp/hard\libg_nano.a(libc_a-locale.o)
 .rodata.__assert_func.str1.1
                0x08008eb0       0x3d C:/Program Files/DevEnv/DevEnv/GNU-tools-for-STM32/bin/../lib/gcc/arm-none-eabi/13.3.1/../../../../arm-none-eabi/lib/thumb/v7e-m+fp/hard\libg_nano.a(libc_a-assert.o)
 .rodata.__gethex.str1.1
                0x08008eb0       0x73 C:/Program Files/DevEnv/DevEnv/GNU-tools-for-STM32/bin/../lib/gcc/arm-none-eabi/13.3.1/../../../../arm-none-eabi/lib/thumb/v7e-m+fp/hard\libg_nano.a(libc_a-gdtoa-gethex.o)
 .rodata._vfprintf_r.str1.1
                0x08008eb0       0x11 C:/Program Files/DevEnv/DevEnv/GNU-tools-for-STM32/bin/../lib/gcc/arm-none-eabi/13.3.1/../../../../arm-none-eabi/lib/thumb/v7e-m+fp/hard\libg_nano.a(libc_a-nano-vfprintf.o)
 *(.init)
 *(.fini)
                0x08008f24                        . = ALIGN (0x4)

.glue_7         0x08008eb0        0x0
 .glue_7        0x08008eb0        0x0 linker stubs

.glue_7t        0x08008eb0        0x0
 .glue_7t       0x08008eb0        0x0 linker stubs

.vfp11_veneer   0x08008eb0        0x0
 .vfp11_veneer  0x08008eb0        0x0 linker stubs

.v4_bx          0x08008eb0        0x0
 .v4_bx         0x08008eb0        0x0 linker stubs

.iplt           0x08008eb0        0x0
 .iplt          0x08008eb0        0x0 D:\Workspace\gongchuang\stationary_transfer\build\config.o

.ARM.extab
 *(.ARM.extab*)

.ARM.exidx      0x08008eb0        0x8
                0x08008eb0                        __exidx_start = .
 *(.ARM.exidx*)
 .ARM.exidx     0x08008eb0        0x8 C:/Program Files/DevEnv/DevEnv/GNU-tools-for-STM32/bin/../lib/gcc/arm-none-eabi/13.3.1/../../../../arm-none-eabi/lib/thumb/v7e-m+fp/hard\libg_nano.a(libc_a-strcmp.o)
 .ARM.exidx     0x08008eb8        0x0 C:/Program Files/DevEnv/DevEnv/GNU-tools-for-STM32/bin/../lib/gcc/arm-none-eabi/13.3.1/../../../../arm-none-eabi/lib/thumb/v7e-m+fp/hard\libg_nano.a(libc_a-memchr.o)
                                  0x8 (size before relaxing)
 .ARM.exidx     0x08008eb8        0x0 C:/Program Files/DevEnv/DevEnv/GNU-tools-for-STM32/bin/../lib/gcc/arm-none-eabi/13.3.1/../../../../arm-none-eabi/lib/thumb/v7e-m+fp/hard\libg_nano.a(libc_a-strlen.o)
                                  0x8 (size before relaxing)
                0x08008eb8                        __exidx_end = .
                0x08008eb8                        _sidata = LOADADDR (.data)

.rel.dyn        0x08008eb8        0x0
 .rel.iplt      0x08008eb8        0x0 D:\Workspace\gongchuang\stationary_transfer\build\config.o

.data           0x20000000      0x1d4 load address 0x08008eb8
                0x20000000                        . = ALIGN (0x4)
                0x20000000                        _sdata = .
 *(.data*)
 .data.diagnostic_token
                0x20000000        0x4 D:\Workspace\gongchuang\stationary_transfer\build\main.o
 .data.moving_servo
                0x20000004        0x4 D:\Workspace\gongchuang\stationary_transfer\build\platform.o
 .data.SystemCoreClock
                0x20000008        0x4 D:\Workspace\gongchuang\stationary_transfer\build\system_stm32f4xx.o
                0x20000008                SystemCoreClock
 .data._impure_ptr
                0x2000000c        0x4 C:/Program Files/DevEnv/DevEnv/GNU-tools-for-STM32/bin/../lib/gcc/arm-none-eabi/13.3.1/../../../../arm-none-eabi/lib/thumb/v7e-m+fp/hard\libg_nano.a(libc_a-impure.o)
                0x2000000c                _impure_ptr
 .data._impure_data
                0x20000010       0x4c C:/Program Files/DevEnv/DevEnv/GNU-tools-for-STM32/bin/../lib/gcc/arm-none-eabi/13.3.1/../../../../arm-none-eabi/lib/thumb/v7e-m+fp/hard\libg_nano.a(libc_a-impure.o)
                0x20000010                _impure_data
 .data.__global_locale
                0x2000005c      0x16c C:/Program Files/DevEnv/DevEnv/GNU-tools-for-STM32/bin/../lib/gcc/arm-none-eabi/13.3.1/../../../../arm-none-eabi/lib/thumb/v7e-m+fp/hard\libg_nano.a(libc_a-locale.o)
                0x2000005c                __global_locale
 .data.__sglue  0x200001c8        0xc C:/Program Files/DevEnv/DevEnv/GNU-tools-for-STM32/bin/../lib/gcc/arm-none-eabi/13.3.1/../../../../arm-none-eabi/lib/thumb/v7e-m+fp/hard\libg_nano.a(libc_a-findfp.o)
                0x200001c8                __sglue
                0x200001d4                        . = ALIGN (0x4)
                0x200001d4                        _edata = .

.igot.plt       0x200001d4        0x0 load address 0x0800908c
 .igot.plt      0x200001d4        0x0 D:\Workspace\gongchuang\stationary_transfer\build\config.o

.bss            0x200001d4      0x490 load address 0x0800908c
                0x200001d4                        . = ALIGN (0x4)
                0x200001d4                        _sbss = .
 *(.bss*)
 .bss.diagnostic
                0x200001d4       0x1c D:\Workspace\gongchuang\stationary_transfer\build\main.o
 .bss.low_at.0  0x200001f0        0x4 D:\Workspace\gongchuang\stationary_transfer\build\platform.o
 .bss.low.1     0x200001f4        0x4 D:\Workspace\gongchuang\stationary_transfer\build\platform.o
 .bss.servo_duration
                0x200001f8        0x4 D:\Workspace\gongchuang\stationary_transfer\build\platform.o
 .bss.servo_at  0x200001fc        0x4 D:\Workspace\gongchuang\stationary_transfer\build\platform.o
 .bss.servo_start
                0x20000200        0xc D:\Workspace\gongchuang\stationary_transfer\build\platform.o
 .bss.servo_target
                0x2000020c        0xc D:\Workspace\gongchuang\stationary_transfer\build\platform.o
 .bss.pos       0x20000218       0x14 D:\Workspace\gongchuang\stationary_transfer\build\platform.o
 .bss.wait_until
                0x2000022c        0x4 D:\Workspace\gongchuang\stationary_transfer\build\platform.o
 .bss.referenced
                0x20000230        0x4 D:\Workspace\gongchuang\stationary_transfer\build\platform.o
 .bss.discard_line
                0x20000234        0x4 D:\Workspace\gongchuang\stationary_transfer\build\platform.o
 .bss.console_n
                0x20000238        0x4 D:\Workspace\gongchuang\stationary_transfer\build\platform.o
 .bss.console   0x2000023c       0x80 D:\Workspace\gongchuang\stationary_transfer\build\platform.o
 .bss.console_rd
                0x200002bc        0x2 D:\Workspace\gongchuang\stationary_transfer\build\platform.o
 .bss.console_wr
                0x200002be        0x2 D:\Workspace\gongchuang\stationary_transfer\build\platform.o
 .bss.console_rx
                0x200002c0      0x100 D:\Workspace\gongchuang\stationary_transfer\build\platform.o
 .bss.camera_rx
                0x200003c0      0x100 D:\Workspace\gongchuang\stationary_transfer\build\platform.o
 .bss.rd        0x200004c0        0x2 D:\Workspace\gongchuang\stationary_transfer\build\platform.o
 .bss.wr        0x200004c2        0x2 D:\Workspace\gongchuang\stationary_transfer\build\platform.o
 .bss.overflow  0x200004c4        0x1 D:\Workspace\gongchuang\stationary_transfer\build\platform.o
 .bss.fault     0x200004c5        0x1 D:\Workspace\gongchuang\stationary_transfer\build\platform.o
 *fill*         0x200004c6        0x2 
 .bss.ticks     0x200004c8        0x4 D:\Workspace\gongchuang\stationary_transfer\build\platform.o
 .bss.cursor.0  0x200004cc        0x4 D:\Workspace\gongchuang\stationary_transfer\build\syscalls.o
 .bss.sequence  0x200004d0        0x4 D:\Workspace\gongchuang\stationary_transfer\build\transfer.o
 .bss.transfer  0x200004d4       0x44 D:\Workspace\gongchuang\stationary_transfer\build\transfer.o
                0x200004d4                transfer
 .bss.errno     0x20000518        0x4 C:/Program Files/DevEnv/DevEnv/GNU-tools-for-STM32/bin/../lib/gcc/arm-none-eabi/13.3.1/../../../../arm-none-eabi/lib/thumb/v7e-m+fp/hard\libg_nano.a(libc_a-reent.o)
                0x20000518                errno
 .bss.__malloc_sbrk_start
                0x2000051c        0x4 C:/Program Files/DevEnv/DevEnv/GNU-tools-for-STM32/bin/../lib/gcc/arm-none-eabi/13.3.1/../../../../arm-none-eabi/lib/thumb/v7e-m+fp/hard\libg_nano.a(libc_a-mallocr.o)
                0x2000051c                __malloc_sbrk_start
 .bss.__malloc_free_list
                0x20000520        0x4 C:/Program Files/DevEnv/DevEnv/GNU-tools-for-STM32/bin/../lib/gcc/arm-none-eabi/13.3.1/../../../../arm-none-eabi/lib/thumb/v7e-m+fp/hard\libg_nano.a(libc_a-mallocr.o)
                0x20000520                __malloc_free_list
 .bss.__lock___malloc_recursive_mutex
                0x20000524        0x1 C:/Program Files/DevEnv/DevEnv/GNU-tools-for-STM32/bin/../lib/gcc/arm-none-eabi/13.3.1/../../../../arm-none-eabi/lib/thumb/v7e-m+fp/hard\libg_nano.a(libc_a-lock.o)
                0x20000524                __lock___malloc_recursive_mutex
 .bss.__lock___sfp_recursive_mutex
                0x20000525        0x1 C:/Program Files/DevEnv/DevEnv/GNU-tools-for-STM32/bin/../lib/gcc/arm-none-eabi/13.3.1/../../../../arm-none-eabi/lib/thumb/v7e-m+fp/hard\libg_nano.a(libc_a-lock.o)
                0x20000525                __lock___sfp_recursive_mutex
 *fill*         0x20000526        0x2 
 .bss.__sf      0x20000528      0x138 C:/Program Files/DevEnv/DevEnv/GNU-tools-for-STM32/bin/../lib/gcc/arm-none-eabi/13.3.1/../../../../arm-none-eabi/lib/thumb/v7e-m+fp/hard\libg_nano.a(libc_a-findfp.o)
                0x20000528                __sf
 .bss.__stdio_exit_handler
                0x20000660        0x4 C:/Program Files/DevEnv/DevEnv/GNU-tools-for-STM32/bin/../lib/gcc/arm-none-eabi/13.3.1/../../../../arm-none-eabi/lib/thumb/v7e-m+fp/hard\libg_nano.a(libc_a-findfp.o)
                0x20000660                __stdio_exit_handler
 *(COMMON)
                0x20000664                        . = ALIGN (0x4)
                0x20000664                        _ebss = .

.heap_stack     0x20000664     0x2804 load address 0x0800908c
                0x20000668                        . = ALIGN (0x8)
 *fill*         0x20000664        0x4 
                0x20000668                        end = .
                0x20000668                        _end = .
                0x20000668                        __heap_start__ = .
                0x20000e68                        . = (. + 0x800)
 *fill*         0x20000668      0x800 
                0x20000e68                        __heap_end__ = .
                0x20002e68                        . = (. + 0x2000)
 *fill*         0x20000e68     0x2000 

/DISCARD/
 *(.note*)
 *(.comment*)
OUTPUT(D:\Workspace\gongchuang\stationary_transfer\build\stationary_transfer.elf elf32-littlearm)
LOAD linker stubs

.ARM.attributes
                0x00000000       0x32
 .ARM.attributes
                0x00000000       0x34 D:\Workspace\gongchuang\stationary_transfer\build\config.o
 .ARM.attributes
                0x00000034       0x34 D:\Workspace\gongchuang\stationary_transfer\build\main.o
 .ARM.attributes
                0x00000068       0x34 D:\Workspace\gongchuang\stationary_transfer\build\platform.o
 .ARM.attributes
                0x0000009c       0x34 D:\Workspace\gongchuang\stationary_transfer\build\protocol.o
 .ARM.attributes
                0x000000d0       0x34 D:\Workspace\gongchuang\stationary_transfer\build\syscalls.o
 .ARM.attributes
                0x00000104       0x34 D:\Workspace\gongchuang\stationary_transfer\build\system_stm32f4xx.o
 .ARM.attributes
                0x00000138       0x34 D:\Workspace\gongchuang\stationary_transfer\build\transfer.o
 .ARM.attributes
                0x0000016c       0x25 D:\Workspace\gongchuang\stationary_transfer\build\startup_gcc.o
 .ARM.attributes
                0x00000191       0x34 D:\Workspace\gongchuang\stationary_transfer\build\Emm_V5.o
 .ARM.attributes
                0x000001c5       0x34 D:\Workspace\gongchuang\stationary_transfer\build\misc.o
 .ARM.attributes
                0x000001f9       0x34 D:\Workspace\gongchuang\stationary_transfer\build\stm32f4xx_rcc.o
 .ARM.attributes
                0x0000022d       0x34 D:\Workspace\gongchuang\stationary_transfer\build\stm32f4xx_gpio.o
 .ARM.attributes
                0x00000261       0x34 D:\Workspace\gongchuang\stationary_transfer\build\stm32f4xx_tim.o
 .ARM.attributes
                0x00000295       0x34 D:\Workspace\gongchuang\stationary_transfer\build\stm32f4xx_usart.o
 .ARM.attributes
                0x000002c9       0x34 D:\Workspace\gongchuang\stationary_transfer\build\stm32f4xx_can.o
 .ARM.attributes
                0x000002fd       0x34 C:/Program Files/DevEnv/DevEnv/GNU-tools-for-STM32/bin/../lib/gcc/arm-none-eabi/13.3.1/../../../../arm-none-eabi/lib/thumb/v7e-m+fp/hard\libm.a(libm_a-sf_lround.o)
 .ARM.attributes
                0x00000331       0x22 C:/Program Files/DevEnv/DevEnv/GNU-tools-for-STM32/bin/../lib/gcc/arm-none-eabi/13.3.1/thumb/v7e-m+fp/hard\libgcc.a(_arm_addsubdf3.o)
 .ARM.attributes
                0x00000353       0x34 C:/Program Files/DevEnv/DevEnv/GNU-tools-for-STM32/bin/../lib/gcc/arm-none-eabi/13.3.1/../../../../arm-none-eabi/lib/thumb/v7e-m+fp/hard\libg_nano.a(libc_a-nano-vfprintf_float.o)
 .ARM.attributes
                0x00000387       0x34 C:/Program Files/DevEnv/DevEnv/GNU-tools-for-STM32/bin/../lib/gcc/arm-none-eabi/13.3.1/../../../../arm-none-eabi/lib/thumb/v7e-m+fp/hard\libg_nano.a(libc_a-nano-vfprintf_i.o)
 .ARM.attributes
                0x000003bb       0x34 C:/Program Files/DevEnv/DevEnv/GNU-tools-for-STM32/bin/../lib/gcc/arm-none-eabi/13.3.1/../../../../arm-none-eabi/lib/thumb/v7e-m+fp/hard\libg_nano.a(libc_a-nano-vfscanf_float.o)
 .ARM.attributes
                0x000003ef       0x34 C:/Program Files/DevEnv/DevEnv/GNU-tools-for-STM32/bin/../lib/gcc/arm-none-eabi/13.3.1/../../../../arm-none-eabi/lib/thumb/v7e-m+fp/hard\libg_nano.a(libc_a-snprintf.o)
 .ARM.attributes
                0x00000423       0x34 C:/Program Files/DevEnv/DevEnv/GNU-tools-for-STM32/bin/../lib/gcc/arm-none-eabi/13.3.1/../../../../arm-none-eabi/lib/thumb/v7e-m+fp/hard\libg_nano.a(libc_a-sprintf.o)
 .ARM.attributes
                0x00000457       0x34 C:/Program Files/DevEnv/DevEnv/GNU-tools-for-STM32/bin/../lib/gcc/arm-none-eabi/13.3.1/../../../../arm-none-eabi/lib/thumb/v7e-m+fp/hard\libg_nano.a(libc_a-sscanf.o)
 .ARM.attributes
                0x0000048b       0x34 C:/Program Files/DevEnv/DevEnv/GNU-tools-for-STM32/bin/../lib/gcc/arm-none-eabi/13.3.1/../../../../arm-none-eabi/lib/thumb/v7e-m+fp/hard\libg_nano.a(libc_a-stdio.o)
 .ARM.attributes
                0x000004bf       0x34 C:/Program Files/DevEnv/DevEnv/GNU-tools-for-STM32/bin/../lib/gcc/arm-none-eabi/13.3.1/../../../../arm-none-eabi/lib/thumb/v7e-m+fp/hard\libg_nano.a(libc_a-memmove.o)
 .ARM.attributes
                0x000004f3       0x34 C:/Program Files/DevEnv/DevEnv/GNU-tools-for-STM32/bin/../lib/gcc/arm-none-eabi/13.3.1/../../../../arm-none-eabi/lib/thumb/v7e-m+fp/hard\libg_nano.a(libc_a-memset.o)
 .ARM.attributes
                0x00000527       0x34 C:/Program Files/DevEnv/DevEnv/GNU-tools-for-STM32/bin/../lib/gcc/arm-none-eabi/13.3.1/../../../../arm-none-eabi/lib/thumb/v7e-m+fp/hard\libg_nano.a(libc_a-localeconv.o)
 .ARM.attributes
                0x0000055b       0x34 C:/Program Files/DevEnv/DevEnv/GNU-tools-for-STM32/bin/../lib/gcc/arm-none-eabi/13.3.1/../../../../arm-none-eabi/lib/thumb/v7e-m+fp/hard\libg_nano.a(libc_a-closer.o)
 .ARM.attributes
                0x0000058f       0x34 C:/Program Files/DevEnv/DevEnv/GNU-tools-for-STM32/bin/../lib/gcc/arm-none-eabi/13.3.1/../../../../arm-none-eabi/lib/thumb/v7e-m+fp/hard\libg_nano.a(libc_a-reent.o)
 .ARM.attributes
                0x000005c3       0x34 C:/Program Files/DevEnv/DevEnv/GNU-tools-for-STM32/bin/../lib/gcc/arm-none-eabi/13.3.1/../../../../arm-none-eabi/lib/thumb/v7e-m+fp/hard\libg_nano.a(libc_a-impure.o)
 .ARM.attributes
                0x000005f7       0x34 C:/Program Files/DevEnv/DevEnv/GNU-tools-for-STM32/bin/../lib/gcc/arm-none-eabi/13.3.1/../../../../arm-none-eabi/lib/thumb/v7e-m+fp/hard\libg_nano.a(libc_a-lseekr.o)
 .ARM.attributes
                0x0000062b       0x34 C:/Program Files/DevEnv/DevEnv/GNU-tools-for-STM32/bin/../lib/gcc/arm-none-eabi/13.3.1/../../../../arm-none-eabi/lib/thumb/v7e-m+fp/hard\libg_nano.a(libc_a-readr.o)
 .ARM.attributes
                0x0000065f       0x34 C:/Program Files/DevEnv/DevEnv/GNU-tools-for-STM32/bin/../lib/gcc/arm-none-eabi/13.3.1/../../../../arm-none-eabi/lib/thumb/v7e-m+fp/hard\libg_nano.a(libc_a-writer.o)
 .ARM.attributes
                0x00000693       0x34 C:/Program Files/DevEnv/DevEnv/GNU-tools-for-STM32/bin/../lib/gcc/arm-none-eabi/13.3.1/../../../../arm-none-eabi/lib/thumb/v7e-m+fp/hard\libg_nano.a(libc_a-errno.o)
 .ARM.attributes
                0x000006c7       0x20 C:/Program Files/DevEnv/DevEnv/GNU-tools-for-STM32/bin/../lib/gcc/arm-none-eabi/13.3.1/../../../../arm-none-eabi/lib/thumb/v7e-m+fp/hard\libg_nano.a(libc_a-strcmp.o)
 .ARM.attributes
                0x000006e7       0x1c C:/Program Files/DevEnv/DevEnv/GNU-tools-for-STM32/bin/../lib/gcc/arm-none-eabi/13.3.1/../../../../arm-none-eabi/lib/thumb/v7e-m+fp/hard\libg_nano.a(libc_a-memchr.o)
 .ARM.attributes
                0x00000703       0x34 C:/Program Files/DevEnv/DevEnv/GNU-tools-for-STM32/bin/../lib/gcc/arm-none-eabi/13.3.1/../../../../arm-none-eabi/lib/thumb/v7e-m+fp/hard\libg_nano.a(libc_a-memcpy-stub.o)
 .ARM.attributes
                0x00000737       0x17 C:/Program Files/DevEnv/DevEnv/GNU-tools-for-STM32/bin/../lib/gcc/arm-none-eabi/13.3.1/../../../../arm-none-eabi/lib/thumb/v7e-m+fp/hard\libg_nano.a(libc_a-strlen.o)
 .ARM.attributes
                0x0000074e       0x34 C:/Program Files/DevEnv/DevEnv/GNU-tools-for-STM32/bin/../lib/gcc/arm-none-eabi/13.3.1/../../../../arm-none-eabi/lib/thumb/v7e-m+fp/hard\libg_nano.a(libm_a-sf_nan.o)
 .ARM.attributes
                0x00000782       0x34 C:/Program Files/DevEnv/DevEnv/GNU-tools-for-STM32/bin/../lib/gcc/arm-none-eabi/13.3.1/../../../../arm-none-eabi/lib/thumb/v7e-m+fp/hard\libg_nano.a(libc_a-dtoa.o)
 .ARM.attributes
                0x000007b6       0x34 C:/Program Files/DevEnv/DevEnv/GNU-tools-for-STM32/bin/../lib/gcc/arm-none-eabi/13.3.1/../../../../arm-none-eabi/lib/thumb/v7e-m+fp/hard\libg_nano.a(libc_a-freer.o)
 .ARM.attributes
                0x000007ea       0x34 C:/Program Files/DevEnv/DevEnv/GNU-tools-for-STM32/bin/../lib/gcc/arm-none-eabi/13.3.1/../../../../arm-none-eabi/lib/thumb/v7e-m+fp/hard\libg_nano.a(libc_a-malloc.o)
 .ARM.attributes
                0x0000081e       0x34 C:/Program Files/DevEnv/DevEnv/GNU-tools-for-STM32/bin/../lib/gcc/arm-none-eabi/13.3.1/../../../../arm-none-eabi/lib/thumb/v7e-m+fp/hard\libg_nano.a(libc_a-mallocr.o)
 .ARM.attributes
                0x00000852       0x34 C:/Program Files/DevEnv/DevEnv/GNU-tools-for-STM32/bin/../lib/gcc/arm-none-eabi/13.3.1/../../../../arm-none-eabi/lib/thumb/v7e-m+fp/hard\libg_nano.a(libc_a-mlock.o)
 .ARM.attributes
                0x00000886       0x34 C:/Program Files/DevEnv/DevEnv/GNU-tools-for-STM32/bin/../lib/gcc/arm-none-eabi/13.3.1/../../../../arm-none-eabi/lib/thumb/v7e-m+fp/hard\libg_nano.a(libc_a-mprec.o)
 .ARM.attributes
                0x000008ba       0x34 C:/Program Files/DevEnv/DevEnv/GNU-tools-for-STM32/bin/../lib/gcc/arm-none-eabi/13.3.1/../../../../arm-none-eabi/lib/thumb/v7e-m+fp/hard\libg_nano.a(libc_a-strtod.o)
 .ARM.attributes
                0x000008ee       0x34 C:/Program Files/DevEnv/DevEnv/GNU-tools-for-STM32/bin/../lib/gcc/arm-none-eabi/13.3.1/../../../../arm-none-eabi/lib/thumb/v7e-m+fp/hard\libg_nano.a(libc_a-strtol.o)
 .ARM.attributes
                0x00000922       0x34 C:/Program Files/DevEnv/DevEnv/GNU-tools-for-STM32/bin/../lib/gcc/arm-none-eabi/13.3.1/../../../../arm-none-eabi/lib/thumb/v7e-m+fp/hard\libg_nano.a(libc_a-ctype_.o)
 .ARM.attributes
                0x00000956       0x34 C:/Program Files/DevEnv/DevEnv/GNU-tools-for-STM32/bin/../lib/gcc/arm-none-eabi/13.3.1/../../../../arm-none-eabi/lib/thumb/v7e-m+fp/hard\libg_nano.a(libc_a-nano-svfprintf.o)
 .ARM.attributes
                0x0000098a       0x34 C:/Program Files/DevEnv/DevEnv/GNU-tools-for-STM32/bin/../lib/gcc/arm-none-eabi/13.3.1/../../../../arm-none-eabi/lib/thumb/v7e-m+fp/hard\libg_nano.a(libc_a-nano-svfscanf.o)
 .ARM.attributes
                0x000009be       0x34 C:/Program Files/DevEnv/DevEnv/GNU-tools-for-STM32/bin/../lib/gcc/arm-none-eabi/13.3.1/../../../../arm-none-eabi/lib/thumb/v7e-m+fp/hard\libg_nano.a(libc_a-nano-vfscanf_i.o)
 .ARM.attributes
                0x000009f2       0x34 C:/Program Files/DevEnv/DevEnv/GNU-tools-for-STM32/bin/../lib/gcc/arm-none-eabi/13.3.1/../../../../arm-none-eabi/lib/thumb/v7e-m+fp/hard\libg_nano.a(libc_a-sccl.o)
 .ARM.attributes
                0x00000a26       0x34 C:/Program Files/DevEnv/DevEnv/GNU-tools-for-STM32/bin/../lib/gcc/arm-none-eabi/13.3.1/../../../../arm-none-eabi/lib/thumb/v7e-m+fp/hard\libg_nano.a(libc_a-ungetc.o)
 .ARM.attributes
                0x00000a5a       0x34 C:/Program Files/DevEnv/DevEnv/GNU-tools-for-STM32/bin/../lib/gcc/arm-none-eabi/13.3.1/../../../../arm-none-eabi/lib/thumb/v7e-m+fp/hard\libg_nano.a(libc_a-strncmp.o)
 .ARM.attributes
                0x00000a8e       0x34 C:/Program Files/DevEnv/DevEnv/GNU-tools-for-STM32/bin/../lib/gcc/arm-none-eabi/13.3.1/../../../../arm-none-eabi/lib/thumb/v7e-m+fp/hard\libg_nano.a(libc_a-locale.o)
 .ARM.attributes
                0x00000ac2       0x34 C:/Program Files/DevEnv/DevEnv/GNU-tools-for-STM32/bin/../lib/gcc/arm-none-eabi/13.3.1/../../../../arm-none-eabi/lib/thumb/v7e-m+fp/hard\libg_nano.a(libc_a-sbrkr.o)
 .ARM.attributes
                0x00000af6       0x34 C:/Program Files/DevEnv/DevEnv/GNU-tools-for-STM32/bin/../lib/gcc/arm-none-eabi/13.3.1/../../../../arm-none-eabi/lib/thumb/v7e-m+fp/hard\libg_nano.a(libc_a-lock.o)
 .ARM.attributes
                0x00000b2a       0x34 C:/Program Files/DevEnv/DevEnv/GNU-tools-for-STM32/bin/../lib/gcc/arm-none-eabi/13.3.1/../../../../arm-none-eabi/lib/thumb/v7e-m+fp/hard\libg_nano.a(libm_a-s_nan.o)
 .ARM.attributes
                0x00000b5e       0x34 C:/Program Files/DevEnv/DevEnv/GNU-tools-for-STM32/bin/../lib/gcc/arm-none-eabi/13.3.1/../../../../arm-none-eabi/lib/thumb/v7e-m+fp/hard\libg_nano.a(libc_a-assert.o)
 .ARM.attributes
                0x00000b92       0x34 C:/Program Files/DevEnv/DevEnv/GNU-tools-for-STM32/bin/../lib/gcc/arm-none-eabi/13.3.1/../../../../arm-none-eabi/lib/thumb/v7e-m+fp/hard\libg_nano.a(libc_a-callocr.o)
 .ARM.attributes
                0x00000bc6       0x34 C:/Program Files/DevEnv/DevEnv/GNU-tools-for-STM32/bin/../lib/gcc/arm-none-eabi/13.3.1/../../../../arm-none-eabi/lib/thumb/v7e-m+fp/hard\libg_nano.a(libc_a-gdtoa-gethex.o)
 .ARM.attributes
                0x00000bfa       0x34 C:/Program Files/DevEnv/DevEnv/GNU-tools-for-STM32/bin/../lib/gcc/arm-none-eabi/13.3.1/../../../../arm-none-eabi/lib/thumb/v7e-m+fp/hard\libg_nano.a(libc_a-gdtoa-hexnan.o)
 .ARM.attributes
                0x00000c2e       0x34 C:/Program Files/DevEnv/DevEnv/GNU-tools-for-STM32/bin/../lib/gcc/arm-none-eabi/13.3.1/../../../../arm-none-eabi/lib/thumb/v7e-m+fp/hard\libg_nano.a(libc_a-mbtowc_r.o)
 .ARM.attributes
                0x00000c62       0x34 C:/Program Files/DevEnv/DevEnv/GNU-tools-for-STM32/bin/../lib/gcc/arm-none-eabi/13.3.1/../../../../arm-none-eabi/lib/thumb/v7e-m+fp/hard\libg_nano.a(libc_a-reallocr.o)
 .ARM.attributes
                0x00000c96       0x34 C:/Program Files/DevEnv/DevEnv/GNU-tools-for-STM32/bin/../lib/gcc/arm-none-eabi/13.3.1/../../../../arm-none-eabi/lib/thumb/v7e-m+fp/hard\libg_nano.a(libc_a-strtoul.o)
 .ARM.attributes
                0x00000cca       0x34 C:/Program Files/DevEnv/DevEnv/GNU-tools-for-STM32/bin/../lib/gcc/arm-none-eabi/13.3.1/../../../../arm-none-eabi/lib/thumb/v7e-m+fp/hard\libg_nano.a(libc_a-wctomb_r.o)
 .ARM.attributes
                0x00000cfe       0x34 C:/Program Files/DevEnv/DevEnv/GNU-tools-for-STM32/bin/../lib/gcc/arm-none-eabi/13.3.1/../../../../arm-none-eabi/lib/thumb/v7e-m+fp/hard\libg_nano.a(libc_a-fflush.o)
 .ARM.attributes
                0x00000d32       0x34 C:/Program Files/DevEnv/DevEnv/GNU-tools-for-STM32/bin/../lib/gcc/arm-none-eabi/13.3.1/../../../../arm-none-eabi/lib/thumb/v7e-m+fp/hard\libg_nano.a(libc_a-findfp.o)
 .ARM.attributes
                0x00000d66       0x34 C:/Program Files/DevEnv/DevEnv/GNU-tools-for-STM32/bin/../lib/gcc/arm-none-eabi/13.3.1/../../../../arm-none-eabi/lib/thumb/v7e-m+fp/hard\libg_nano.a(libc_a-fprintf.o)
 .ARM.attributes
                0x00000d9a       0x34 C:/Program Files/DevEnv/DevEnv/GNU-tools-for-STM32/bin/../lib/gcc/arm-none-eabi/13.3.1/../../../../arm-none-eabi/lib/thumb/v7e-m+fp/hard\libg_nano.a(libc_a-fwalk.o)
 .ARM.attributes
                0x00000dce       0x34 C:/Program Files/DevEnv/DevEnv/GNU-tools-for-STM32/bin/../lib/gcc/arm-none-eabi/13.3.1/../../../../arm-none-eabi/lib/thumb/v7e-m+fp/hard\libg_nano.a(libc_a-abort.o)
 .ARM.attributes
                0x00000e02       0x34 C:/Program Files/DevEnv/DevEnv/GNU-tools-for-STM32/bin/../lib/gcc/arm-none-eabi/13.3.1/../../../../arm-none-eabi/lib/thumb/v7e-m+fp/hard\libg_nano.a(libc_a-msizer.o)
 .ARM.attributes
                0x00000e36       0x34 C:/Program Files/DevEnv/DevEnv/GNU-tools-for-STM32/bin/../lib/gcc/arm-none-eabi/13.3.1/../../../../arm-none-eabi/lib/thumb/v7e-m+fp/hard\libg_nano.a(libc_a-nano-vfprintf.o)
 .ARM.attributes
                0x00000e6a       0x34 C:/Program Files/DevEnv/DevEnv/GNU-tools-for-STM32/bin/../lib/gcc/arm-none-eabi/13.3.1/../../../../arm-none-eabi/lib/thumb/v7e-m+fp/hard\libg_nano.a(libc_a-wbuf.o)
 .ARM.attributes
                0x00000e9e       0x34 C:/Program Files/DevEnv/DevEnv/GNU-tools-for-STM32/bin/../lib/gcc/arm-none-eabi/13.3.1/../../../../arm-none-eabi/lib/thumb/v7e-m+fp/hard\libg_nano.a(libc_a-wsetup.o)
 .ARM.attributes
                0x00000ed2       0x34 C:/Program Files/DevEnv/DevEnv/GNU-tools-for-STM32/bin/../lib/gcc/arm-none-eabi/13.3.1/../../../../arm-none-eabi/lib/thumb/v7e-m+fp/hard\libg_nano.a(libc_a-signal.o)
 .ARM.attributes
                0x00000f06       0x34 C:/Program Files/DevEnv/DevEnv/GNU-tools-for-STM32/bin/../lib/gcc/arm-none-eabi/13.3.1/../../../../arm-none-eabi/lib/thumb/v7e-m+fp/hard\libg_nano.a(libc_a-signalr.o)
 .ARM.attributes
                0x00000f3a       0x34 C:/Program Files/DevEnv/DevEnv/GNU-tools-for-STM32/bin/../lib/gcc/arm-none-eabi/13.3.1/../../../../arm-none-eabi/lib/thumb/v7e-m+fp/hard\libg_nano.a(libc_a-makebuf.o)
 .ARM.attributes
                0x00000f6e       0x34 C:/Program Files/DevEnv/DevEnv/GNU-tools-for-STM32/bin/../lib/gcc/arm-none-eabi/13.3.1/../../../../arm-none-eabi/lib/thumb/v7e-m+fp/hard\libg_nano.a(libc_a-fstatr.o)
 .ARM.attributes
                0x00000fa2       0x34 C:/Program Files/DevEnv/DevEnv/GNU-tools-for-STM32/bin/../lib/gcc/arm-none-eabi/13.3.1/../../../../arm-none-eabi/lib/thumb/v7e-m+fp/hard\libg_nano.a(libc_a-isattyr.o)
 .ARM.attributes
                0x00000fd6       0x22 C:/Program Files/DevEnv/DevEnv/GNU-tools-for-STM32/bin/../lib/gcc/arm-none-eabi/13.3.1/thumb/v7e-m+fp/hard\libgcc.a(_arm_muldivdf3.o)
 .ARM.attributes
                0x00000ff8       0x22 C:/Program Files/DevEnv/DevEnv/GNU-tools-for-STM32/bin/../lib/gcc/arm-none-eabi/13.3.1/thumb/v7e-m+fp/hard\libgcc.a(_arm_cmpdf2.o)
 .ARM.attributes
                0x0000101a       0x22 C:/Program Files/DevEnv/DevEnv/GNU-tools-for-STM32/bin/../lib/gcc/arm-none-eabi/13.3.1/thumb/v7e-m+fp/hard\libgcc.a(_arm_unorddf2.o)
 .ARM.attributes
                0x0000103c       0x22 C:/Program Files/DevEnv/DevEnv/GNU-tools-for-STM32/bin/../lib/gcc/arm-none-eabi/13.3.1/thumb/v7e-m+fp/hard\libgcc.a(_arm_fixdfsi.o)
 .ARM.attributes
                0x0000105e       0x22 C:/Program Files/DevEnv/DevEnv/GNU-tools-for-STM32/bin/../lib/gcc/arm-none-eabi/13.3.1/thumb/v7e-m+fp/hard\libgcc.a(_arm_fixunsdfsi.o)
 .ARM.attributes
                0x00001080       0x22 C:/Program Files/DevEnv/DevEnv/GNU-tools-for-STM32/bin/../lib/gcc/arm-none-eabi/13.3.1/thumb/v7e-m+fp/hard\libgcc.a(_arm_truncdfsf2.o)
 .ARM.attributes
                0x000010a2       0x34 C:/Program Files/DevEnv/DevEnv/GNU-tools-for-STM32/bin/../lib/gcc/arm-none-eabi/13.3.1/thumb/v7e-m+fp/hard\libgcc.a(_fixdfdi.o)
 .ARM.attributes
                0x000010d6       0x34 C:/Program Files/DevEnv/DevEnv/GNU-tools-for-STM32/bin/../lib/gcc/arm-none-eabi/13.3.1/thumb/v7e-m+fp/hard\libgcc.a(_fixunsdfdi.o)

.debug_info     0x00000000    0x2f809
 .debug_info    0x00000000      0x827 D:\Workspace\gongchuang\stationary_transfer\build\config.o
 .debug_info    0x00000827      0xef0 D:\Workspace\gongchuang\stationary_transfer\build\main.o
 .debug_info    0x00001717     0x2914 D:\Workspace\gongchuang\stationary_transfer\build\platform.o
 .debug_info    0x0000402b      0x3c7 D:\Workspace\gongchuang\stationary_transfer\build\protocol.o
 .debug_info    0x000043f2      0x554 D:\Workspace\gongchuang\stationary_transfer\build\syscalls.o
 .debug_info    0x00004946      0x601 D:\Workspace\gongchuang\stationary_transfer\build\system_stm32f4xx.o
 .debug_info    0x00004f47      0xe26 D:\Workspace\gongchuang\stationary_transfer\build\transfer.o
 .debug_info    0x00005d6d       0x31 D:\Workspace\gongchuang\stationary_transfer\build\startup_gcc.o
 .debug_info    0x00005d9e      0x8bf D:\Workspace\gongchuang\stationary_transfer\build\Emm_V5.o
 .debug_info    0x0000665d      0x50e D:\Workspace\gongchuang\stationary_transfer\build\misc.o
 .debug_info    0x00006b6b      0xe6b D:\Workspace\gongchuang\stationary_transfer\build\stm32f4xx_rcc.o