Component: ARM Compiler 5.06 update 5 (build 528) Tool: armlink [4d35e2]

==============================================================================

Section Cross References

    main.o(.text) refers to _printf_percent.o(.ARM.Collect$$_printf_percent$$00000000) for _printf_percent
    main.o(.text) refers to _printf_d.o(.ARM.Collect$$_printf_percent$$00000009) for _printf_d
    main.o(.text) refers to _printf_u.o(.ARM.Collect$$_printf_percent$$0000000A) for _printf_u
    main.o(.text) refers to _printf_f.o(.ARM.Collect$$_printf_percent$$00000003) for _printf_f
    main.o(.text) refers to _printf_s.o(.ARM.Collect$$_printf_percent$$00000014) for _printf_s
    main.o(.text) refers to _printf_dec.o(.text) for _printf_int_dec
    main.o(.text) refers to printf1.o(x$fpl$printf1) for _printf_fp_dec
    main.o(.text) refers to _printf_str.o(.text) for _printf_str
    main.o(.text) refers to _scanf_str.o(.text) for _scanf_string
    main.o(.text) refers to scanf1.o(x$fpl$scanf1) for _scanf_real
    main.o(.text) refers to _scanf_int.o(.text) for _scanf_int
    main.o(.text) refers to strcmpv7m.o(.text) for strcmp
    main.o(.text) refers to transfer.o(.text) for transfer_abort
    main.o(.text) refers to platform.o(.text) for platform_position
    main.o(.text) refers to f2d.o(x$fpl$f2d) for __aeabi_f2d
    main.o(.text) refers to noretval__2snprintf.o(.text) for __2snprintf
    main.o(.text) refers to __0sscanf.o(.text) for __0sscanf
    main.o(.text) refers to rt_memclr_w.o(.text) for __aeabi_memclr4
    main.o(.text) refers to protocol.o(.text) for protocol_feed
    main.o(.text) refers to transfer.o(.bss) for transfer
    main.o(.text) refers to main.o(.conststring) for .conststring
    main.o(.text) refers to config.o(.constdata) for config
    main.o(.text) refers to main.o(.bss) for diagnostic
    main.o(.text) refers to main.o(.data) for diagnostic_token
    platform.o(.text) refers to stm32f4xx_gpio.o(.text) for GPIO_StructInit
    platform.o(.text) refers to stm32f4xx_usart.o(.text) for USART_StructInit
    platform.o(.text) refers to system_stm32f4xx.o(.text) for SystemCoreClockUpdate
    platform.o(.text) refers to misc.o(.text) for NVIC_PriorityGroupConfig
    platform.o(.text) refers to stm32f4xx_rcc.o(.text) for RCC_AHB1PeriphClockCmd
    platform.o(.text) refers to stm32f4xx_can.o(.text) for CAN_StructInit
    platform.o(.text) refers to stm32f4xx_tim.o(.text) for TIM_TimeBaseStructInit
    platform.o(.text) refers to protocol.o(.text) for protocol_encode
    platform.o(.text) refers to platform.o(.data) for ticks
    platform.o(.text) refers to system_stm32f4xx.o(.data) for SystemCoreClock
    platform.o(.text) refers to platform.o(.bss) for camera_rx
    platform.o(.text) refers to rt_memcpy_v6.o(.text) for __aeabi_memcpy
    platform.o(.text) refers to rt_memclr_w.o(.text) for __aeabi_memclr4
    platform.o(.text) refers to rt_memcpy_w.o(.text) for __aeabi_memcpy4
    platform.o(.text) refers to emm_v5.o(.text) for Emm_V5_En_Control
    platform.o(.text) refers to config.o(.constdata) for config
    protocol.o(.text) refers to rt_memclr.o(.text) for __aeabi_memclr
    protocol.o(.text) refers to rt_memmove_v6.o(.text) for __aeabi_memmove
    system_stm32f4xx.o(.text) refers to system_stm32f4xx.o(.data) for SystemCoreClock
    transfer.o(.text) refers to platform.o(.text) for platform_ms
    transfer.o(.text) refers to rt_memclr_w.o(.text) for __aeabi_memclr4
    transfer.o(.text) refers to config.o(.text) for config_valid
    transfer.o(.text) refers to lroundf.o(i.__hardfp_lroundf) for __hardfp_lroundf
    transfer.o(.text) refers to transfer.o(.bss) for transfer
    transfer.o(.text) refers to config.o(.constdata) for config
    transfer.o(.text) refers to transfer.o(.data) for sequence
    transfer.o(.text) refers to copysignf.o(i.__hardfp_copysignf) for __hardfp_copysignf
    emm_v5.o(.text) refers to platform.o(.text) for can_SendCmd
    emm_v5.o(.text) refers to rt_memclr_w.o(.text) for __aeabi_memclr4
    stm32f4xx_rcc.o(.text) refers to stm32f4xx_rcc.o(.data) for APBAHBPrescTable
    stm32f4xx_gpio.o(.text) refers to stm32f4xx_rcc.o(.text) for RCC_AHB1PeriphResetCmd
    stm32f4xx_tim.o(.text) refers to stm32f4xx_rcc.o(.text) for RCC_APB2PeriphResetCmd
    stm32f4xx_usart.o(.text) refers to stm32f4xx_rcc.o(.text) for RCC_APB2PeriphResetCmd
    stm32f4xx_can.o(.text) refers to stm32f4xx_rcc.o(.text) for RCC_APB1PeriphResetCmd
    startup_stm32f40_41xxx.o(STACK) refers (Special) to heapauxi.o(.text) for __use_two_region_memory
    startup_stm32f40_41xxx.o(HEAP) refers (Special) to heapauxi.o(.text) for __use_two_region_memory
    startup_stm32f40_41xxx.o(RESET) refers (Special) to heapauxi.o(.text) for __use_two_region_memory
    startup_stm32f40_41xxx.o(RESET) refers to startup_stm32f40_41xxx.o(STACK) for __initial_sp
    startup_stm32f40_41xxx.o(RESET) refers to startup_stm32f40_41xxx.o(.text) for Reset_Handler
[...]
    moving_servo                             0x2000002c   Data           4  platform.o(.data)
    low_at                                   0x20000030   Data           4  platform.o(.data)
    low                                      0x20000034   Data           4  platform.o(.data)
    .data                                    0x20000038   Section       20  system_stm32f4xx.o(.data)
    .data                                    0x2000004c   Section        4  transfer.o(.data)
    sequence                                 0x2000004c   Data           4  transfer.o(.data)
    .data                                    0x20000050   Section       16  stm32f4xx_rcc.o(.data)
    APBAHBPrescTable                         0x20000050   Data          16  stm32f4xx_rcc.o(.data)
    .bss                                     0x20000060   Section       28  main.o(.bss)
    diagnostic                               0x20000060   Data          28  main.o(.bss)
    .bss                                     0x2000007c   Section      684  platform.o(.bss)
    camera_rx                                0x2000007c   Data         256  platform.o(.bss)
    console_rx                               0x2000017c   Data         256  platform.o(.bss)
    console                                  0x2000027c   Data         128  platform.o(.bss)
    pos                                      0x200002fc   Data          20  platform.o(.bss)
    servo_target                             0x20000310   Data          12  platform.o(.bss)
    servo_start                              0x2000031c   Data          12  platform.o(.bss)
    .bss                                     0x20000328   Section       68  transfer.o(.bss)
    .bss                                     0x2000036c   Section       96  libspace.o(.bss)
    HEAP                                     0x200003d0   Section      512  startup_stm32f40_41xxx.o(HEAP)
    Heap_Mem                                 0x200003d0   Data         512  startup_stm32f40_41xxx.o(HEAP)
    STACK                                    0x200005d0   Section     1024  startup_stm32f40_41xxx.o(STACK)
    Stack_Mem                                0x200005d0   Data        1024  startup_stm32f40_41xxx.o(STACK)
    __initial_sp                             0x200009d0   Data           0  startup_stm32f40_41xxx.o(STACK)

    Global Symbols

    Symbol Name                              Value     Ov Type        Size  Object(Section)

    BuildAttributes$$THM_ISAv4$E$P$D$K$B$S$7EM$VFPi3$EXTD16$VFPS$VFMA$PE$A:L22UL41UL21$X:L11$S22US41US21$IEEE1$IW$USESV6$~STKCKD$USESV7$~SHL$OTIME$ROPI$IEEEX$EBA8$UX$STANDARDLIB$REQ8$PRES8$EABIv2 0x00000000   Number         0  anon$$obj.o ABSOLUTE
    __ARM_use_no_argv                        0x00000000   Number         0  main.o ABSOLUTE
    _printf_flags                            0x00000000   Number         0  printf_stubs.o ABSOLUTE
    _printf_return_value                     0x00000000   Number         0  printf_stubs.o ABSOLUTE
    _printf_sizespec                         0x00000000   Number         0  printf_stubs.o ABSOLUTE
    _printf_widthprec                        0x00000000   Number         0  printf_stubs.o ABSOLUTE
    __ARM_exceptions_init                     - Undefined Weak Reference
    __alloca_initialize                       - Undefined Weak Reference
    __arm_preinit_                            - Undefined Weak Reference
    __cpp_initialize__aeabi_                  - Undefined Weak Reference
    __cxa_finalize                            - Undefined Weak Reference
    __sigvec_lookup                           - Undefined Weak Reference
    _atexit_init                              - Undefined Weak Reference
    _call_atexit_fns                          - Undefined Weak Reference
    _clock_init                               - Undefined Weak Reference
    _fp_trap_init                             - Undefined Weak Reference
    _fp_trap_shutdown                         - Undefined Weak Reference
    _get_lc_collate                           - Undefined Weak Reference
    _get_lc_monetary                          - Undefined Weak Reference
    _get_lc_time                              - Undefined Weak Reference
    _getenv_init                              - Undefined Weak Reference
    _handle_redirection                       - Undefined Weak Reference
    _init_alloc                               - Undefined Weak Reference
    _init_user_alloc                          - Undefined Weak Reference
    _initio                                   - Undefined Weak Reference
    _printf_mbtowc                            - Undefined Weak Reference
    _printf_post_padding                      - Undefined Weak Reference
    _printf_pre_padding                       - Undefined Weak Reference
    _printf_truncate_signed                   - Undefined Weak Reference
    _printf_truncate_unsigned                 - Undefined Weak Reference
    _rand_init                                - Undefined Weak Reference
    _scanf_longlong                           - Undefined Weak Reference
    _scanf_mbtowc                             - Undefined Weak Reference
    _scanf_wctomb                             - Undefined Weak Reference
    _scanf_wstring                            - Undefined Weak Reference
    _signal_finish                            - Undefined Weak Reference
    _signal_init                              - Undefined Weak Reference
    _terminate_alloc                          - Undefined Weak Reference
    _terminate_user_alloc                     - Undefined Weak Reference
    _terminateio                              - Undefined Weak Reference
    __Vectors_Size                           0x00000188   Number         0  startup_stm32f40_41xxx.o ABSOLUTE
    __Vectors                                0x08000000   Data           4  startup_stm32f40_41xxx.o(RESET)
    __Vectors_End                            0x08000188   Data           0  startup_stm32f40_41xxx.o(RESET)
    __main                                   0x08000189   Thumb Code     8  __main.o(!!!main)
    __scatterload                            0x08000191   Thumb Code     0  __scatter.o(!!!scatter)
    __scatterload_rt2                        0x08000191   Thumb Code    44  __scatter.o(!!!scatter)
    __scatterload_rt2_thumb_only             0x08000191   Thumb Code     0  __scatter.o(!!!scatter)
    __scatterload_null                       0x0800019f   Thumb Code     0  __scatter.o(!!!scatter)
    __scatterload_copy                       0x080001c5   Thumb Code    26  __scatter_copy.o(!!handler_copy)
    __scatterload_zeroinit                   0x080001e1   Thumb Code    28  __scatter_zi.o(!!handler_zi)
    _printf_f                                0x080001fd   Thumb Code     0  _printf_f.o(.ARM.Collect$$_printf_percent$$00000003)
    _printf_percent                          0x080001fd   Thumb Code     0  _printf_percent.o(.ARM.Collect$$_printf_percent$$00000000)
    _printf_d                                0x08000203   Thumb Code     0  _printf_d.o(.ARM.Collect$$_printf_percent$$00000009)
    _printf_u                                0x08000209   Thumb Code     0  _printf_u.o(.ARM.Collect$$_printf_percent$$0000000A)
    _printf_s                                0x0800020f   Thumb Code     0  _printf_s.o(.ARM.Collect$$_printf_percent$$00000014)
    _printf_percent_end                      0x08000215   Thumb Code     0  _printf_percent_end.o(.ARM.Collect$$_printf_percent$$00000017)
    __rt_lib_init                            0x08000219   Thumb Code     0  libinit.o(.ARM.Collect$$libinit$$00000000)
    __rt_lib_init_fp_1                       0x0800021b   Thumb Code     0  libinit2.o(.ARM.Collect$$libinit$$00000001)
    __rt_lib_init_heap_1                     0x0800021f   Thumb Code     0  libinit2.o(.ARM.Collect$$libinit$$0000000A)
    __rt_lib_init_lc_common                  0x0800021f   Thumb Code     0  libinit2.o(.ARM.Collect$$libinit$$0000000F)
    __rt_lib_init_preinit_1                  0x0800021f   Thumb Code     0  libinit2.o(.ARM.Collect$$libinit$$00000004)
    __rt_lib_init_rand_1                     0x0800021f   Thumb Code     0  libinit2.o(.ARM.Collect$$libinit$$0000000E)
    __rt_lib_init_user_alloc_1               0x0800021f   Thumb Code     0  libinit2.o(.ARM.Collect$$libinit$$0000000C)
    __rt_lib_init_lc_collate_1               0x08000225   Thumb Code     0  libinit2.o(.ARM.Collect$$libinit$$00000011)
    __rt_lib_init_lc_ctype_2                 0x08000225   Thumb Code     0  libinit2.o(.ARM.Collect$$libinit$$00000012)
    __rt_lib_init_lc_ctype_1                 0x08000231   Thumb Code     0  libinit2.o(.ARM.Collect$$libinit$$00000013)
    __rt_lib_init_lc_monetary_1              0x08000231   Thumb Code     0  libinit2.o(.ARM.Collect$$libinit$$00000015)
    __rt_lib_init_lc_numeric_2               0x08000231   Thumb Code     0  libinit2.o(.ARM.Collect$$libinit$$00000016)
    __rt_lib_init_alloca_1                   0x0800023b   Thumb Code     0  libinit2.o(.ARM.Collect$$libinit$$0000002E)
    __rt_lib_init_argv_1                     0x0800023b   Thumb Code     0  libinit2.o(.ARM.Collect$$libinit$$0000002C)
    __rt_lib_init_atexit_1                   0x0800023b   Thumb Code     0  libinit2.o(.ARM.Collect$$libinit$$0000001B)
    __rt_lib_init_clock_1                    0x0800023b   Thumb Code     0  libinit2.o(.ARM.Collect$$libinit$$00000021)
    __rt_lib_init_cpp_1                      0x0800023b   Thumb Code     0  libinit2.o(.ARM.Collect$$libinit$$00000032)
    __rt_lib_init_exceptions_1               0x0800023b   Thumb Code     0  libinit2.o(.ARM.Collect$$libinit$$00000030)
    __rt_lib_init_fp_trap_1                  0x0800023b   Thumb Code     0  libinit2.o(.ARM.Collect$$libinit$$0000001F)
    __rt_lib_init_getenv_1                   0x0800023b   Thumb Code     0  libinit2.o(.ARM.Collect$$libinit$$00000023)
    __rt_lib_init_lc_numeric_1               0x0800023b   Thumb Code     0  libinit2.o(.ARM.Collect$$libinit$$00000017)
    __rt_lib_init_lc_time_1                  0x0800023b   Thumb Code     0  libinit2.o(.ARM.Collect$$libinit$$00000019)
    __rt_lib_init_return                     0x0800023b   Thumb Code     0  libinit2.o(.ARM.Collect$$libinit$$00000033)
    __rt_lib_init_signal_1                   0x0800023b   Thumb Code     0  libinit2.o(.ARM.Collect$$libinit$$0000001D)
    __rt_lib_init_stdio_1                    0x0800023b   Thumb Code     0  libinit2.o(.ARM.Collect$$libinit$$00000025)
    __rt_lib_shutdown                        0x0800023d   Thumb Code     0  libshutdown.o(.ARM.Collect$$libshutdown$$00000000)
    __rt_lib_shutdown_cpp_1                  0x0800023f   Thumb Code     0  libshutdown2.o(.ARM.Collect$$libshutdown$$00000002)
    __rt_lib_shutdown_fp_trap_1              0x0800023f   Thumb Code     0  libshutdown2.o(.ARM.Collect$$libshutdown$$00000007)
    __rt_lib_shutdown_heap_1                 0x0800023f   Thumb Code     0  libshutdown2.o(.ARM.Collect$$libshutdown$$0000000F)
    __rt_lib_shutdown_return                 0x0800023f   Thumb Code     0  libshutdown2.o(.ARM.Collect$$libshutdown$$00000010)
    __rt_lib_shutdown_signal_1               0x0800023f   Thumb Code     0  libshutdown2.o(.ARM.Collect$$libshutdown$$0000000A)
    __rt_lib_shutdown_stdio_1                0x0800023f   Thumb Code     0  libshutdown2.o(.ARM.Collect$$libshutdown$$00000004)
    __rt_lib_shutdown_user_alloc_1           0x0800023f   Thumb Code     0  libshutdown2.o(.ARM.Collect$$libshutdown$$0000000C)
    __rt_entry                               0x08000241   Thumb Code     0  __rtentry.o(.ARM.Collect$$rtentry$$00000000)
    __rt_entry_presh_1                       0x08000241   Thumb Code     0  __rtentry2.o(.ARM.Collect$$rtentry$$00000002)
    __rt_entry_sh                            0x08000241   Thumb Code     0  __rtentry4.o(.ARM.Collect$$rtentry$$00000004)
    __rt_entry_li                            0x08000247   Thumb Code     0  __rtentry2.o(.ARM.Collect$$rtentry$$0000000A)
    __rt_entry_postsh_1                      0x08000247   Thumb Code     0  __rtentry2.o(.ARM.Collect$$rtentry$$00000009)
    __rt_entry_main                          0x0800024b   Thumb Code     0  __rtentry2.o(.ARM.Collect$$rtentry$$0000000D)
    __rt_entry_postli_1                      0x0800024b   Thumb Code     0  __rtentry2.o(.ARM.Collect$$rtentry$$0000000C)
    __rt_exit                                0x08000253   Thumb Code     0  rtexit.o(.ARM.Collect$$rtexit$$00000000)
    __rt_exit_ls                             0x08000255   Thumb Code     0  rtexit2.o(.ARM.Collect$$rtexit$$00000003)
    __rt_exit_prels_1                        0x08000255   Thumb Code     0  rtexit2.o(.ARM.Collect$$rtexit$$00000002)
    __rt_exit_exit                           0x08000259   Thumb Code     0  rtexit2.o(.ARM.Collect$$rtexit$$00000004)
    config_valid                             0x08000315   Thumb Code  1030  config.o(.text)
    main                                     0x08000acf   Thumb Code   650  main.o(.text)
    platform_ms                              0x08000dad   Thumb Code     6  platform.o(.text)
    SysTick_Handler                          0x08000db3   Thumb Code    12  platform.o(.text)
    HardFault_Handler                        0x08000dbf   Thumb Code     4  platform.o(.text)
    platform_init                            0x08000e39   Thumb Code   544  platform.o(.text)
    UART4_IRQHandler                         0x08001059   Thumb Code    72  platform.o(.text)
    platform_camera_byte                     0x080010a1   Thumb Code    44  platform.o(.text)
    USART1_IRQHandler                        0x080010cd   Thumb Code    70  platform.o(.text)
    platform_camera_send                     0x0800114b   Thumb Code    44  platform.o(.text)
    platform_log                             0x08001177   Thumb Code   128  platform.o(.text)
    platform_line                            0x080011f7   Thumb Code   174  platform.o(.text)
    can_SendCmd                              0x080012a5   Thumb Code   218  platform.o(.text)
    platform_busy                            0x080013df   Thumb Code    22  platform.o(.text)
    platform_fault                           0x080013f5   Thumb Code    20  platform.o(.text)
    platform_referenced                      0x08001409   Thumb Code     6  platform.o(.text)
    platform_position                        0x0800140f   Thumb Code    22  platform.o(.text)
    platform_zero                            0x08001425   Thumb Code   382  platform.o(.text)
    platform_axis                            0x080015a3   Thumb Code   434  platform.o(.text)
    platform_servo                           0x08001755   Thumb Code   210  platform.o(.text)
    platform_poll                            0x08001827   Thumb Code   226  platform.o(.text)
    platform_stop                            0x08001909   Thumb Code    42  platform.o(.text)
    platform_stop_pressed                    0x08001933   Thumb Code    66  platform.o(.text)
    protocol_crc                             0x080019dd   Thumb Code    68  protocol.o(.text)
    protocol_encode                          0x08001a21   Thumb Code   132  protocol.o(.text)
    protocol_feed                            0x08001aa5   Thumb Code   208  protocol.o(.text)
    SystemInit                               0x08001c51   Thumb Code    88  system_stm32f4xx.o(.text)
    SystemCoreClockUpdate                    0x08001ca9   Thumb Code   174  system_stm32f4xx.o(.text)
    transfer_init                            0x08001da1   Thumb Code    18  transfer.o(.text)
    transfer_active                          0x08001db3   Thumb Code    30  transfer.o(.text)
    transfer_abort                           0x08001dd1   Thumb Code    26  transfer.o(.text)
    transfer_start                           0x08001deb   Thumb Code   168  transfer.o(.text)
    transfer_observation                     0x080020bf   Thumb Code  1006  transfer.o(.text)
    transfer_tick                            0x080024ad   Thumb Code   862  transfer.o(.text)
    Emm_V5_Reset_CurPos_To_Zero              0x08002839   Thumb Code    46  emm_v5.o(.text)
    Emm_V5_Reset_Clog_Pro                    0x08002867   Thumb Code    46  emm_v5.o(.text)
    Emm_V5_Read_Sys_Params                   0x08002895   Thumb Code   262  emm_v5.o(.text)
    Emm_V5_Modify_Ctrl_Mode                  0x0800299b   Thumb Code    58  emm_v5.o(.text)
    Emm_V5_En_Control                        0x080029d5   Thumb Code    58  emm_v5.o(.text)
    Emm_V5_Vel_Control                       0x08002a0f   Thumb Code    78  emm_v5.o(.text)
    Emm_V5_Pos_Control                       0x08002a5d   Thumb Code   108  emm_v5.o(.text)
    Emm_V5_Stop_Now                          0x08002ac9   Thumb Code    52  emm_v5.o(.text)
    Emm_V5_Synchronous_motion                0x08002afd   Thumb Code    46  emm_v5.o(.text)
    Emm_V5_Origin_Set_O                      0x08002b2b   Thumb Code    52  emm_v5.o(.text)
    Emm_V5_Origin_Modify_Params              0x08002b5f   Thumb Code   170  emm_v5.o(.text)
    Emm_V5_Origin_Trigger_Return             0x08002c09   Thumb Code    52  emm_v5.o(.text)
    Emm_V5_Origin_Interrupt                  0x08002c3d   Thumb Code    46  emm_v5.o(.text)
    NVIC_PriorityGroupConfig                 0x08002c6d   Thumb Code    10  misc.o(.text)
    NVIC_Init                                0x08002c77   Thumb Code   106  misc.o(.text)
    NVIC_SetVectorTable                      0x08002ce1   Thumb Code    14  misc.o(.text)
    NVIC_SystemLPConfig                      0x08002cef   Thumb Code    34  misc.o(.text)
    SysTick_CLKSourceConfig                  0x08002d11   Thumb Code    40  misc.o(.text)
    RCC_DeInit                               0x08002d4d   Thumb Code    82  stm32f4xx_rcc.o(.text)
    RCC_HSEConfig                            0x08002d9f   Thumb Code    14  stm32f4xx_rcc.o(.text)
    RCC_GetFlagStatus                        0x08002dad   Thumb Code    60  stm32f4xx_rcc.o(.text)
    RCC_WaitForHSEStartUp                    0x08002de9   Thumb Code    56  stm32f4xx_rcc.o(.text)
    RCC_AdjustHSICalibrationValue            0x08002e21   Thumb Code    20  stm32f4xx_rcc.o(.text)
    RCC_HSICmd                               0x08002e35   Thumb Code     6  stm32f4xx_rcc.o(.text)
    RCC_LSEConfig                            0x08002e3b   Thumb Code    46  stm32f4xx_rcc.o(.text)
    RCC_LSICmd                               0x08002e69   Thumb Code     6  stm32f4xx_rcc.o(.text)
    RCC_PLLConfig                            0x08002e6f   Thumb Code    32  stm32f4xx_rcc.o(.text)
    RCC_PLLCmd                               0x08002e8f   Thumb Code     6  stm32f4xx_rcc.o(.text)
    RCC_PLLI2SConfig                         0x08002e95   Thumb Code    14  stm32f4xx_rcc.o(.text)
    RCC_PLLI2SCmd                            0x08002ea3   Thumb Code     6  stm32f4xx_rcc.o(.text)
    RCC_PLLSAIConfig                         0x08002ea9   Thumb Code    20  stm32f4xx_rcc.o(.text)
    RCC_PLLSAICmd                            0x08002ebd   Thumb Code     6  stm32f4xx_rcc.o(.text)
    RCC_ClockSecuritySystemCmd               0x08002ec3   Thumb Code     6  stm32f4xx_rcc.o(.text)
    RCC_MCO1Config                           0x08002ec9   Thumb Code    28  stm32f4xx_rcc.o(.text)
    RCC_MCO2Config                           0x08002ee5   Thumb Code    28  stm32f4xx_rcc.o(.text)
    RCC_SYSCLKConfig                         0x08002f01   Thumb Code    20  stm32f4xx_rcc.o(.text)
    RCC_GetSYSCLKSource                      0x08002f15   Thumb Code    12  stm32f4xx_rcc.o(.text)
    RCC_HCLKConfig                           0x08002f21   Thumb Code    20  stm32f4xx_rcc.o(.text)
    RCC_PCLK1Config                          0x08002f35   Thumb Code    20  stm32f4xx_rcc.o(.text)
    RCC_PCLK2Config                          0x08002f49   Thumb Code    22  stm32f4xx_rcc.o(.text)
    RCC_GetClocksFreq                        0x08002f5f   Thumb Code   222  stm32f4xx_rcc.o(.text)
    RCC_RTCCLKConfig                         0x0800303d   Thumb Code    54  stm32f4xx_rcc.o(.text)
    RCC_RTCCLKCmd                            0x08003073   Thumb Code     8  stm32f4xx_rcc.o(.text)
    RCC_BackupResetCmd                       0x0800307b   Thumb Code     8  stm32f4xx_rcc.o(.text)
    RCC_I2SCLKConfig                         0x08003083   Thumb Code     6  stm32f4xx_rcc.o(.text)
    RCC_SAIPLLI2SClkDivConfig                0x08003089   Thumb Code    26  stm32f4xx_rcc.o(.text)
    RCC_SAIPLLSAIClkDivConfig                0x080030a3   Thumb Code    28  stm32f4xx_rcc.o(.text)
    RCC_SAIBlockACLKConfig                   0x080030bf   Thumb Code    20  stm32f4xx_rcc.o(.text)
    RCC_SAIBlockBCLKConfig                   0x080030d3   Thumb Code    20  stm32f4xx_rcc.o(.text)
    RCC_LTDCCLKDivConfig                     0x080030e7   Thumb Code    20  stm32f4xx_rcc.o(.text)
    RCC_TIMCLKPresConfig                     0x080030fb   Thumb Code     6  stm32f4xx_rcc.o(.text)
    RCC_AHB1PeriphClockCmd                   0x08003101   Thumb Code    34  stm32f4xx_rcc.o(.text)
    RCC_AHB2PeriphClockCmd                   0x08003123   Thumb Code    78  stm32f4xx_rcc.o(.text)
    RCC_AHB3PeriphClockCmd                   0x08003171   Thumb Code    34  stm32f4xx_rcc.o(.text)
    RCC_APB1PeriphClockCmd                   0x08003193   Thumb Code    34  stm32f4xx_rcc.o(.text)
    RCC_APB2PeriphClockCmd                   0x080031b5   Thumb Code    34  stm32f4xx_rcc.o(.text)
    RCC_AHB1PeriphResetCmd                   0x080031d7   Thumb Code    34  stm32f4xx_rcc.o(.text)
    RCC_AHB2PeriphResetCmd                   0x080031f9   Thumb Code    34  stm32f4xx_rcc.o(.text)
    RCC_AHB3PeriphResetCmd                   0x0800321b   Thumb Code    34  stm32f4xx_rcc.o(.text)
    RCC_APB1PeriphResetCmd                   0x0800323d   Thumb Code    34  stm32f4xx_rcc.o(.text)
    RCC_APB2PeriphResetCmd                   0x0800325f   Thumb Code    34  stm32f4xx_rcc.o(.text)
    RCC_AHB1PeriphClockLPModeCmd             0x08003281   Thumb Code    34  stm32f4xx_rcc.o(.text)
    RCC_AHB2PeriphClockLPModeCmd             0x080032a3   Thumb Code    34  stm32f4xx_rcc.o(.text)
    RCC_AHB3PeriphClockLPModeCmd             0x080032c5   Thumb Code    34  stm32f4xx_rcc.o(.text)
    RCC_APB1PeriphClockLPModeCmd             0x080032e7   Thumb Code    34  stm32f4xx_rcc.o(.text)
    RCC_APB2PeriphClockLPModeCmd             0x08003309   Thumb Code    34  stm32f4xx_rcc.o(.text)
    RCC_LSEModeConfig                        0x0800332b   Thumb Code    40  stm32f4xx_rcc.o(.text)
    RCC_ITConfig                             0x08003353   Thumb Code    34  stm32f4xx_rcc.o(.text)
    RCC_ClearFlag                            0x08003375   Thumb Code    18  stm32f4xx_rcc.o(.text)
    RCC_GetITStatus                          0x08003387   Thumb Code    22  stm32f4xx_rcc.o(.text)
    RCC_ClearITPendingBit                    0x0800339d   Thumb Code     8  stm32f4xx_rcc.o(.text)
    GPIO_DeInit                              0x080033a9   Thumb Code   268  stm32f4xx_gpio.o(.text)
    GPIO_Init                                0x080034b5   Thumb Code   144  stm32f4xx_gpio.o(.text)
    GPIO_StructInit                          0x08003545   Thumb Code    18  stm32f4xx_gpio.o(.text)
    GPIO_PinLockConfig                       0x08003557   Thumb Code    34  stm32f4xx_gpio.o(.text)
    GPIO_ReadInputDataBit                    0x08003579   Thumb Code    18  stm32f4xx_gpio.o(.text)
    GPIO_ReadInputData                       0x0800358b   Thumb Code     8  stm32f4xx_gpio.o(.text)
    GPIO_ReadOutputDataBit                   0x08003593   Thumb Code    18  stm32f4xx_gpio.o(.text)
    GPIO_ReadOutputData                      0x080035a5   Thumb Code     8  stm32f4xx_gpio.o(.text)
    GPIO_SetBits                             0x080035ad   Thumb Code     4  stm32f4xx_gpio.o(.text)
    GPIO_ResetBits                           0x080035b1   Thumb Code     4  stm32f4xx_gpio.o(.text)
    GPIO_WriteBit                            0x080035b5   Thumb Code    10  stm32f4xx_gpio.o(.text)
    GPIO_Write                               0x080035bf   Thumb Code     4  stm32f4xx_gpio.o(.text)
    GPIO_ToggleBits                          0x080035c3   Thumb Code     8  stm32f4xx_gpio.o(.text)
    GPIO_PinAFConfig                         0x080035cb   Thumb Code    70  stm32f4xx_gpio.o(.text)
    TIM_DeInit                               0x0800363d   Thumb Code   346  stm32f4xx_tim.o(.text)
    TIM_TimeBaseInit                         0x08003797   Thumb Code   104  stm32f4xx_tim.o(.text)
    TIM_TimeBaseStructInit                   0x080037ff   Thumb Code    18  stm32f4xx_tim.o(.text)
    TIM_PrescalerConfig                      0x08003811   Thumb Code     6  stm32f4xx_tim.o(.text)
    TIM_CounterModeConfig                    0x08003817   Thumb Code    18  stm32f4xx_tim.o(.text)
    TIM_SetCounter                           0x08003829   Thumb Code     4  stm32f4xx_tim.o(.text)
    TIM_SetAutoreload                        0x0800382d   Thumb Code     4  stm32f4xx_tim.o(.text)
    TIM_GetCounter                           0x08003831   Thumb Code     6  stm32f4xx_tim.o(.text)
    TIM_GetPrescaler                         0x08003837   Thumb Code     6  stm32f4xx_tim.o(.text)
    TIM_UpdateDisableConfig                  0x0800383d   Thumb Code    24  stm32f4xx_tim.o(.text)
    TIM_UpdateRequestConfig                  0x08003855   Thumb Code    24  stm32f4xx_tim.o(.text)
    TIM_ARRPreloadConfig                     0x0800386d   Thumb Code    24  stm32f4xx_tim.o(.text)
    TIM_SelectOnePulseMode                   0x08003885   Thumb Code    18  stm32f4xx_tim.o(.text)
    TIM_SetClockDivision                     0x08003897   Thumb Code    18  stm32f4xx_tim.o(.text)
    TIM_Cmd                                  0x080038a9   Thumb Code    24  stm32f4xx_tim.o(.text)
    TIM_OC1Init                              0x080038c1   Thumb Code   114  stm32f4xx_tim.o(.text)
    TIM_OC2Init                              0x08003933   Thumb Code   154  stm32f4xx_tim.o(.text)
    TIM_OC3Init                              0x080039cd   Thumb Code   204  stm32f4xx_tim.o(.text)
    TIM_OC4Init                              0x08003a99   Thumb Code   112  stm32f4xx_tim.o(.text)
    TIM_OCStructInit                         0x08003b09   Thumb Code    20  stm32f4xx_tim.o(.text)
    TIM_SelectOCxM                           0x08003b1d   Thumb Code    86  stm32f4xx_tim.o(.text)
    TIM_SetCompare1                          0x08003b73   Thumb Code     4  stm32f4xx_tim.o(.text)
    TIM_SetCompare2                          0x08003b77   Thumb Code     4  stm32f4xx_tim.o(.text)
    TIM_SetCompare3                          0x08003b7b   Thumb Code     4  stm32f4xx_tim.o(.text)
    TIM_SetCompare4                          0x08003b7f   Thumb Code     4  stm32f4xx_tim.o(.text)
    TIM_ForcedOC1Config                      0x08003b83   Thumb Code    18  stm32f4xx_tim.o(.text)
    TIM_ForcedOC2Config                      0x08003b95   Thumb Code    26  stm32f4xx_tim.o(.text)
    TIM_ForcedOC3Config                      0x08003baf   Thumb Code    18  stm32f4xx_tim.o(.text)
    TIM_ForcedOC4Config                      0x08003bc1   Thumb Code    26  stm32f4xx_tim.o(.text)
    TIM_OC1PreloadConfig                     0x08003bdb   Thumb Code    18  stm32f4xx_tim.o(.text)
    TIM_OC2PreloadConfig                     0x08003bed   Thumb Code    26  stm32f4xx_tim.o(.text)
    TIM_OC3PreloadConfig                     0x08003c07   Thumb Code    18  stm32f4xx_tim.o(.text)
    TIM_OC4PreloadConfig                     0x08003c19   Thumb Code    26  stm32f4xx_tim.o(.text)
    TIM_OC1FastConfig                        0x08003c33   Thumb Code    18  stm32f4xx_tim.o(.text)
    TIM_OC2FastConfig                        0x08003c45   Thumb Code    26  stm32f4xx_tim.o(.text)
    TIM_OC3FastConfig                        0x08003c5f   Thumb Code    18  stm32f4xx_tim.o(.text)
    TIM_OC4FastConfig                        0x08003c71   Thumb Code    26  stm32f4xx_tim.o(.text)
    TIM_ClearOC1Ref                          0x08003c8b   Thumb Code    18  stm32f4xx_tim.o(.text)
    TIM_ClearOC2Ref                          0x08003c9d   Thumb Code    24  stm32f4xx_tim.o(.text)
    TIM_ClearOC3Ref                          0x08003cb5   Thumb Code    18  stm32f4xx_tim.o(.text)
    TIM_ClearOC4Ref                          0x08003cc7   Thumb Code    24  stm32f4xx_tim.o(.text)
    TIM_OC1PolarityConfig                    0x08003cdf   Thumb Code    18  stm32f4xx_tim.o(.text)
    TIM_OC1NPolarityConfig                   0x08003cf1   Thumb Code    18  stm32f4xx_tim.o(.text)
    TIM_OC2PolarityConfig                    0x08003d03   Thumb Code    26  stm32f4xx_tim.o(.text)
    TIM_OC2NPolarityConfig                   0x08003d1d   Thumb Code    26  stm32f4xx_tim.o(.text)
    TIM_OC3PolarityConfig                    0x08003d37   Thumb Code    26  stm32f4xx_tim.o(.text)
    TIM_OC3NPolarityConfig                   0x08003d51   Thumb Code    26  stm32f4xx_tim.o(.text)
    TIM_OC4PolarityConfig                    0x08003d6b   Thumb Code    26  stm32f4xx_tim.o(.text)
    TIM_CCxCmd                               0x08003d85   Thumb Code    30  stm32f4xx_tim.o(.text)
    TIM_CCxNCmd                              0x08003da3   Thumb Code    30  stm32f4xx_tim.o(.text)
    TIM_SetIC4Prescaler                      0x08003dc1   Thumb Code    26  stm32f4xx_tim.o(.text)
    TIM_SetIC3Prescaler                      0x08003e2b   Thumb Code    18  stm32f4xx_tim.o(.text)
    TIM_SetIC2Prescaler                      0x08003e85   Thumb Code    26  stm32f4xx_tim.o(.text)
    TIM_SetIC1Prescaler                      0x08003ef9   Thumb Code    18  stm32f4xx_tim.o(.text)
    TIM_ICInit                               0x08003f45   Thumb Code   110  stm32f4xx_tim.o(.text)
    TIM_ICStructInit                         0x08003fb3   Thumb Code    18  stm32f4xx_tim.o(.text)
    TIM_PWMIConfig                           0x08003fc5   Thumb Code   124  stm32f4xx_tim.o(.text)
    TIM_GetCapture1                          0x08004041   Thumb Code     6  stm32f4xx_tim.o(.text)
    TIM_GetCapture2                          0x08004047   Thumb Code     6  stm32f4xx_tim.o(.text)
    TIM_GetCapture3                          0x0800404d   Thumb Code     6  stm32f4xx_tim.o(.text)
    TIM_GetCapture4                          0x08004053   Thumb Code     6  stm32f4xx_tim.o(.text)
    TIM_BDTRConfig                           0x08004059   Thumb Code    32  stm32f4xx_tim.o(.text)
    TIM_BDTRStructInit                       0x08004079   Thumb Code    18  stm32f4xx_tim.o(.text)
    TIM_CtrlPWMOutputs                       0x0800408b   Thumb Code    30  stm32f4xx_tim.o(.text)
    TIM_SelectCOM                            0x080040a9   Thumb Code    24  stm32f4xx_tim.o(.text)
    TIM_CCPreloadControl                     0x080040c1   Thumb Code    24  stm32f4xx_tim.o(.text)
    TIM_ITConfig                             0x080040d9   Thumb Code    18  stm32f4xx_tim.o(.text)
    TIM_GenerateEvent                        0x080040eb   Thumb Code     4  stm32f4xx_tim.o(.text)
    TIM_GetFlagStatus                        0x080040ef   Thumb Code    18  stm32f4xx_tim.o(.text)
    TIM_ClearFlag                            0x08004101   Thumb Code     6  stm32f4xx_tim.o(.text)
    TIM_GetITStatus                          0x08004107   Thumb Code    34  stm32f4xx_tim.o(.text)
    TIM_ClearITPendingBit                    0x08004129   Thumb Code     6  stm32f4xx_tim.o(.text)
    TIM_DMAConfig                            0x0800412f   Thumb Code    10  stm32f4xx_tim.o(.text)
    TIM_DMACmd                               0x08004139   Thumb Code    18  stm32f4xx_tim.o(.text)
    TIM_SelectCCDMA                          0x0800414b   Thumb Code    24  stm32f4xx_tim.o(.text)
    TIM_InternalClockConfig                  0x08004163   Thumb Code    12  stm32f4xx_tim.o(.text)
    TIM_SelectInputTrigger                   0x0800416f   Thumb Code    18  stm32f4xx_tim.o(.text)
    TIM_ITRxExternalClockConfig              0x08004181   Thumb Code    24  stm32f4xx_tim.o(.text)
    TIM_TIxExternalClockConfig               0x08004199   Thumb Code    62  stm32f4xx_tim.o(.text)
    TIM_ETRConfig                            0x080041d7   Thumb Code    28  stm32f4xx_tim.o(.text)
    TIM_ETRClockMode1Config                  0x080041f3   Thumb Code    54  stm32f4xx_tim.o(.text)
    TIM_ETRClockMode2Config                  0x08004229   Thumb Code    32  stm32f4xx_tim.o(.text)
    TIM_SelectOutputTrigger                  0x08004249   Thumb Code    18  stm32f4xx_tim.o(.text)
    TIM_SelectSlaveMode                      0x0800425b   Thumb Code    18  stm32f4xx_tim.o(.text)
    TIM_SelectMasterSlaveMode                0x0800426d   Thumb Code    18  stm32f4xx_tim.o(.text)
    TIM_EncoderInterfaceConfig               0x0800427f   Thumb Code    66  stm32f4xx_tim.o(.text)
    TIM_SelectHallSensor                     0x080042c1   Thumb Code    24  stm32f4xx_tim.o(.text)
    TIM_RemapConfig                          0x080042d9   Thumb Code     6  stm32f4xx_tim.o(.text)
    USART_DeInit                             0x080042e1   Thumb Code   206  stm32f4xx_usart.o(.text)
    USART_Init                               0x080043af   Thumb Code   204  stm32f4xx_usart.o(.text)
    USART_StructInit                         0x0800447b   Thumb Code    24  stm32f4xx_usart.o(.text)
    USART_ClockInit                          0x08004493   Thumb Code    32  stm32f4xx_usart.o(.text)
    USART_ClockStructInit                    0x080044b3   Thumb Code    12  stm32f4xx_usart.o(.text)
    USART_Cmd                                0x080044bf   Thumb Code    24  stm32f4xx_usart.o(.text)
    USART_SetPrescaler                       0x080044d7   Thumb Code    16  stm32f4xx_usart.o(.text)
    USART_OverSampling8Cmd                   0x080044e7   Thumb Code    22  stm32f4xx_usart.o(.text)
    USART_OneBitMethodCmd                    0x080044fd   Thumb Code    24  stm32f4xx_usart.o(.text)
    USART_SendData                           0x08004515   Thumb Code     8  stm32f4xx_usart.o(.text)
    USART_ReceiveData                        0x0800451d   Thumb Code    10  stm32f4xx_usart.o(.text)
    USART_SetAddress                         0x08004527   Thumb Code    18  stm32f4xx_usart.o(.text)
    USART_ReceiverWakeUpCmd                  0x08004539   Thumb Code    24  stm32f4xx_usart.o(.text)
    USART_WakeUpConfig                       0x08004551   Thumb Code    18  stm32f4xx_usart.o(.text)
    USART_LINBreakDetectLengthConfig         0x08004563   Thumb Code    18  stm32f4xx_usart.o(.text)
    USART_LINCmd                             0x08004575   Thumb Code    24  stm32f4xx_usart.o(.text)
    USART_SendBreak                          0x0800458d   Thumb Code    10  stm32f4xx_usart.o(.text)
    USART_HalfDuplexCmd                      0x08004597   Thumb Code    24  stm32f4xx_usart.o(.text)
    USART_SetGuardTime                       0x080045af   Thumb Code    16  stm32f4xx_usart.o(.text)
    USART_SmartCardCmd                       0x080045bf   Thumb Code    24  stm32f4xx_usart.o(.text)
    USART_SmartCardNACKCmd                   0x080045d7   Thumb Code    24  stm32f4xx_usart.o(.text)
    USART_IrDAConfig                         0x080045ef   Thumb Code    18  stm32f4xx_usart.o(.text)
    USART_IrDACmd                            0x08004601   Thumb Code    24  stm32f4xx_usart.o(.text)
    USART_DMACmd                             0x08004619   Thumb Code    18  stm32f4xx_usart.o(.text)
    USART_ITConfig                           0x0800462b   Thumb Code    74  stm32f4xx_usart.o(.text)
    USART_GetFlagStatus                      0x08004675   Thumb Code    26  stm32f4xx_usart.o(.text)
    USART_ClearFlag                          0x0800468f   Thumb Code    18  stm32f4xx_usart.o(.text)
    USART_GetITStatus                        0x080046a1   Thumb Code   118  stm32f4xx_usart.o(.text)
    USART_ClearITPendingBit                  0x08004717   Thumb Code    30  stm32f4xx_usart.o(.text)
    CAN_DeInit                               0x08004735   Thumb Code    50  stm32f4xx_can.o(.text)
    CAN_Init                                 0x08004767   Thumb Code   276  stm32f4xx_can.o(.text)
    CAN_FilterInit                           0x0800487b   Thumb Code   258  stm32f4xx_can.o(.text)
    CAN_StructInit                           0x0800497d   Thumb Code    32  stm32f4xx_can.o(.text)
    CAN_SlaveStartBank                       0x0800499d   Thumb Code    48  stm32f4xx_can.o(.text)
    CAN_DBGFreeze                            0x080049cd   Thumb Code    22  stm32f4xx_can.o(.text)
    CAN_TTComModeCmd                         0x080049e3   Thumb Code   118  stm32f4xx_can.o(.text)
    CAN_Transmit                             0x08004a59   Thumb Code   304  stm32f4xx_can.o(.text)
    CAN_TransmitStatus                       0x08004b89   Thumb Code   138  stm32f4xx_can.o(.text)
    CAN_CancelTransmit                       0x08004c13   Thumb Code    48  stm32f4xx_can.o(.text)
    CAN_Receive                              0x08004c43   Thumb Code   240  stm32f4xx_can.o(.text)
    CAN_FIFORelease                          0x08004d33   Thumb Code    22  stm32f4xx_can.o(.text)
    CAN_MessagePending                       0x08004d49   Thumb Code    30  stm32f4xx_can.o(.text)
    CAN_OperatingModeRequest                 0x08004d67   Thumb Code   162  stm32f4xx_can.o(.text)
    CAN_Sleep                                0x08004e09   Thumb Code    30  stm32f4xx_can.o(.text)
    CAN_WakeUp                               0x08004e27   Thumb Code    48  stm32f4xx_can.o(.text)
    CAN_GetLastErrorCode                     0x08004e57   Thumb Code    12  stm32f4xx_can.o(.text)
    CAN_GetReceiveErrorCounter               0x08004e63   Thumb Code    10  stm32f4xx_can.o(.text)
    CAN_GetLSBTransmitErrorCounter           0x08004e6d   Thumb Code    12  stm32f4xx_can.o(.text)
    CAN_ITConfig                             0x08004e79   Thumb Code    18  stm32f4xx_can.o(.text)
    CAN_GetFlagStatus                        0x08004e8b   Thumb Code   120  stm32f4xx_can.o(.text)
    CAN_ClearFlag                            0x08004f03   Thumb Code    52  stm32f4xx_can.o(.text)
    CAN_GetITStatus                          0x08004f49   Thumb Code   310  stm32f4xx_can.o(.text)
    CAN_ClearITPendingBit                    0x0800507f   Thumb Code   162  stm32f4xx_can.o(.text)
    Reset_Handler                            0x08005125   Thumb Code     8  startup_stm32f40_41xxx.o(.text)
    NMI_Handler                              0x0800512d   Thumb Code     2  startup_stm32f40_41xxx.o(.text)
    MemManage_Handler                        0x08005131   Thumb Code     2  startup_stm32f40_41xxx.o(.text)
    BusFault_Handler                         0x08005133   Thumb Code     2  startup_stm32f40_41xxx.o(.text)
    UsageFault_Handler                       0x08005135   Thumb Code     2  startup_stm32f40_41xxx.o(.text)
    SVC_Handler                              0x08005137   Thumb Code     2  startup_stm32f40_41xxx.o(.text)
    DebugMon_Handler                         0x08005139   Thumb Code     2  startup_stm32f40_41xxx.o(.text)
    PendSV_Handler                           0x0800513b   Thumb Code     2  startup_stm32f40_41xxx.o(.text)
    ADC_IRQHandler                           0x0800513f   Thumb Code     0  startup_stm32f40_41xxx.o(.text)
    CAN1_RX0_IRQHandler                      0x0800513f   Thumb Code     0  startup_stm32f40_41xxx.o(.text)
    CAN1_RX1_IRQHandler                      0x0800513f   Thumb Code     0  startup_stm32f40_41xxx.o(.text)
    CAN1_SCE_IRQHandler                      0x0800513f   Thumb Code     0  startup_stm32f40_41xxx.o(.text)
    CAN1_TX_IRQHandler                       0x0800513f   Thumb Code     0  startup_stm32f40_41xxx.o(.text)
    CAN2_RX0_IRQHandler                      0x0800513f   Thumb Code     0  startup_stm32f40_41xxx.o(.text)
    CAN2_RX1_IRQHandler                      0x0800513f   Thumb Code     0  startup_stm32f40_41xxx.o(.text)
    CAN2_SCE_IRQHandler                      0x0800513f   Thumb Code     0  startup_stm32f40_41xxx.o(.text)
    CAN2_TX_IRQHandler                       0x0800513f   Thumb Code     0  startup_stm32f40_41xxx.o(.text)
    CRYP_IRQHandler                          0x0800513f   Thumb Code     0  startup_stm32f40_41xxx.o(.text)
    DCMI_IRQHandler                          0x0800513f   Thumb Code     0  startup_stm32f40_41xxx.o(.text)
    DMA1_Stream0_IRQHandler                  0x0800513f   Thumb Code     0  startup_stm32f40_41xxx.o(.text)
    DMA1_Stream1_IRQHandler                  0x0800513f   Thumb Code     0  startup_stm32f40_41xxx.o(.text)
    DMA1_Stream2_IRQHandler                  0x0800513f   Thumb Code     0  startup_stm32f40_41xxx.o(.text)
    DMA1_Stream3_IRQHandler                  0x0800513f   Thumb Code     0  startup_stm32f40_41xxx.o(.text)
    DMA1_Stream4_IRQHandler                  0x0800513f   Thumb Code     0  startup_stm32f40_41xxx.o(.text)
    DMA1_Stream5_IRQHandler                  0x0800513f   Thumb Code     0  startup_stm32f40_41xxx.o(.text)
    DMA1_Stream6_IRQHandler                  0x0800513f   Thumb Code     0  startup_stm32f40_41xxx.o(.text)
    DMA1_Stream7_IRQHandler                  0x0800513f   Thumb Code     0  startup_stm32f40_41xxx.o(.text)
    DMA2_Stream0_IRQHandler                  0x0800513f   Thumb Code     0  startup_stm32f40_41xxx.o(.text)
    DMA2_Stream1_IRQHandler                  0x0800513f   Thumb Code     0  startup_stm32f40_41xxx.o(.text)
    DMA2_Stream2_IRQHandler                  0x0800513f   Thumb Code     0  startup_stm32f40_41xxx.o(.text)
    DMA2_Stream3_IRQHandler                  0x0800513f   Thumb Code     0  startup_stm32f40_41xxx.o(.text)
    DMA2_Stream4_IRQHandler                  0x0800513f   Thumb Code     0  startup_stm32f40_41xxx.o(.text)
    DMA2_Stream5_IRQHandler                  0x0800513f   Thumb Code     0  startup_stm32f40_41xxx.o(.text)
    DMA2_Stream6_IRQHandler                  0x0800513f   Thumb Code     0  startup_stm32f40_41xxx.o(.text)
    DMA2_Stream7_IRQHandler                  0x0800513f   Thumb Code     0  startup_stm32f40_41xxx.o(.text)
    ETH_IRQHandler                           0x0800513f   Thumb Code     0  startup_stm32f40_41xxx.o(.text)
    ETH_WKUP_IRQHandler                      0x0800513f   Thumb Code     0  startup_stm32f40_41xxx.o(.text)
    EXTI0_IRQHandler                         0x0800513f   Thumb Code     0  startup_stm32f40_41xxx.o(.text)
    EXTI15_10_IRQHandler                     0x0800513f   Thumb Code     0  startup_stm32f40_41xxx.o(.text)
    EXTI1_IRQHandler                         0x0800513f   Thumb Code     0  startup_stm32f40_41xxx.o(.text)
    EXTI2_IRQHandler                         0x0800513f   Thumb Code     0  startup_stm32f40_41xxx.o(.text)
    EXTI3_IRQHandler                         0x0800513f   Thumb Code     0  startup_stm32f40_41xxx.o(.text)
    EXTI4_IRQHandler                         0x0800513f   Thumb Code     0  startup_stm32f40_41xxx.o(.text)
    EXTI9_5_IRQHandler                       0x0800513f   Thumb Code     0  startup_stm32f40_41xxx.o(.text)
    FLASH_IRQHandler                         0x0800513f   Thumb Code     0  startup_stm32f40_41xxx.o(.text)
    FPU_IRQHandler                           0x0800513f   Thumb Code     0  startup_stm32f40_41xxx.o(.text)
    FSMC_IRQHandler                          0x0800513f   Thumb Code     0  startup_stm32f40_41xxx.o(.text)
    HASH_RNG_IRQHandler                      0x0800513f   Thumb Code     0  startup_stm32f40_41xxx.o(.text)
    I2C1_ER_IRQHandler                       0x0800513f   Thumb Code     0  startup_stm32f40_41xxx.o(.text)
    I2C1_EV_IRQHandler                       0x0800513f   Thumb Code     0  startup_stm32f40_41xxx.o(.text)
    I2C2_ER_IRQHandler                       0x0800513f   Thumb Code     0  startup_stm32f40_41xxx.o(.text)
    I2C2_EV_IRQHandler                       0x0800513f   Thumb Code     0  startup_stm32f40_41xxx.o(.text)
    I2C3_ER_IRQHandler                       0x0800513f   Thumb Code     0  startup_stm32f40_41xxx.o(.text)
    I2C3_EV_IRQHandler                       0x0800513f   Thumb Code     0  startup_stm32f40_41xxx.o(.text)
    OTG_FS_IRQHandler                        0x0800513f   Thumb Code     0  startup_stm32f40_41xxx.o(.text)
    OTG_FS_WKUP_IRQHandler                   0x0800513f   Thumb Code     0  startup_stm32f40_41xxx.o(.text)
    OTG_HS_EP1_IN_IRQHandler                 0x0800513f   Thumb Code     0  startup_stm32f40_41xxx.o(.text)
    OTG_HS_EP1_OUT_IRQHandler                0x0800513f   Thumb Code     0  startup_stm32f40_41xxx.o(.text)
    OTG_HS_IRQHandler                        0x0800513f   Thumb Code     0  startup_stm32f40_41xxx.o(.text)
    OTG_HS_WKUP_IRQHandler                   0x0800513f   Thumb Code     0  startup_stm32f40_41xxx.o(.text)
    PVD_IRQHandler                           0x0800513f   Thumb Code     0  startup_stm32f40_41xxx.o(.text)
    RCC_IRQHandler                           0x0800513f   Thumb Code     0  startup_stm32f40_41xxx.o(.text)
    RTC_Alarm_IRQHandler                     0x0800513f   Thumb Code     0  startup_stm32f40_41xxx.o(.text)
    RTC_WKUP_IRQHandler                      0x0800513f   Thumb Code     0  startup_stm32f40_41xxx.o(.text)
    SDIO_IRQHandler                          0x0800513f   Thumb Code     0  startup_stm32f40_41xxx.o(.text)
    SPI1_IRQHandler                          0x0800513f   Thumb Code     0  startup_stm32f40_41xxx.o(.text)
    SPI2_IRQHandler                          0x0800513f   Thumb Code     0  startup_stm32f40_41xxx.o(.text)
    SPI3_IRQHandler                          0x0800513f   Thumb Code     0  startup_stm32f40_41xxx.o(.text)
    TAMP_STAMP_IRQHandler                    0x0800513f   Thumb Code     0  startup_stm32f40_41xxx.o(.text)
    TIM1_BRK_TIM9_IRQHandler                 0x0800513f   Thumb Code     0  startup_stm32f40_41xxx.o(.text)
    TIM1_CC_IRQHandler                       0x0800513f   Thumb Code     0  startup_stm32f40_41xxx.o(.text)
    TIM1_TRG_COM_TIM11_IRQHandler            0x0800513f   Thumb Code     0  startup_stm32f40_41xxx.o(.text)
    TIM1_UP_TIM10_IRQHandler                 0x0800513f   Thumb Code     0  startup_stm32f40_41xxx.o(.text)
    TIM2_IRQHandler                          0x0800513f   Thumb Code     0  startup_stm32f40_41xxx.o(.text)
    TIM3_IRQHandler                          0x0800513f   Thumb Code     0  startup_stm32f40_41xxx.o(.text)
    TIM4_IRQHandler                          0x0800513f   Thumb Code     0  startup_stm32f40_41xxx.o(.text)
    TIM5_IRQHandler                          0x0800513f   Thumb Code     0  startup_stm32f40_41xxx.o(.text)
    TIM6_DAC_IRQHandler                      0x0800513f   Thumb Code     0  startup_stm32f40_41xxx.o(.text)
    TIM7_IRQHandler                          0x0800513f   Thumb Code     0  startup_stm32f40_41xxx.o(.text)
    TIM8_BRK_TIM12_IRQHandler                0x0800513f   Thumb Code     0  startup_stm32f40_41xxx.o(.text)
    TIM8_CC_IRQHandler                       0x0800513f   Thumb Code     0  startup_stm32f40_41xxx.o(.text)
    TIM8_TRG_COM_TIM14_IRQHandler            0x0800513f   Thumb Code     0  startup_stm32f40_41xxx.o(.text)
    TIM8_UP_TIM13_IRQHandler                 0x0800513f   Thumb Code     0  startup_stm32f40_41xxx.o(.text)
    UART5_IRQHandler                         0x0800513f   Thumb Code     0  startup_stm32f40_41xxx.o(.text)
    USART2_IRQHandler                        0x0800513f   Thumb Code     0  startup_stm32f40_41xxx.o(.text)
    USART3_IRQHandler                        0x0800513f   Thumb Code     0  startup_stm32f40_41xxx.o(.text)
    USART6_IRQHandler                        0x0800513f   Thumb Code     0  startup_stm32f40_41xxx.o(.text)
    WWDG_IRQHandler                          0x0800513f   Thumb Code     0  startup_stm32f40_41xxx.o(.text)
    __user_initial_stackheap                 0x08005141   Thumb Code     0  startup_stm32f40_41xxx.o(.text)
    __2snprintf                              0x08005165   Thumb Code    48  noretval__2snprintf.o(.text)
    _printf_str                              0x08005199   Thumb Code    82  _printf_str.o(.text)
    _printf_int_dec                          0x080051ed   Thumb Code   104  _printf_dec.o(.text)
    __printf                                 0x08005265   Thumb Code   270  __printf_wp.o(.text)
    __0sscanf                                0x08005375   Thumb Code    52  __0sscanf.o(.text)
    _scanf_int                               0x080053b1   Thumb Code   332  _scanf_int.o(.text)
    _scanf_string                            0x080054fd   Thumb Code   224  _scanf_str.o(.text)
    __aeabi_memcpy                           0x080055dd   Thumb Code     0  rt_memcpy_v6.o(.text)
    __rt_memcpy                              0x080055dd   Thumb Code   138  rt_memcpy_v6.o(.text)
    _memcpy_lastbytes                        0x08005643   Thumb Code     0  rt_memcpy_v6.o(.text)
    __aeabi_memmove                          0x08005667   Thumb Code     0  rt_memmove_v6.o(.text)
    __rt_memmove                             0x08005667   Thumb Code   132  rt_memmove_v6.o(.text)
    __memmove_lastfew                        0x080056c7   Thumb Code     0  rt_memmove_v6.o(.text)
    __aeabi_memcpy4                          0x080056eb   Thumb Code     0  rt_memcpy_w.o(.text)
    __aeabi_memcpy8                          0x080056eb   Thumb Code     0  rt_memcpy_w.o(.text)
    __rt_memcpy_w                            0x080056eb   Thumb Code   100  rt_memcpy_w.o(.text)
    _memcpy_lastbytes_aligned                0x08005733   Thumb Code     0  rt_memcpy_w.o(.text)
    __aeabi_memclr                           0x0800574f   Thumb Code     0  rt_memclr.o(.text)
    __rt_memclr                              0x0800574f   Thumb Code    68  rt_memclr.o(.text)
    _memset                                  0x08005753   Thumb Code     0  rt_memclr.o(.text)
    __aeabi_memclr4                          0x08005793   Thumb Code     0  rt_memclr_w.o(.text)
    __aeabi_memclr8                          0x08005793   Thumb Code     0  rt_memclr_w.o(.text)
    __rt_memclr_w                            0x08005793   Thumb Code    78  rt_memclr_w.o(.text)
    _memset_w                                0x08005797   Thumb Code     0  rt_memclr_w.o(.text)
    strcmp                                   0x080057e1   Thumb Code   128  strcmpv7m.o(.text)
    __use_two_region_memory                  0x08005861   Thumb Code     2  heapauxi.o(.text)
    __rt_heap_escrow$2region                 0x08005863   Thumb Code     2  heapauxi.o(.text)
    __rt_heap_expand$2region                 0x08005865   Thumb Code     2  heapauxi.o(.text)
    __read_errno                             0x08005867   Thumb Code    10  _rserrno.o(.text)
    __set_errno                              0x08005871   Thumb Code    12  _rserrno.o(.text)
    _printf_int_common                       0x0800587d   Thumb Code   178  _printf_intcommon.o(.text)
    __lib_sel_fp_printf                      0x0800592f   Thumb Code     2  _printf_fp_dec.o(.text)
    _printf_fp_dec_real                      0x08005ae1   Thumb Code   620  _printf_fp_dec.o(.text)
    _printf_char_common                      0x08005d57   Thumb Code    32  _printf_char_common.o(.text)
    _sputc                                   0x08005d7d   Thumb Code    10  _sputc.o(.text)
    _snputc                                  0x08005d87   Thumb Code    16  _snputc.o(.text)
    _printf_cs_common                        0x08005d97   Thumb Code    20  _printf_char.o(.text)
    _printf_char                             0x08005dab   Thumb Code    16  _printf_char.o(.text)
    _printf_string                           0x08005dbb   Thumb Code     8  _printf_char.o(.text)
    _chval                                   0x08005dc3   Thumb Code    28  _chval.o(.text)
    _scanf_really_real                       0x0800602d   Thumb Code   684  scanf_fp.o(.text)
    __vfscanf_char                           0x080062e5   Thumb Code    24  scanf_char.o(.text)
    _sgetc                                   0x08006305   Thumb Code    30  _sgetc.o(.text)
    _sbackspace                              0x08006323   Thumb Code    34  _sgetc.o(.text)
    __aeabi_memmove4                         0x08006345   Thumb Code     0  rt_memmove_w.o(.text)
    __aeabi_memmove8                         0x08006345   Thumb Code     0  rt_memmove_w.o(.text)
    __rt_memmove_w                           0x08006345   Thumb Code   122  rt_memmove_w.o(.text)
    __memmove_aligned                        0x0800636b   Thumb Code     0  rt_memmove_w.o(.text)
    __memmove_lastfew_aligned                0x080063a3   Thumb Code     0  rt_memmove_w.o(.text)
    __rt_locale                              0x080063c1   Thumb Code     8  rt_locale_intlibspace.o(.text)
    __aeabi_errno_addr                       0x080063c9   Thumb Code     8  rt_errno_addr_intlibspace.o(.text)
    __errno$intlibspace                      0x080063c9   Thumb Code     0  rt_errno_addr_intlibspace.o(.text)
    __rt_errno_addr$intlibspace              0x080063c9   Thumb Code     0  rt_errno_addr_intlibspace.o(.text)
    _ll_udiv10                               0x080063d1   Thumb Code   138  lludiv10.o(.text)
    isspace                                  0x0800645b   Thumb Code    18  isspace.o(.text)
    _printf_fp_infnan                        0x0800646d   Thumb Code   112  _printf_fp_infnan.o(.text)
    __vfscanf                                0x080064ed   Thumb Code   878  _scanf.o(.text)
    _btod_etento                             0x08006861   Thumb Code   224  bigflt0.o(.text)
    __user_libspace                          0x08006945   Thumb Code     8  libspace.o(.text)
    __user_perproc_libspace                  0x08006945   Thumb Code     0  libspace.o(.text)
    __user_perthread_libspace                0x08006945   Thumb Code     0  libspace.o(.text)
    __user_setup_stackheap                   0x0800694d   Thumb Code    74  sys_stackheap_outer.o(.text)
    __rt_ctype_table                         0x08006999   Thumb Code    16  rt_ctype_table.o(.text)
    _scanf_really_hex_real                   0x080069a9   Thumb Code   786  scanf_hexfp.o(.text)
    _scanf_really_infnan                     0x08006cc9   Thumb Code   292  scanf_infnan.o(.text)
    exit                                     0x08006dfd   Thumb Code    18  exit.o(.text)
    __aeabi_llsl                             0x08006e0f   Thumb Code     0  llshl.o(.text)
    _ll_shift_l                              0x08006e0f   Thumb Code    38  llshl.o(.text)
    _sys_exit                                0x08006e35   Thumb Code     8  sys_exit.o(.text)
    __I$use$semihosting                      0x08006e41   Thumb Code     0  use_no_semi.o(.text)
    __use_no_semihosting_swi                 0x08006e41   Thumb Code     2  use_no_semi.o(.text)
    __semihosting_library_function           0x08006e43   Thumb Code     0  indicate_semi.o(.text)
    _btod_d2e                                0x08006e43   Thumb Code    62  btod.o(CL$$btod_d2e)
    _d2e_denorm_low                          0x08006e81   Thumb Code    70  btod.o(CL$$btod_d2e_denorm_low)
    _d2e_norm_op1                            0x08006ec7   Thumb Code    96  btod.o(CL$$btod_d2e_norm_op1)
    __btod_div_common                        0x08006f27   Thumb Code   696  btod.o(CL$$btod_div_common)
    _e2d                                     0x08007261   Thumb Code   122  btod.o(CL$$btod_e2d)
    _e2e                                     0x080072e5   Thumb Code   220  btod.o(CL$$btod_e2e)
    _btod_ediv                               0x080073c1   Thumb Code    42  btod.o(CL$$btod_ediv)
    _btod_edivd                              0x080073eb   Thumb Code    42  btod.o(CL$$btod_edivd)
    _btod_emul                               0x08007415   Thumb Code    42  btod.o(CL$$btod_emul)
    _btod_emuld                              0x0800743f   Thumb Code    42  btod.o(CL$$btod_emuld)
    __btod_mult_common                       0x08007469   Thumb Code   580  btod.o(CL$$btod_mult_common)
    __ARM_fpclassify                         0x080076ad   Thumb Code    48  fpclassify.o(i.__ARM_fpclassify)
    __hardfp___mathlib_tofloat               0x080076e1   Thumb Code   232  narrow.o(i.__hardfp___mathlib_tofloat)
    __hardfp_copysignf                       0x080077d9   Thumb Code    18  copysignf.o(i.__hardfp_copysignf)
    __hardfp_ldexp                           0x080077f1   Thumb Code   200  ldexp.o(i.__hardfp_ldexp)
    __hardfp_lroundf                         0x080078c1   Thumb Code   194  lroundf.o(i.__hardfp_lroundf)
    __mathlib_dbl_overflow                   0x08007989   Thumb Code    24  dunder.o(i.__mathlib_dbl_overflow)
    __mathlib_dbl_underflow                  0x080079a9   Thumb Code    24  dunder.o(i.__mathlib_dbl_underflow)
    __mathlib_narrow                         0x080079c9   Thumb Code    18  narrow.o(i.__mathlib_narrow)
    __support_ldexp                          0x080079db   Thumb Code    20  ldexp.o(i.__support_ldexp)
    _is_digit                                0x080079ef   Thumb Code    14  __printf_wp.o(i._is_digit)
    __softfp_copysignf                       0x080079fd   Thumb Code     0  copysignf.o(i.copysignf)
    copysignf                                0x080079fd   Thumb Code    16  copysignf.o(i.copysignf)
    frexp                                    0x08007a11   Thumb Code   118  frexp.o(i.frexp)
    _get_lc_numeric                          0x08007a9d   Thumb Code    44  lc_numeric_c.o(locale$$code)
    _get_lc_ctype                            0x08007ac9   Thumb Code    44  lc_ctype_c.o(locale$$code)
    __aeabi_d2f                              0x08007af5   Thumb Code     0  d2f.o(x$fpl$d2f)
    _d2f                                     0x08007af5   Thumb Code    98  d2f.o(x$fpl$d2f)
    __fpl_dcheck_NaN1                        0x08007b59   Thumb Code    10  dcheck1.o(x$fpl$dcheck1)
    __fpl_dcmp_Inf                           0x08007b69   Thumb Code    24  dcmpi.o(x$fpl$dcmpinf)
    __aeabi_cdcmpeq                          0x08007b81   Thumb Code     0  deqf.o(x$fpl$deqf)
    _dcmpeq                                  0x08007b81   Thumb Code   120  deqf.o(x$fpl$deqf)
    __aeabi_cdcmple                          0x08007bf9   Thumb Code     0  dleqf.o(x$fpl$dleqf)
    _dcmple                                  0x08007bf9   Thumb Code   120  dleqf.o(x$fpl$dleqf)
    __fpl_dcmple_InfNaN                      0x08007c5b   Thumb Code     0  dleqf.o(x$fpl$dleqf)
    __aeabi_dmul                             0x08007c71   Thumb Code     0  dmul.o(x$fpl$dmul)
    _dmul                                    0x08007c71   Thumb Code   332  dmul.o(x$fpl$dmul)
    __fpl_dnaninf                            0x08007dc5   Thumb Code   156  dnaninf.o(x$fpl$dnaninf)
    __fpl_dretinf                            0x08007e61   Thumb Code    12  dretinf.o(x$fpl$dretinf)
    __aeabi_cdrcmple                         0x08007e6d   Thumb Code     0  drleqf.o(x$fpl$drleqf)
    _drcmple                                 0x08007e6d   Thumb Code   108  drleqf.o(x$fpl$drleqf)
    __aeabi_f2d                              0x08007ed9   Thumb Code     0  f2d.o(x$fpl$f2d)
    _f2d                                     0x08007ed9   Thumb Code    86  f2d.o(x$fpl$f2d)
    _ffix_r                                  0x08007f2f   Thumb Code    14  ffix.o(x$fpl$ffixr)
    __fpl_fnaninf                            0x08007f3d   Thumb Code   140  fnaninf.o(x$fpl$fnaninf)
    _fp_init                                 0x08007fc9   Thumb Code    10  fpinit.o(x$fpl$fpinit)
    __fplib_config_fpu_vfp                   0x08007fd1   Thumb Code     0  fpinit.o(x$fpl$fpinit)
    __fplib_config_pureend_doubles           0x08007fd1   Thumb Code     0  fpinit.o(x$fpl$fpinit)
    __fpl_fretinf                            0x08007fd3   Thumb Code    10  fretinf.o(x$fpl$fretinf)
    _frnd                                    0x08007fdd   Thumb Code    96  frnd.o(x$fpl$frnd)
    __ieee_status                            0x0800803d   Thumb Code     6  istatus.o(x$fpl$ieeestatus)
    _printf_fp_dec                           0x08008043   Thumb Code     4  printf1.o(x$fpl$printf1)
    __fpl_return_NaN                         0x08008047   Thumb Code   100  retnan.o(x$fpl$retnan)
    __ARM_scalbn                             0x080080ab   Thumb Code    92  scalbn.o(x$fpl$scalbn)
    _scanf_real                              0x08008107   Thumb Code     4  scanf1.o(x$fpl$scanf1)
    _scanf_hex_real                          0x0800810b   Thumb Code     4  scanf2.o(x$fpl$scanf2)
    _scanf_infnan                            0x0800810f   Thumb Code     4  scanf2.o(x$fpl$scanf2)
    __fpl_cmpreturn                          0x08008113   Thumb Code    48  trapv.o(x$fpl$trapveneer)
    __I$use$fp                               0x08008142   Number         0  usenofp.o(x$fpl$usenofp)
    config                                   0x08008144   Data         468  config.o(.constdata)
    Region$$Table$$Base                      0x080084fc   Number         0  anon$$obj.o(Region$$Table)
    Region$$Table$$Limit                     0x0800851c   Number         0  anon$$obj.o(Region$$Table)
    __aeabi_HUGE_VAL                         0x0800851c   Data           0  fpconst.o(c$$dinf)
    __aeabi_HUGE_VALL                        0x0800851c   Data           0  fpconst.o(c$$dinf)
    __aeabi_INFINITY                         0x0800851c   Data           0  fpconst.o(c$$dinf)
    __dInf                                   0x0800851c   Data           0  fpconst.o(c$$dinf)
    __huge_val                               0x0800851c   Data           0  fpconst.o(c$$dinf)
    __dbl_max                                0x08008524   Data           0  fpconst.o(c$$dmax)
    __ctype                                  0x08008555   Data           0  lc_ctype_c.o(locale$$data)
    SystemCoreClock                          0x20000038   Data           4  system_stm32f4xx.o(.data)
    AHBPrescTable                            0x2000003c   Data          16  system_stm32f4xx.o(.data)
    transfer                                 0x20000328   Data          68  transfer.o(.bss)
    __libspace_start                         0x2000036c   Data          96  libspace.o(.bss)
    __temporary_stack_top$libspace           0x200003cc   Data           0  libspace.o(.bss)



==============================================================================

Memory Map of the image

  Image Entry point : 0x08000189

  Load Region LR_IROM1 (Base: 0x08000000, Size: 0x000086b8, Max: 0x00100000, ABSOLUTE)

    Execution Region ER_IROM1 (Exec base: 0x08000000, Load base: 0x08000000, Size: 0x00008658, Max: 0x00100000, ABSOLUTE)

    Exec Addr    Load Addr    Size         Type   Attr      Idx    E Section Name        Object

    0x08000000   0x08000000   0x00000188   Data   RO          417    RESET               startup_stm32f40_41xxx.o
    0x08000188   0x08000188   0x00000008   Code   RO          482  * !!!main             c_w.l(__main.o)
    0x08000190   0x08000190   0x00000034   Code   RO          845    !!!scatter          c_w.l(__scatter.o)
    0x080001c4   0x080001c4   0x0000001a   Code   RO          847    !!handler_copy      c_w.l(__scatter_copy.o)
    0x080001de   0x080001de   0x00000002   PAD
    0x080001e0   0x080001e0   0x0000001c   Code   RO          849    !!handler_zi        c_w.l(__scatter_zi.o)
    0x080001fc   0x080001fc   0x00000000   Code   RO          461    .ARM.Collect$$_printf_percent$$00000000  c_w.l(_printf_percent.o)
    0x080001fc   0x080001fc   0x00000006   Code   RO          460    .ARM.Collect$$_printf_percent$$00000003  c_w.l(_printf_f.o)
    0x08000202   0x08000202   0x00000006   Code   RO          458    .ARM.Collect$$_printf_percent$$00000009  c_w.l(_printf_d.o)
    0x08000208   0x08000208   0x00000006   Code   RO          459    .ARM.Collect$$_printf_percent$$0000000A  c_w.l(_printf_u.o)
    0x0800020e   0x0800020e   0x00000006   Code   RO          457    .ARM.Collect$$_printf_percent$$00000014  c_w.l(_printf_s.o)
    0x08000214   0x08000214   0x00000004   Code   RO          517    .ARM.Collect$$_printf_percent$$00000017  c_w.l(_printf_percent_end.o)
    0x08000218   0x08000218   0x00000002   Code   RO          642    .ARM.Collect$$libinit$$00000000  c_w.l(libinit.o)
    0x0800021a   0x0800021a   0x00000004   Code   RO          643    .ARM.Collect$$libinit$$00000001  c_w.l(libinit2.o)
    0x0800021e   0x0800021e   0x00000000   Code   RO          646    .ARM.Collect$$libinit$$00000004  c_w.l(libinit2.o)
    0x0800021e   0x0800021e   0x00000000   Code   RO          649    .ARM.Collect$$libinit$$0000000A  c_w.l(libinit2.o)
    0x0800021e   0x0800021e   0x00000000   Code   RO          651    .ARM.Collect$$libinit$$0000000C  c_w.l(libinit2.o)
    0x0800021e   0x0800021e   0x00000000   Code   RO          653    .ARM.Collect$$libinit$$0000000E  c_w.l(libinit2.o)
    0x0800021e   0x0800021e   0x00000006   Code   RO          654    .ARM.Collect$$libinit$$0000000F  c_w.l(libinit2.o)
    0x08000224   0x08000224   0x00000000   Code   RO          656    .ARM.Collect$$libinit$$00000011  c_w.l(libinit2.o)
    0x08000224   0x08000224   0x0000000c   Code   RO          657    .ARM.Collect$$libinit$$00000012  c_w.l(libinit2.o)
    0x08000230   0x08000230   0x00000000   Code   RO          658    .ARM.Collect$$libinit$$00000013  c_w.l(libinit2.o)
    0x08000230   0x08000230   0x00000000   Code   RO          660    .ARM.Collect$$libinit$$00000015  c_w.l(libinit2.o)
    0x08000230   0x08000230   0x0000000a   Code   RO          661    .ARM.Collect$$libinit$$00000016  c_w.l(libinit2.o)
    0x0800023a   0x0800023a   0x00000000   Code   RO          662    .ARM.Collect$$libinit$$00000017  c_w.l(libinit2.o)
    0x0800023a   0x0800023a   0x00000000   Code   RO          664    .ARM.Collect$$libinit$$00000019  c_w.l(libinit2.o)
    0x0800023a   0x0800023a   0x00000000   Code   RO          666    .ARM.Collect$$libinit$$0000001B  c_w.l(libinit2.o)
    0x0800023a   0x0800023a   0x00000000   Code   RO          668    .ARM.Collect$$libinit$$0000001D  c_w.l(libinit2.o)
    0x0800023a   0x0800023a   0x00000000   Code   RO          670    .ARM.Collect$$libinit$$0000001F  c_w.l(libinit2.o)
    0x0800023a   0x0800023a   0x00000000   Code   RO          672    .ARM.Collect$$libinit$$00000021  c_w.l(libinit2.o)
    0x0800023a   0x0800023a   0x00000000   Code   RO          674    .ARM.Collect$$libinit$$00000023  c_w.l(libinit2.o)
    0x0800023a   0x0800023a   0x00000000   Code   RO          676    .ARM.Collect$$libinit$$00000025  c_w.l(libinit2.o)
    0x0800023a   0x0800023a   0x00000000   Code   RO          680    .ARM.Collect$$libinit$$0000002C  c_w.l(libinit2.o)
    0x0800023a   0x0800023a   0x00000000   Code   RO          682    .ARM.Collect$$libinit$$0000002E  c_w.l(libinit2.o)
    0x0800023a   0x0800023a   0x00000000   Code   RO          684    .ARM.Collect$$libinit$$00000030  c_w.l(libinit2.o)
    0x0800023a   0x0800023a   0x00000000   Code   RO          686    .ARM.Collect$$libinit$$00000032  c_w.l(libinit2.o)
    0x0800023a   0x0800023a   0x00000002   Code   RO          687    .ARM.Collect$$libinit$$00000033  c_w.l(libinit2.o)
    0x0800023c   0x0800023c   0x00000002   Code   RO          777    .ARM.Collect$$libshutdown$$00000000  c_w.l(libshutdown.o)
    0x0800023e   0x0800023e   0x00000000   Code   RO          800    .ARM.Collect$$libshutdown$$00000002  c_w.l(libshutdown2.o)
    0x0800023e   0x0800023e   0x00000000   Code   RO          802    .ARM.Collect$$libshutdown$$00000004  c_w.l(libshutdown2.o)
    0x0800023e   0x0800023e   0x00000000   Code   RO          805    .ARM.Collect$$libshutdown$$00000007  c_w.l(libshutdown2.o)
    0x0800023e   0x0800023e   0x00000000   Code   RO          808    .ARM.Collect$$libshutdown$$0000000A  c_w.l(libshutdown2.o)
    0x0800023e   0x0800023e   0x00000000   Code   RO          810    .ARM.Collect$$libshutdown$$0000000C  c_w.l(libshutdown2.o)
    0x0800023e   0x0800023e   0x00000000   Code   RO          813    .ARM.Collect$$libshutdown$$0000000F  c_w.l(libshutdown2.o)
    0x0800023e   0x0800023e   0x00000002   Code   RO          814    .ARM.Collect$$libshutdown$$00000010  c_w.l(libshutdown2.o)
    0x08000240   0x08000240   0x00000000   Code   RO          502    .ARM.Collect$$rtentry$$00000000  c_w.l(__rtentry.o)
    0x08000240   0x08000240   0x00000000   Code   RO          540    .ARM.Collect$$rtentry$$00000002  c_w.l(__rtentry2.o)
    0x08000240   0x08000240   0x00000006   Code   RO          552    .ARM.Collect$$rtentry$$00000004  c_w.l(__rtentry4.o)
    0x08000246   0x08000246   0x00000000   Code   RO          542    .ARM.Collect$$rtentry$$00000009  c_w.l(__rtentry2.o)
    0x08000246   0x08000246   0x00000004   Code   RO          543    .ARM.Collect$$rtentry$$0000000A  c_w.l(__rtentry2.o)
    0x0800024a   0x0800024a   0x00000000   Code   RO          545    .ARM.Collect$$rtentry$$0000000C  c_w.l(__rtentry2.o)
    0x0800024a   0x0800024a   0x00000008   Code   RO          546    .ARM.Collect$$rtentry$$0000000D  c_w.l(__rtentry2.o)
    0x08000252   0x08000252   0x00000002   Code   RO          700    .ARM.Collect$$rtexit$$00000000  c_w.l(rtexit.o)
    0x08000254   0x08000254   0x00000000   Code   RO          738    .ARM.Collect$$rtexit$$00000002  c_w.l(rtexit2.o)
    0x08000254   0x08000254   0x00000004   Code   RO          739    .ARM.Collect$$rtexit$$00000003  c_w.l(rtexit2.o)
    0x08000258   0x08000258   0x00000006   Code   RO          740    .ARM.Collect$$rtexit$$00000004  c_w.l(rtexit2.o)
    0x0800025e   0x0800025e   0x00000002   PAD
    0x08000260   0x08000260   0x000004ec   Code   RO            1    .text               config.o
    0x0800074c   0x0800074c   0x00000660   Code   RO           31    .text               main.o
    0x08000dac   0x08000dac   0x00000c30   Code   RO           70    .text               platform.o
    0x080019dc   0x080019dc   0x00000198   Code   RO          202    .text               protocol.o
    0x08001b74   0x08001b74   0x00000210   Code   RO          216    .text               system_stm32f4xx.o
    0x08001d84   0x08001d84   0x00000ab4   Code   RO          244    .text               transfer.o
    0x08002838   0x08002838   0x00000432   Code   RO          275    .text               emm_v5.o
    0x08002c6a   0x08002c6a   0x00000002   PAD
    0x08002c6c   0x08002c6c   0x000000e0   Code   RO          295    .text               misc.o
    0x08002d4c   0x08002d4c   0x0000065c   Code   RO          315    .text               stm32f4xx_rcc.o
    0x080033a8   0x080033a8   0x00000294   Code   RO          337    .text               stm32f4xx_gpio.o
    0x0800363c   0x0800363c   0x00000ca2   Code   RO          357    .text               stm32f4xx_tim.o
    0x080042de   0x080042de   0x00000002   PAD
    0x080042e0   0x080042e0   0x00000454   Code   RO          377    .text               stm32f4xx_usart.o
    0x08004734   0x08004734   0x000009f0   Code   RO          397    .text               stm32f4xx_can.o
    0x08005124   0x08005124   0x00000040   Code   RO          418    .text               startup_stm32f40_41xxx.o
    0x08005164   0x08005164   0x00000034   Code   RO          429    .text               c_w.l(noretval__2snprintf.o)
    0x08005198   0x08005198   0x00000052   Code   RO          433    .text               c_w.l(_printf_str.o)
    0x080051ea   0x080051ea   0x00000002   PAD
    0x080051ec   0x080051ec   0x00000078   Code   RO          435    .text               c_w.l(_printf_dec.o)
    0x08005264   0x08005264   0x0000010e   Code   RO          445    .text               c_w.l(__printf_wp.o)
    0x08005372   0x08005372   0x00000002   PAD
    0x08005374   0x08005374   0x0000003c   Code   RO          462    .text               c_w.l(__0sscanf.o)
    0x080053b0   0x080053b0   0x0000014c   Code   RO          464    .text               c_w.l(_scanf_int.o)
    0x080054fc   0x080054fc   0x000000e0   Code   RO          466    .text               c_w.l(_scanf_str.o)
    0x080055dc   0x080055dc   0x0000008a   Code   RO          468    .text               c_w.l(rt_memcpy_v6.o)
    0x08005666   0x08005666   0x00000084   Code   RO          470    .text               c_w.l(rt_memmove_v6.o)
    0x080056ea   0x080056ea   0x00000064   Code   RO          472    .text               c_w.l(rt_memcpy_w.o)
    0x0800574e   0x0800574e   0x00000044   Code   RO          474    .text               c_w.l(rt_memclr.o)
    0x08005792   0x08005792   0x0000004e   Code   RO          476    .text               c_w.l(rt_memclr_w.o)
    0x080057e0   0x080057e0   0x00000080   Code   RO          478    .text               c_w.l(strcmpv7m.o)
    0x08005860   0x08005860   0x00000006   Code   RO          480    .text               c_w.l(heapauxi.o)
    0x08005866   0x08005866   0x00000016   Code   RO          503    .text               c_w.l(_rserrno.o)
    0x0800587c   0x0800587c   0x000000b2   Code   RO          505    .text               c_w.l(_printf_intcommon.o)
    0x0800592e   0x0800592e   0x0000041e   Code   RO          507    .text               c_w.l(_printf_fp_dec.o)
    0x08005d4c   0x08005d4c   0x00000030   Code   RO          509    .text               c_w.l(_printf_char_common.o)
    0x08005d7c   0x08005d7c   0x0000000a   Code   RO          511    .text               c_w.l(_sputc.o)
    0x08005d86   0x08005d86   0x00000010   Code   RO          513    .text               c_w.l(_snputc.o)
    0x08005d96   0x08005d96   0x0000002c   Code   RO          515    .text               c_w.l(_printf_char.o)
    0x08005dc2   0x08005dc2   0x0000001c   Code   RO          518    .text               c_w.l(_chval.o)
    0x08005dde   0x08005dde   0x00000002   PAD
    0x08005de0   0x08005de0   0x000004f8   Code   RO          520    .text               c_w.l(scanf_fp.o)
    0x080062d8   0x080062d8   0x0000002c   Code   RO          522    .text               c_w.l(scanf_char.o)
    0x08006304   0x08006304   0x00000040   Code   RO          524    .text               c_w.l(_sgetc.o)
    0x08006344   0x08006344   0x0000007a   Code   RO          526    .text               c_w.l(rt_memmove_w.o)
    0x080063be   0x080063be   0x00000002   PAD
    0x080063c0   0x080063c0   0x00000008   Code   RO          557    .text               c_w.l(rt_locale_intlibspace.o)
    0x080063c8   0x080063c8   0x00000008   Code   RO          562    .text               c_w.l(rt_errno_addr_intlibspace.o)
    0x080063d0   0x080063d0   0x0000008a   Code   RO          564    .text               c_w.l(lludiv10.o)
    0x0800645a   0x0800645a   0x00000012   Code   RO          566    .text               c_w.l(isspace.o)
    0x0800646c   0x0800646c   0x00000080   Code   RO          568    .text               c_w.l(_printf_fp_infnan.o)
    0x080064ec   0x080064ec   0x00000374   Code   RO          572    .text               c_w.l(_scanf.o)
    0x08006860   0x08006860   0x000000e4   Code   RO          574    .text               c_w.l(bigflt0.o)
    0x08006944   0x08006944   0x00000008   Code   RO          624    .text               c_w.l(libspace.o)
    0x0800694c   0x0800694c   0x0000004a   Code   RO          627    .text               c_w.l(sys_stackheap_outer.o)
    0x08006996   0x08006996   0x00000002   PAD
    0x08006998   0x08006998   0x00000010   Code   RO          629    .text               c_w.l(rt_ctype_table.o)
    0x080069a8   0x080069a8   0x00000320   Code   RO          631    .text               c_w.l(scanf_hexfp.o)
    0x08006cc8   0x08006cc8   0x00000134   Code   RO          633    .text               c_w.l(scanf_infnan.o)
    0x08006dfc   0x08006dfc   0x00000012   Code   RO          635    .text               c_w.l(exit.o)
    0x08006e0e   0x08006e0e   0x00000026   Code   RO          702    .text               c_w.l(llshl.o)
    0x08006e34   0x08006e34   0x0000000c   Code   RO          767    .text               c_w.l(sys_exit.o)
    0x08006e40   0x08006e40   0x00000002   Code   RO          790    .text               c_w.l(use_no_semi.o)
    0x08006e42   0x08006e42   0x00000000   Code   RO          792    .text               c_w.l(indicate_semi.o)
    0x08006e42   0x08006e42   0x0000003e   Code   RO          577    CL$$btod_d2e        c_w.l(btod.o)
    0x08006e80   0x08006e80   0x00000046   Code   RO          579    CL$$btod_d2e_denorm_low  c_w.l(btod.o)
    0x08006ec6   0x08006ec6   0x00000060   Code   RO          578    CL$$btod_d2e_norm_op1  c_w.l(btod.o)
    0x08006f26   0x08006f26   0x00000338   Code   RO          587    CL$$btod_div_common  c_w.l(btod.o)
    0x0800725e   0x0800725e   0x00000002   PAD
    0x08007260   0x08007260   0x00000084   Code   RO          585    CL$$btod_e2d        c_w.l(btod.o)
    0x080072e4   0x080072e4   0x000000dc   Code   RO          584    CL$$btod_e2e        c_w.l(btod.o)
    0x080073c0   0x080073c0   0x0000002a   Code   RO          581    CL$$btod_ediv       c_w.l(btod.o)
    0x080073ea   0x080073ea   0x0000002a   Code   RO          583    CL$$btod_edivd      c_w.l(btod.o)
    0x08007414   0x08007414   0x0000002a   Code   RO          580    CL$$btod_emul       c_w.l(btod.o)
    0x0800743e   0x0800743e   0x0000002a   Code   RO          582    CL$$btod_emuld      c_w.l(btod.o)
    0x08007468   0x08007468   0x00000244   Code   RO          586    CL$$btod_mult_common  c_w.l(btod.o)
    0x080076ac   0x080076ac   0x00000030   Code   RO          614    i.__ARM_fpclassify  m_wm.l(fpclassify.o)
    0x080076dc   0x080076dc   0x00000004   PAD
    0x080076e0   0x080076e0   0x000000f8   Code   RO          616    i.__hardfp___mathlib_tofloat  m_wm.l(narrow.o)
    0x080077d8   0x080077d8   0x00000012   Code   RO          498    i.__hardfp_copysignf  m_wm.l(copysignf.o)
    0x080077ea   0x080077ea   0x00000006   PAD
    0x080077f0   0x080077f0   0x000000d0   Code   RO          721    i.__hardfp_ldexp    m_wm.l(ldexp.o)
    0x080078c0   0x080078c0   0x000000c2   Code   RO          490    i.__hardfp_lroundf  m_wm.l(lroundf.o)
    0x08007982   0x08007982   0x00000006   PAD
    0x08007988   0x08007988   0x00000020   Code   RO          754    i.__mathlib_dbl_overflow  m_wm.l(dunder.o)
    0x080079a8   0x080079a8   0x00000020   Code   RO          756    i.__mathlib_dbl_underflow  m_wm.l(dunder.o)
    0x080079c8   0x080079c8   0x00000012   Code   RO          617    i.__mathlib_narrow  m_wm.l(narrow.o)
    0x080079da   0x080079da   0x00000014   Code   RO          723    i.__support_ldexp   m_wm.l(ldexp.o)
    0x080079ee   0x080079ee   0x0000000e   Code   RO          447    i._is_digit         c_w.l(__printf_wp.o)
    0x080079fc   0x080079fc   0x00000010   Code   RO          500    i.copysignf         m_wm.l(copysignf.o)
    0x08007a0c   0x08007a0c   0x00000004   PAD
    0x08007a10   0x08007a10   0x0000008c   Code   RO          696    i.frexp             m_wm.l(frexp.o)
    0x08007a9c   0x08007a9c   0x0000002c   Code   RO          600    locale$$code        c_w.l(lc_numeric_c.o)
    0x08007ac8   0x08007ac8   0x0000002c   Code   RO          705    locale$$code        c_w.l(lc_ctype_c.o)
    0x08007af4   0x08007af4   0x00000062   Code   RO          688    x$fpl$d2f           fz_wm.l(d2f.o)
    0x08007b56   0x08007b56   0x00000002   PAD
    0x08007b58   0x08007b58   0x00000010   Code   RO          784    x$fpl$dcheck1       fz_wm.l(dcheck1.o)
    0x08007b68   0x08007b68   0x00000018   Code   RO          709    x$fpl$dcmpinf       fz_wm.l(dcmpi.o)
    0x08007b80   0x08007b80   0x00000078   Code   RO          690    x$fpl$deqf          fz_wm.l(deqf.o)
    0x08007bf8   0x08007bf8   0x00000078   Code   RO          711    x$fpl$dleqf         fz_wm.l(dleqf.o)
    0x08007c70   0x08007c70   0x00000154   Code   RO          713    x$fpl$dmul          fz_wm.l(dmul.o)
    0x08007dc4   0x08007dc4   0x0000009c   Code   RO          715    x$fpl$dnaninf       fz_wm.l(dnaninf.o)
    0x08007e60   0x08007e60   0x0000000c   Code   RO          528    x$fpl$dretinf       fz_wm.l(dretinf.o)
    0x08007e6c   0x08007e6c   0x0000006c   Code   RO          692    x$fpl$drleqf        fz_wm.l(drleqf.o)
    0x08007ed8   0x08007ed8   0x00000056   Code   RO          484    x$fpl$f2d           fz_wm.l(f2d.o)
    0x08007f2e   0x08007f2e   0x0000000e   Code   RO          531    x$fpl$ffixr         fz_wm.l(ffix.o)
    0x08007f3c   0x08007f3c   0x0000008c   Code   RO          534    x$fpl$fnaninf       fz_wm.l(fnaninf.o)
    0x08007fc8   0x08007fc8   0x0000000a   Code   RO          717    x$fpl$fpinit        fz_wm.l(fpinit.o)
    0x08007fd2   0x08007fd2   0x0000000a   Code   RO          719    x$fpl$fretinf       fz_wm.l(fretinf.o)
    0x08007fdc   0x08007fdc   0x00000060   Code   RO          536    x$fpl$frnd          fz_wm.l(frnd.o)
    0x0800803c   0x0800803c   0x00000006   Code   RO          606    x$fpl$ieeestatus    fz_wm.l(istatus.o)
    0x08008042   0x08008042   0x00000004   Code   RO          486    x$fpl$printf1       fz_wm.l(printf1.o)
    0x08008046   0x08008046   0x00000064   Code   RO          815    x$fpl$retnan        fz_wm.l(retnan.o)
    0x080080aa   0x080080aa   0x0000005c   Code   RO          748    x$fpl$scalbn        fz_wm.l(scalbn.o)
    0x08008106   0x08008106   0x00000004   Code   RO          488    x$fpl$scanf1        fz_wm.l(scanf1.o)
    0x0800810a   0x0800810a   0x00000008   Code   RO          608    x$fpl$scanf2        fz_wm.l(scanf2.o)
    0x08008112   0x08008112   0x00000030   Code   RO          821    x$fpl$trapveneer    fz_wm.l(trapv.o)
    0x08008142   0x08008142   0x00000000   Code   RO          538    x$fpl$usenofp       fz_wm.l(usenofp.o)
    0x08008142   0x08008142   0x00000002   PAD
    0x08008144   0x08008144   0x000001d4   Data   RO            2    .constdata          config.o
    0x08008318   0x08008318   0x00000094   Data   RO          575    .constdata          c_w.l(bigflt0.o)
    0x080083ac   0x080083ac   0x0000014e   Data   RO           33    .conststring        main.o
    0x080084fa   0x080084fa   0x00000002   PAD
    0x080084fc   0x080084fc   0x00000020   Data   RO          843    Region$$Table       anon$$obj.o
    0x0800851c   0x0800851c   0x00000008   Data   RO          602    c$$dinf             fz_wm.l(fpconst.o)
    0x08008524   0x08008524   0x00000008   Data   RO          605    c$$dmax             fz_wm.l(fpconst.o)
    0x0800852c   0x0800852c   0x0000001c   Data   RO          599    locale$$data        c_w.l(lc_numeric_c.o)
    0x08008548   0x08008548   0x00000110   Data   RO          704    locale$$data        c_w.l(lc_ctype_c.o)


    Execution Region RW_IRAM1 (Exec base: 0x20000000, Load base: 0x08008658, Size: 0x000009d0, Max: 0x00020000, ABSOLUTE)

    Exec Addr    Load Addr    Size         Type   Attr      Idx    E Section Name        Object

    0x20000000   0x08008658   0x00000004   Data   RW           34    .data               main.o
    0x20000004   0x0800865c   0x00000034   Data   RW           72    .data               platform.o
    0x20000038   0x08008690   0x00000014   Data   RW          217    .data               system_stm32f4xx.o
    0x2000004c   0x080086a4   0x00000004   Data   RW          246    .data               transfer.o
    0x20000050   0x080086a8   0x00000010   Data   RW          316    .data               stm32f4xx_rcc.o
    0x20000060        -       0x0000001c   Zero   RW           32    .bss                main.o
    0x2000007c        -       0x000002ac   Zero   RW           71    .bss                platform.o
    0x20000328        -       0x00000044   Zero   RW          245    .bss                transfer.o
    0x2000036c        -       0x00000060   Zero   RW          625    .bss                c_w.l(libspace.o)
    0x200003cc   0x080086b8   0x00000004   PAD
    0x200003d0        -       0x00000200   Zero   RW          416    HEAP                startup_stm32f40_41xxx.o
    0x200005d0        -       0x00000400   Zero   RW          415    STACK               startup_stm32f40_41xxx.o


==============================================================================

Image component sizes


      Code (inc. data)   RO Data    RW Data    ZI Data      Debug   Object Name

      1260         50        468          0          0      12473   config.o
      1074         18          0          0          0       4998   emm_v5.o
      1632        500        334          4         28       4404   main.o
       224         20          0          0          0       1833   misc.o
      3120        220          0         52        684     322629   platform.o
       408          0          0          0          0       2021   protocol.o
        64         26        392          0       1536        840   startup_stm32f40_41xxx.o
      2544         38          0          0          0       8160   stm32f4xx_can.o
       660         44          0          0          0       4173   stm32f4xx_gpio.o
      1628         52          0         16          0      13052   stm32f4xx_rcc.o
      3234         60          0          0          0      23028   stm32f4xx_tim.o
      1108         34          0          0          0       7896   stm32f4xx_usart.o
       528         46          0         20          0       1819   system_stm32f4xx.o
      2740        342          0          4         68       6260   transfer.o

    ----------------------------------------------------------------------
     20228       1450       1228         96       2316     413586   Object Totals
         0          0         32          0          0          0   (incl. Generated)
         4          0          2          0          0          0   (incl. Padding)

    ----------------------------------------------------------------------

      Code (inc. data)   RO Data    RW Data    ZI Data      Debug   Library Member Name

        60          8          0          0          0         84   __0sscanf.o
         8          0          0          0          0         68   __main.o
       284          0          0          0          0        156   __printf_wp.o
         0          0          0          0          0          0   __rtentry.o
        12          0          0          0          0          0   __rtentry2.o
         6          0          0          0          0          0   __rtentry4.o
        52          8          0          0          0          0   __scatter.o
        26          0          0          0          0          0   __scatter_copy.o
        28          0          0          0          0          0   __scatter_zi.o
        28          0          0          0          0         68   _chval.o
        44          0          0          0          0        108   _printf_char.o
        48          6          0          0          0         96   _printf_char_common.o
         6          0          0          0          0          0   _printf_d.o
       120         16          0          0          0         92   _printf_dec.o
         6          0          0          0          0          0   _printf_f.o
      1054          0          0          0          0        216   _printf_fp_dec.o
       128         16          0          0          0         84   _printf_fp_infnan.o
       178          0          0          0          0         88   _printf_intcommon.o
         0          0          0          0          0          0   _printf_percent.o
         4          0          0          0          0          0   _printf_percent_end.o
         6          0          0          0          0          0   _printf_s.o
        82          0          0          0          0         80   _printf_str.o
         6          0          0          0          0          0   _printf_u.o
        22          0          0          0          0        100   _rserrno.o
       884          6          0          0          0        100   _scanf.o
       332          0          0          0          0         96   _scanf_int.o
       224          0          0          0          0         96   _scanf_str.o
        64          0          0          0          0         84   _sgetc.o
        16          0          0          0          0         68   _snputc.o
        10          0          0          0          0         68   _sputc.o
       228          4        148          0          0         96   bigflt0.o
      2152        136          0          0          0        960   btod.o
        18          0          0          0          0         80   exit.o
         6          0          0          0          0        152   heapauxi.o
         0          0          0          0          0          0   indicate_semi.o
        18          0          0          0          0         76   isspace.o
        44         10        272          0          0         76   lc_ctype_c.o
        44         10         28          0          0         76   lc_numeric_c.o
         2          0          0          0          0          0   libinit.o
        34          0          0          0          0          0   libinit2.o
         2          0          0          0          0          0   libshutdown.o
         2          0          0          0          0          0   libshutdown2.o
         8          4          0          0         96         68   libspace.o
        38          0          0          0          0         68   llshl.o
       138          0          0          0          0         80   lludiv10.o
        52          4          0          0          0         84   noretval__2snprintf.o
        16          4          0          0          0         76   rt_ctype_table.o
         8          4          0          0          0         68   rt_errno_addr_intlibspace.o
         8          4          0          0          0         68   rt_locale_intlibspace.o
        68          0          0          0          0         68   rt_memclr.o
        78          0          0          0          0         80   rt_memclr_w.o
       138          0          0          0          0         68   rt_memcpy_v6.o
       100          0          0          0          0         80   rt_memcpy_w.o
       132          0          0          0          0         68   rt_memmove_v6.o
       122          0          0          0          0         80   rt_memmove_w.o
         2          0          0          0          0          0   rtexit.o
        10          0          0          0          0          0   rtexit2.o
        44          8          0          0          0         84   scanf_char.o
      1272         16          0          0          0        168   scanf_fp.o
       800         14          0          0          0        100   scanf_hexfp.o
       308         16          0          0          0        100   scanf_infnan.o
       128          0          0          0          0         68   strcmpv7m.o
        12          4          0          0          0         68   sys_exit.o
        74          0          0          0          0         80   sys_stackheap_outer.o
         2          0          0          0          0         68   use_no_semi.o
        98          4          0          0          0        140   d2f.o
        16          4          0          0          0        116   dcheck1.o
        24          0          0          0          0        116   dcmpi.o
       120          4          0          0          0        140   deqf.o
       120          4          0          0          0        140   dleqf.o
       340         12          0          0          0        152   dmul.o
       156          4          0          0          0        140   dnaninf.o
        12          0          0          0          0        116   dretinf.o
       108          0          0          0          0        128   drleqf.o
        86          4          0          0          0        132   f2d.o
        14          0          0          0          0        116   ffix.o
       140          4          0          0          0        132   fnaninf.o
         0          0         16          0          0          0   fpconst.o
        10          0          0          0          0        116   fpinit.o
        10          0          0          0          0        116   fretinf.o
        96          4          0          0          0        124   frnd.o
         6          0          0          0          0        116   istatus.o
         4          0          0          0          0        116   printf1.o
       100          0          0          0          0        116   retnan.o
        92          0          0          0          0        116   scalbn.o
         4          0          0          0          0        116   scanf1.o
         8          0          0          0          0        132   scanf2.o
        48          0          0          0          0        116   trapv.o
         0          0          0          0          0          0   usenofp.o
        34          0          0          0          0        240   copysignf.o
        64         16          0          0          0        248   dunder.o
        48          0          0          0          0        124   fpclassify.o
       140         22          0          0          0        132   frexp.o
       228          8          0          0          0        308   ldexp.o
       194          0          0          0          0        144   lroundf.o
       266         16          0          0          0        308   narrow.o

    ----------------------------------------------------------------------
     12472        406        464          0        100       9216   Library Totals
        40          2          0          0          4          0   (incl. Padding)

    ----------------------------------------------------------------------

      Code (inc. data)   RO Data    RW Data    ZI Data      Debug   Library Name

      9846        298        448          0         96       4960   c_w.l
      1612         44         16          0          0       2752   fz_wm.l
       974         62          0          0          0       1504   m_wm.l

    ----------------------------------------------------------------------
     12472        406        464          0        100       9216   Library Totals

    ----------------------------------------------------------------------

==============================================================================


      Code (inc. data)   RO Data    RW Data    ZI Data      Debug   

     32700       1856       1692         96       2416     413694   Grand Totals
     32700       1856       1692         96       2416     413694   ELF Image Totals
     32700       1856       1692         96          0          0   ROM Totals

==============================================================================

    Total RO  Size (Code + RO Data)                34392 (  33.59kB)
    Total RW  Size (RW Data + ZI Data)              2512 (   2.45kB)
    Total ROM Size (Code + RO Data + RW Data)      34488 (  33.68kB)

==============================================================================

